Archive member included to satisfy reference by file (symbol)

../app/libapp.a(math.cpp.obj)
                              (--whole-archive)
../app/libapp.a(mock.cpp.obj)
                              (--whole-archive)
../app/libapp.a(test_assert.cpp.obj)
                              (--whole-archive)
../app/libapp.a(test_math.cpp.obj)
                              (--whole-archive)
../app/libapp.a(test_mock.cpp.obj)
                              (--whole-archive)
libzephyr.a(cbprintf.c.obj)   (--whole-archive)
libzephyr.a(cbprintf_packaged.c.obj)
                              (--whole-archive)
libzephyr.a(crc32c_sw.c.obj)  (--whole-archive)
libzephyr.a(crc32_sw.c.obj)   (--whole-archive)
libzephyr.a(crc16_sw.c.obj)   (--whole-archive)
libzephyr.a(crc8_sw.c.obj)    (--whole-archive)
libzephyr.a(crc7_sw.c.obj)    (--whole-archive)
libzephyr.a(dec.c.obj)        (--whole-archive)
libzephyr.a(fdtable.c.obj)    (--whole-archive)
libzephyr.a(hex.c.obj)        (--whole-archive)
libzephyr.a(notify.c.obj)     (--whole-archive)
libzephyr.a(printk.c.obj)     (--whole-archive)
libzephyr.a(onoff.c.obj)      (--whole-archive)
libzephyr.a(rb.c.obj)         (--whole-archive)
libzephyr.a(sem.c.obj)        (--whole-archive)
libzephyr.a(thread_entry.c.obj)
                              (--whole-archive)
libzephyr.a(timeutil.c.obj)   (--whole-archive)
libzephyr.a(heap.c.obj)       (--whole-archive)
libzephyr.a(heap-validate.c.obj)
                              (--whole-archive)
libzephyr.a(bitarray.c.obj)   (--whole-archive)
libzephyr.a(multi_heap.c.obj)
                              (--whole-archive)
libzephyr.a(cbprintf_complete.c.obj)
                              (--whole-archive)
libzephyr.a(assert.c.obj)     (--whole-archive)
libzephyr.a(mpsc_pbuf.c.obj)  (--whole-archive)
libzephyr.a(configs.c.obj)    (--whole-archive)
libzephyr.a(log_list.c.obj)   (--whole-archive)
libzephyr.a(log_core.c.obj)   (--whole-archive)
libzephyr.a(log_mgmt.c.obj)   (--whole-archive)
libzephyr.a(log_msg.c.obj)    (--whole-archive)
libzephyr.a(log_output.c.obj)
                              (--whole-archive)
libzephyr.a(log_msg2.c.obj)   (--whole-archive)
libzephyr.a(log_backend_native_posix.c.obj)
                              (--whole-archive)
libzephyr.a(cpp_init.c.obj)   (--whole-archive)
libzephyr.a(cpp_init_array.c.obj)
                              (--whole-archive)
libzephyr.a(cpp_ctors.c.obj)  (--whole-archive)
libzephyr.a(cpp_dtors.c.obj)  (--whole-archive)
libzephyr.a(cpp_virtual.c.obj)
                              (--whole-archive)
libzephyr.a(cpp_vtable.cpp.obj)
                              (--whole-archive)
libzephyr.a(cpp_new.cpp.obj)  (--whole-archive)
libzephyr.a(tracing_none.c.obj)
                              (--whole-archive)
arch/arch/posix/core/libarch__posix__core.a(cpuhalt.c.obj)
                              (--whole-archive)
arch/arch/posix/core/libarch__posix__core.a(fatal.c.obj)
                              (--whole-archive)
arch/arch/posix/core/libarch__posix__core.a(irq.c.obj)
                              (--whole-archive)
arch/arch/posix/core/libarch__posix__core.a(posix_core.c.obj)
                              (--whole-archive)
arch/arch/posix/core/libarch__posix__core.a(swap.c.obj)
                              (--whole-archive)
arch/arch/posix/core/libarch__posix__core.a(thread.c.obj)
                              (--whole-archive)
soc/posix/inf_clock/libsoc__posix__inf_clock.a(soc.c.obj)
                              (--whole-archive)
boards/posix/native_posix/libboards__posix__native_posix.a(hw_models_top.c.obj)
                              (--whole-archive)
boards/posix/native_posix/libboards__posix__native_posix.a(timer_model.c.obj)
                              (--whole-archive)
boards/posix/native_posix/libboards__posix__native_posix.a(native_rtc.c.obj)
                              (--whole-archive)
boards/posix/native_posix/libboards__posix__native_posix.a(irq_handler.c.obj)
                              (--whole-archive)
boards/posix/native_posix/libboards__posix__native_posix.a(irq_ctrl.c.obj)
                              (--whole-archive)
boards/posix/native_posix/libboards__posix__native_posix.a(main.c.obj)
                              (--whole-archive)
boards/posix/native_posix/libboards__posix__native_posix.a(tracing.c.obj)
                              (--whole-archive)
boards/posix/native_posix/libboards__posix__native_posix.a(cmdline_common.c.obj)
                              (--whole-archive)
boards/posix/native_posix/libboards__posix__native_posix.a(cmdline.c.obj)
                              (--whole-archive)
boards/posix/native_posix/libboards__posix__native_posix.a(cpu_wait.c.obj)
                              (--whole-archive)
boards/posix/native_posix/libboards__posix__native_posix.a(hw_counter.c.obj)
                              (--whole-archive)
subsys/testsuite/ztest/libsubsys__testsuite__ztest.a(ztest_new.c.obj)
                              (--whole-archive)
[...]
Memory Configuration

Name             Origin             Length             Attributes
*default*        0x0000000000000000 0xffffffffffffffff

Linker script and memory map

LOAD ../app/libapp.a
LOAD libzephyr.a
LOAD arch/arch/posix/core/libarch__posix__core.a
LOAD soc/posix/inf_clock/libsoc__posix__inf_clock.a
LOAD boards/posix/native_posix/libboards__posix__native_posix.a
LOAD subsys/testsuite/ztest/libsubsys__testsuite__ztest.a
LOAD drivers/console/libdrivers__console.a
LOAD drivers/timer/libdrivers__timer.a
LOAD kernel/libkernel.a
LOAD /usr/lib/gcc/x86_64-linux-gnu/9/../../../../lib32/libdl.so
LOAD /usr/lib/gcc/x86_64-linux-gnu/9/32/libstdc++.so
LOAD /usr/lib/gcc/x86_64-linux-gnu/9/../../../../lib32/libm.so
LOAD /usr/lib/gcc/x86_64-linux-gnu/9/32/libgcc_s.so
START GROUP
LOAD /usr/lib/gcc/x86_64-linux-gnu/9/../../../../lib32/libgcc_s.so.1
LOAD /usr/lib/gcc/x86_64-linux-gnu/9/32/libgcc.a
END GROUP
LOAD /usr/lib/gcc/x86_64-linux-gnu/9/32/libgcc.a
LOAD /usr/lib/gcc/x86_64-linux-gnu/9/../../../../lib32/libpthread.so
LOAD /usr/lib/gcc/x86_64-linux-gnu/9/../../../../lib32/libc.so
START GROUP
LOAD /lib32/libc.so.6
LOAD /usr/lib32/libc_nonshared.a
LOAD /lib32/ld-linux.so.2
END GROUP
LOAD /usr/lib/gcc/x86_64-linux-gnu/9/32/libgcc_s.so
START GROUP
LOAD /usr/lib/gcc/x86_64-linux-gnu/9/../../../../lib32/libgcc_s.so.1
LOAD /usr/lib/gcc/x86_64-linux-gnu/9/32/libgcc.a
END GROUP
LOAD /usr/lib/gcc/x86_64-linux-gnu/9/32/libgcc.a
LOAD /usr/lib/gcc/x86_64-linux-gnu/9/32/crtend.o
LOAD /usr/lib/gcc/x86_64-linux-gnu/9/../../../../lib32/crtn.o
                [!provide]                        PROVIDE (__executable_start = SEGMENT_START ("text-segment", 0x8048000))
                0x00000000080481b4                . = (SEGMENT_START ("text-segment", 0x8048000) + SIZEOF_HEADERS)

.interp         0x00000000080481b4       0x13
 *(SORT_BY_ALIGNMENT(.interp))
 .interp        0x00000000080481b4       0x13 /usr/lib/gcc/x86_64-linux-gnu/9/../../../../lib32/crt1.o

.note.gnu.property
                0x00000000080481c8       0x1c
 .note.gnu.property
                0x00000000080481c8       0x1c /usr/lib/gcc/x86_64-linux-gnu/9/../../../../lib32/crt1.o

.note.ABI-tag   0x00000000080481e4       0x20
 .note.ABI-tag  0x00000000080481e4       0x20 /usr/lib/gcc/x86_64-linux-gnu/9/../../../../lib32/crt1.o

.note.gnu.build-id
 *(SORT_BY_ALIGNMENT(.note.gnu.build-id))

.hash
 *(SORT_BY_ALIGNMENT(.hash))

.gnu.hash       0x0000000008048204       0x34
 *(SORT_BY_ALIGNMENT(.gnu.hash))
 .gnu.hash      0x0000000008048204       0x34 /usr/lib/gcc/x86_64-linux-gnu/9/../../../../lib32/crt1.o

.dynsym         0x0000000008048238      0x320
 *(SORT_BY_ALIGNMENT(.dynsym))
 .dynsym        0x0000000008048238      0x320 /usr/lib/gcc/x86_64-linux-gnu/9/../../../../lib32/crt1.o

.dynstr         0x0000000008048558      0x2cd
 *(SORT_BY_ALIGNMENT(.dynstr))
 .dynstr        0x0000000008048558      0x2cd /usr/lib/gcc/x86_64-linux-gnu/9/../../../../lib32/crt1.o

.gnu.version    0x0000000008048826       0x64
 *(SORT_BY_ALIGNMENT(.gnu.version))
 .gnu.version   0x0000000008048826       0x64 /usr/lib/gcc/x86_64-linux-gnu/9/../../../../lib32/crt1.o

.gnu.version_d  0x000000000804888c        0x0
 *(SORT_BY_ALIGNMENT(.gnu.version_d))
 .gnu.version_d
                0x000000000804888c        0x0 /usr/lib/gcc/x86_64-linux-gnu/9/../../../../lib32/crt1.o

.gnu.version_r  0x000000000804888c       0xe0
 *(SORT_BY_ALIGNMENT(.gnu.version_r))
 .gnu.version_r
                0x000000000804888c       0xe0 /usr/lib/gcc/x86_64-linux-gnu/9/../../../../lib32/crt1.o

.rel.dyn        0x000000000804896c       0x18
 *(SORT_BY_ALIGNMENT(.rel.init))
 *(SORT_BY_ALIGNMENT(.rel.text) SORT_BY_ALIGNMENT(.rel.text.*) SORT_BY_ALIGNMENT(.rel.gnu.linkonce.t.*))
 .rel.text      0x000000000804896c        0x0 /usr/lib/gcc/x86_64-linux-gnu/9/../../../../lib32/crt1.o
 .rel.text._ZL24_mock_test_stuff_wrapperPv
                0x000000000804896c        0x0 /usr/lib/gcc/x86_64-linux-gnu/9/../../../../lib32/crt1.o
 .rel.text.cbvprintf_package
                0x000000000804896c        0x0 /usr/lib/gcc/x86_64-linux-gnu/9/../../../../lib32/crt1.o
 .rel.text.vprintk
                0x000000000804896c        0x0 /usr/lib/gcc/x86_64-linux-gnu/9/../../../../lib32/crt1.o
 .rel.text.extract_decimal
                0x000000000804896c        0x0 /usr/lib/gcc/x86_64-linux-gnu/9/../../../../lib32/crt1.o
 .rel.text.encode_uint
                0x000000000804896c        0x0 /usr/lib/gcc/x86_64-linux-gnu/9/../../../../lib32/crt1.o
 .rel.text.cbvprintf
                0x000000000804896c        0x0 /usr/lib/gcc/x86_64-linux-gnu/9/../../../../lib32/crt1.o
 .rel.text.msg_process
                0x000000000804896c        0x0 /usr/lib/gcc/x86_64-linux-gnu/9/../../../../lib32/crt1.o
 .rel.text.log_init
                0x000000000804896c        0x0 /usr/lib/gcc/x86_64-linux-gnu/9/../../../../lib32/crt1.o
 .rel.text.z_impl_log_panic
                0x000000000804896c        0x0 /usr/lib/gcc/x86_64-linux-gnu/9/../../../../lib32/crt1.o
 .rel.text.log_source_name_get
                0x000000000804896c        0x0 /usr/lib/gcc/x86_64-linux-gnu/9/../../../../lib32/crt1.o
 .rel.text.log_backend_enable
                0x000000000804896c        0x0 /usr/lib/gcc/x86_64-linux-gnu/9/../../../../lib32/crt1.o
 .rel.text.out_func
                0x000000000804896c        0x0 /usr/lib/gcc/x86_64-linux-gnu/9/../../../../lib32/crt1.o
 .rel.text.hexdump_line_print
                0x000000000804896c        0x0 /usr/lib/gcc/x86_64-linux-gnu/9/../../../../lib32/crt1.o
 .rel.text.log_output_msg2_process
                0x000000000804896c        0x0 /usr/lib/gcc/x86_64-linux-gnu/9/../../../../lib32/crt1.o
 .rel.text.z_impl_z_log_msg2_runtime_vcreate
                0x000000000804896c        0x0 /usr/lib/gcc/x86_64-linux-gnu/9/../../../../lib32/crt1.o
 .rel.text.posix_preexit_cleanup
                0x000000000804896c        0x0 /usr/lib/gcc/x86_64-linux-gnu/9/../../../../lib32/crt1.o
 .rel.text.abort_tail
                0x000000000804896c        0x0 /usr/lib/gcc/x86_64-linux-gnu/9/../../../../lib32/crt1.o
 .rel.text.posix_wait_until_allowed
                0x000000000804896c        0x0 /usr/lib/gcc/x86_64-linux-gnu/9/../../../../lib32/crt1.o
 .rel.text.posix_cleanup_handler
                0x000000000804896c        0x0 /usr/lib/gcc/x86_64-linux-gnu/9/../../../../lib32/crt1.o
 .rel.text.posix_thread_starter
                0x000000000804896c        0x0 /usr/lib/gcc/x86_64-linux-gnu/9/../../../../lib32/crt1.o
 .rel.text.posix_swap
                0x000000000804896c        0x0 /usr/lib/gcc/x86_64-linux-gnu/9/../../../../lib32/crt1.o
 .rel.text.posix_main_thread_start
                0x000000000804896c        0x0 /usr/lib/gcc/x86_64-linux-gnu/9/../../../../lib32/crt1.o
 .rel.text.posix_new_thread
                0x000000000804896c        0x0 /usr/lib/gcc/x86_64-linux-gnu/9/../../../../lib32/crt1.o
 .rel.text.posix_init_multithreading
                0x000000000804896c        0x0 /usr/lib/gcc/x86_64-linux-gnu/9/../../../../lib32/crt1.o
 .rel.text.posix_core_clean_up
                0x000000000804896c        0x0 /usr/lib/gcc/x86_64-linux-gnu/9/../../../../lib32/crt1.o
 .rel.text.zephyr_wrapper
                0x000000000804896c        0x0 /usr/lib/gcc/x86_64-linux-gnu/9/../../../../lib32/crt1.o
 .rel.text.posix_change_cpu_state_and_wait
                0x000000000804896c        0x0 /usr/lib/gcc/x86_64-linux-gnu/9/../../../../lib32/crt1.o
 .rel.text.posix_boot_cpu
                0x000000000804896c        0x0 /usr/lib/gcc/x86_64-linux-gnu/9/../../../../lib32/crt1.o
 .rel.text.posix_soc_clean_up
                0x000000000804896c        0x0 /usr/lib/gcc/x86_64-linux-gnu/9/../../../../lib32/crt1.o
 .rel.text.hwm_set_sig_handler
                0x000000000804896c        0x0 /usr/lib/gcc/x86_64-linux-gnu/9/../../../../lib32/crt1.o
 .rel.text.get_host_us_time
                0x000000000804896c        0x0 /usr/lib/gcc/x86_64-linux-gnu/9/../../../../lib32/crt1.o
 .rel.text.hwtimer_init
                0x000000000804896c        0x0 /usr/lib/gcc/x86_64-linux-gnu/9/../../../../lib32/crt1.o
 .rel.text.hwtimer_timer_reached
                0x000000000804896c        0x0 /usr/lib/gcc/x86_64-linux-gnu/9/../../../../lib32/crt1.o
 .rel.text.posix_exit
                0x000000000804896c        0x0 /usr/lib/gcc/x86_64-linux-gnu/9/../../../../lib32/crt1.o
 .rel.text.decide_about_color
                0x000000000804896c        0x0 /usr/lib/gcc/x86_64-linux-gnu/9/../../../../lib32/crt1.o
 .rel.text.posix_print_error_and_exit
                0x000000000804896c        0x0 /usr/lib/gcc/x86_64-linux-gnu/9/../../../../lib32/crt1.o
 .rel.text.posix_print_warning
                0x000000000804896c        0x0 /usr/lib/gcc/x86_64-linux-gnu/9/../../../../lib32/crt1.o
 .rel.text.posix_print_trace
                0x000000000804896c        0x0 /usr/lib/gcc/x86_64-linux-gnu/9/../../../../lib32/crt1.o
 .rel.text.cmd_gen_switch_syntax.constprop.0
                0x000000000804896c        0x0 /usr/lib/gcc/x86_64-linux-gnu/9/../../../../lib32/crt1.o
 .rel.text.cmd_is_option
                0x000000000804896c        0x0 /usr/lib/gcc/x86_64-linux-gnu/9/../../../../lib32/crt1.o
 .rel.text.cmd_is_help_option
                0x000000000804896c        0x0 /usr/lib/gcc/x86_64-linux-gnu/9/../../../../lib32/crt1.o
 .rel.text.cmd_read_option_value
                0x000000000804896c        0x0 /usr/lib/gcc/x86_64-linux-gnu/9/../../../../lib32/crt1.o
 .rel.text.cmd_print_switches_help
                0x000000000804896c        0x0 /usr/lib/gcc/x86_64-linux-gnu/9/../../../../lib32/crt1.o
 .rel.text.cmd_print_long_help
                0x000000000804896c        0x0 /usr/lib/gcc/x86_64-linux-gnu/9/../../../../lib32/crt1.o
 .rel.text.native_cleanup_cmd_line
                0x000000000804896c        0x0 /usr/lib/gcc/x86_64-linux-gnu/9/../../../../lib32/crt1.o
 .rel.text.native_add_command_line_opts
                0x000000000804896c        0x0 /usr/lib/gcc/x86_64-linux-gnu/9/../../../../lib32/crt1.o
 .rel.text.run_test_rules
                0x000000000804896c        0x0 /usr/lib/gcc/x86_64-linux-gnu/9/../../../../lib32/crt1.o
 .rel.text.ztest_find_test_suite
                0x000000000804896c        0x0 /usr/lib/gcc/x86_64-linux-gnu/9/../../../../lib32/crt1.o
 .rel.text.test_time_ms
                0x000000000804896c        0x0 /usr/lib/gcc/x86_64-linux-gnu/9/../../../../lib32/crt1.o
 .rel.text.ztest_relative_filename
                0x000000000804896c        0x0 /usr/lib/gcc/x86_64-linux-gnu/9/../../../../lib32/crt1.o
 .rel.text.ztest_get_next_test
                0x000000000804896c        0x0 /usr/lib/gcc/x86_64-linux-gnu/9/../../../../lib32/crt1.o
 .rel.text.ztest_run_test_suites
                0x000000000804896c        0x0 /usr/lib/gcc/x86_64-linux-gnu/9/../../../../lib32/crt1.o
 .rel.text.ztest_verify_all_test_suites_ran
                0x000000000804896c        0x0 /usr/lib/gcc/x86_64-linux-gnu/9/../../../../lib32/crt1.o
 .rel.text.zephyr_app_main
                0x000000000804896c        0x0 /usr/lib/gcc/x86_64-linux-gnu/9/../../../../lib32/crt1.o
 .rel.text.native_posix_console_init
                0x000000000804896c        0x0 /usr/lib/gcc/x86_64-linux-gnu/9/../../../../lib32/crt1.o
 .rel.text.np_timer_isr
                0x000000000804896c        0x0 /usr/lib/gcc/x86_64-linux-gnu/9/../../../../lib32/crt1.o
 .rel.text.sys_clock_elapsed
                0x000000000804896c        0x0 /usr/lib/gcc/x86_64-linux-gnu/9/../../../../lib32/crt1.o
 .rel.text.z_fatal_error
                0x000000000804896c        0x0 /usr/lib/gcc/x86_64-linux-gnu/9/../../../../lib32/crt1.o
 .rel.text.init_mem_slab_module
                0x000000000804896c        0x0 /usr/lib/gcc/x86_64-linux-gnu/9/../../../../lib32/crt1.o
 .rel.text.z_impl_k_thread_name_set
                0x000000000804896c        0x0 /usr/lib/gcc/x86_64-linux-gnu/9/../../../../lib32/crt1.o
 .rel.text.z_setup_new_thread
                0x000000000804896c        0x0 /usr/lib/gcc/x86_64-linux-gnu/9/../../../../lib32/crt1.o
 .rel.text.z_impl_k_thread_create
                0x000000000804896c        0x0 /usr/lib/gcc/x86_64-linux-gnu/9/../../../../lib32/crt1.o
 .rel.text.z_init_static_threads
                0x000000000804896c        0x0 /usr/lib/gcc/x86_64-linux-gnu/9/../../../../lib32/crt1.o
 .rel.text.idle
                0x000000000804896c        0x0 /usr/lib/gcc/x86_64-linux-gnu/9/../../../../lib32/crt1.o
 .rel.text.k_sched_time_slice_set
                0x000000000804896c        0x0 /usr/lib/gcc/x86_64-linux-gnu/9/../../../../lib32/crt1.o
 .rel.text.z_reschedule
                0x000000000804896c        0x0 /usr/lib/gcc/x86_64-linux-gnu/9/../../../../lib32/crt1.o
 .rel.text.k_sched_lock
                0x000000000804896c        0x0 /usr/lib/gcc/x86_64-linux-gnu/9/../../../../lib32/crt1.o
 .rel.text.z_priq_dumb_remove
                0x000000000804896c        0x0 /usr/lib/gcc/x86_64-linux-gnu/9/../../../../lib32/crt1.o
 .rel.text.unpend_thread_no_timeout
                0x000000000804896c        0x0 /usr/lib/gcc/x86_64-linux-gnu/9/../../../../lib32/crt1.o
 .rel.text.update_cache
                0x000000000804896c        0x0 /usr/lib/gcc/x86_64-linux-gnu/9/../../../../lib32/crt1.o
 .rel.text.move_thread_to_end_of_prio_q
                0x000000000804896c        0x0 /usr/lib/gcc/x86_64-linux-gnu/9/../../../../lib32/crt1.o
 .rel.text.z_time_slice
                0x000000000804896c        0x0 /usr/lib/gcc/x86_64-linux-gnu/9/../../../../lib32/crt1.o
 .rel.text.ready_thread
                0x000000000804896c        0x0 /usr/lib/gcc/x86_64-linux-gnu/9/../../../../lib32/crt1.o
 .rel.text.z_ready_thread
                0x000000000804896c        0x0 /usr/lib/gcc/x86_64-linux-gnu/9/../../../../lib32/crt1.o
 .rel.text.z_sched_start
                0x000000000804896c        0x0 /usr/lib/gcc/x86_64-linux-gnu/9/../../../../lib32/crt1.o
 .rel.text.z_thread_timeout
                0x000000000804896c        0x0 /usr/lib/gcc/x86_64-linux-gnu/9/../../../../lib32/crt1.o
 .rel.text.add_to_waitq_locked
                0x000000000804896c        0x0 /usr/lib/gcc/x86_64-linux-gnu/9/../../../../lib32/crt1.o
 .rel.text.k_sched_unlock
                0x000000000804896c        0x0 /usr/lib/gcc/x86_64-linux-gnu/9/../../../../lib32/crt1.o
 .rel.text.z_thread_abort
                0x000000000804896c        0x0 /usr/lib/gcc/x86_64-linux-gnu/9/../../../../lib32/crt1.o
 .rel.text.z_impl_k_thread_join
                0x000000000804896c        0x0 /usr/lib/gcc/x86_64-linux-gnu/9/../../../../lib32/crt1.o
 .rel.text.z_add_timeout
                0x000000000804896c        0x0 /usr/lib/gcc/x86_64-linux-gnu/9/../../../../lib32/crt1.o
 .rel.text.z_abort_timeout
                0x000000000804896c        0x0 /usr/lib/gcc/x86_64-linux-gnu/9/../../../../lib32/crt1.o
 .rel.text.z_set_timeout_expiry
                0x000000000804896c        0x0 /usr/lib/gcc/x86_64-linux-gnu/9/../../../../lib32/crt1.o
 .rel.text.sys_clock_announce
                0x000000000804896c        0x0 /usr/lib/gcc/x86_64-linux-gnu/9/../../../../lib32/crt1.o
 *(SORT_BY_ALIGNMENT(.rel.fini))
 *(SORT_BY_ALIGNMENT(.rel.rodata) SORT_BY_ALIGNMENT(.rel.rodata.*) SORT_BY_ALIGNMENT(.rel.gnu.linkonce.r.*))
 .rel.rodata.native_pre_tasks.6145
                0x000000000804896c        0x0 /usr/lib/gcc/x86_64-linux-gnu/9/../../../../lib32/crt1.o
 .rel.rodata.levels.4786
                0x000000000804896c        0x0 /usr/lib/gcc/x86_64-linux-gnu/9/../../../../lib32/crt1.o
 *(SORT_BY_ALIGNMENT(.rel.data.rel.ro) SORT_BY_ALIGNMENT(.rel.data.rel.ro.*) SORT_BY_ALIGNMENT(.rel.gnu.linkonce.d.rel.ro.*))
 .rel.data.rel.ro
                0x000000000804896c        0x0 /usr/lib/gcc/x86_64-linux-gnu/9/../../../../lib32/crt1.o
 *(SORT_BY_ALIGNMENT(.rel.data) SORT_BY_ALIGNMENT(.rel.data.*) SORT_BY_ALIGNMENT(.rel.gnu.linkonce.d.*))
 .rel.data._char_out
                0x000000000804896c        0x0 /usr/lib/gcc/x86_64-linux-gnu/9/../../../../lib32/crt1.o
 *(SORT_BY_ALIGNMENT(.rel.tdata) SORT_BY_ALIGNMENT(.rel.tdata.*) SORT_BY_ALIGNMENT(.rel.gnu.linkonce.td.*))
 *(SORT_BY_ALIGNMENT(.rel.tbss) SORT_BY_ALIGNMENT(.rel.tbss.*) SORT_BY_ALIGNMENT(.rel.gnu.linkonce.tb.*))
 *(SORT_BY_ALIGNMENT(.rel.ctors))
 *(SORT_BY_ALIGNMENT(.rel.dtors))
 *(SORT_BY_ALIGNMENT(.rel.got))
 .rel.got       0x000000000804896c        0x8 /usr/lib/gcc/x86_64-linux-gnu/9/../../../../lib32/crt1.o
 *(SORT_BY_ALIGNMENT(.rel.bss) SORT_BY_ALIGNMENT(.rel.bss.*) SORT_BY_ALIGNMENT(.rel.gnu.linkonce.b.*))
 .rel.bss       0x0000000008048974       0x10 /usr/lib/gcc/x86_64-linux-gnu/9/../../../../lib32/crt1.o
 *(SORT_BY_ALIGNMENT(.rel.ifunc))

.rel.plt        0x0000000008048984      0x160
 *(SORT_BY_ALIGNMENT(.rel.plt))
 .rel.plt       0x0000000008048984      0x160 /usr/lib/gcc/x86_64-linux-gnu/9/../../../../lib32/crt1.o
                [!provide]                        PROVIDE (__rel_iplt_start = .)
 *(SORT_BY_ALIGNMENT(.rel.iplt))
 .rel.iplt      0x0000000008048ae4        0x0 /usr/lib/gcc/x86_64-linux-gnu/9/../../../../lib32/crt1.o
                [!provide]                        PROVIDE (__rel_iplt_end = .)
                0x0000000008049000                . = ALIGN (CONSTANT (MAXPAGESIZE))

.init           0x0000000008049000       0x24
 *(SORT_NONE(.init))
 .init          0x0000000008049000       0x1f /usr/lib/gcc/x86_64-linux-gnu/9/../../../../lib32/crti.o
                0x0000000008049000                _init
 .init          0x000000000804901f        0x5 /usr/lib/gcc/x86_64-linux-gnu/9/../../../../lib32/crtn.o

.plt            0x0000000008049030      0x2d0
 *(SORT_BY_ALIGNMENT(.plt))
 .plt           0x0000000008049030      0x2d0 /usr/lib/gcc/x86_64-linux-gnu/9/../../../../lib32/crt1.o
 *(SORT_BY_ALIGNMENT(.iplt))
 .iplt          0x0000000008049300        0x0 /usr/lib/gcc/x86_64-linux-gnu/9/../../../../lib32/crt1.o

.plt.got        0x0000000008049300        0x0
 *(SORT_BY_ALIGNMENT(.plt.got))
 .plt.got       0x0000000008049300        0x0 /usr/lib/gcc/x86_64-linux-gnu/9/../../../../lib32/crt1.o

.plt.sec        0x0000000008049300      0x2c0
 *(SORT_BY_ALIGNMENT(.plt.sec))
 .plt.sec       0x0000000008049300      0x2c0 /usr/lib/gcc/x86_64-linux-gnu/9/../../../../lib32/crt1.o
                0x0000000008049300                pthread_mutex_unlock@@GLIBC_2.0
                0x0000000008049310                __snprintf_chk@@GLIBC_2.3.4
                0x0000000008049320                __udivdi3@@GLIBC_2.0
                0x0000000008049330                strcmp@@GLIBC_2.0
                0x0000000008049340                __vfprintf_chk@@GLIBC_2.3.4
                0x0000000008049350                pthread_cond_broadcast@@GLIBC_2.3.2
                0x0000000008049360                free@@GLIBC_2.0
                0x0000000008049370                __pthread_register_cancel@@GLIBC_2.3.3
                0x0000000008049380                clock_gettime@@GLIBC_2.17
                0x0000000008049390                pthread_self@@GLIBC_2.0
                0x00000000080493a0                pthread_cond_wait@@GLIBC_2.3.2
                0x00000000080493b0                sleep@@GLIBC_2.0
                0x00000000080493c0                __stack_chk_fail@@GLIBC_2.4
                0x00000000080493d0                pthread_mutex_lock@@GLIBC_2.0
                0x00000000080493e0                strtoll@@GLIBC_2.0
                0x00000000080493f0                realloc@@GLIBC_2.0
                0x0000000008049400                exit@@GLIBC_2.0
                0x0000000008049410                __udivmoddi4@@GCC_3.0
                0x0000000008049420                strtoul@@GLIBC_2.0
                0x0000000008049430                getcwd@@GLIBC_2.0
                0x0000000008049440                __libc_start_main@@GLIBC_2.0
                0x0000000008049450                strcasecmp@@GLIBC_2.0
                0x0000000008049460                setvbuf@@GLIBC_2.0
                0x0000000008049470                snprintf@@GLIBC_2.0
                0x0000000008049480                putchar@@GLIBC_2.0
                0x0000000008049490                pthread_cancel@@GLIBC_2.0
                0x00000000080494a0                strncpy@@GLIBC_2.0
                0x00000000080494b0                strtoull@@GLIBC_2.0
                0x00000000080494c0                strtod@@GLIBC_2.0
                0x00000000080494d0                pthread_exit@@GLIBC_2.0
                0x00000000080494e0                strnlen@@GLIBC_2.0
                0x00000000080494f0                __sigsetjmp@@GLIBC_2.0
                0x0000000008049500                sigemptyset@@GLIBC_2.0
                0x0000000008049510                __pthread_unwind_next@@GLIBC_2.3.3
                0x0000000008049520                nanosleep@@GLIBC_2.0
                0x0000000008049530                __fprintf_chk@@GLIBC_2.3.4
                0x0000000008049540                pthread_create@@GLIBC_2.1
                0x0000000008049550                sigaction@@GLIBC_2.0
                0x0000000008049560                pthread_detach@@GLIBC_2.0
                0x0000000008049570                strncmp@@GLIBC_2.0
                0x0000000008049580                isatty@@GLIBC_2.0
                0x0000000008049590                strtol@@GLIBC_2.0
                0x00000000080495a0                __ctype_b_loc@@GLIBC_2.3
                0x00000000080495b0                calloc@@GLIBC_2.0

.text           0x00000000080495c0     0x6fb2
 *(SORT_BY_ALIGNMENT(.text.unlikely) SORT_BY_ALIGNMENT(.text.*_unlikely) SORT_BY_ALIGNMENT(.text.unlikely.*))
 *(SORT_BY_ALIGNMENT(.text.exit) SORT_BY_ALIGNMENT(.text.exit.*))
 *(SORT_BY_ALIGNMENT(.text.startup) SORT_BY_ALIGNMENT(.text.startup.*))
 *(SORT_BY_ALIGNMENT(.text.hot) SORT_BY_ALIGNMENT(.text.hot.*))
 *(SORT_BY_NAME(SORT_BY_ALIGNMENT(.text.sorted.*)))
 *(SORT_BY_ALIGNMENT(.text) SORT_BY_ALIGNMENT(.stub) SORT_BY_ALIGNMENT(.text.*) SORT_BY_ALIGNMENT(.gnu.linkonce.t.*))
 .text          0x00000000080495c0       0x45 /usr/lib/gcc/x86_64-linux-gnu/9/../../../../lib32/crt1.o
                0x00000000080495c0                _start
                0x0000000008049600                _dl_relocate_static_pie
 *fill*         0x0000000008049605        0xb 
 .text.__x86.get_pc_thunk.bx
                0x0000000008049610        0x4 /usr/lib/gcc/x86_64-linux-gnu/9/../../../../lib32/crti.o
                0x0000000008049610                __x86.get_pc_thunk.bx
 *fill*         0x0000000008049614        0xc 
 .text          0x0000000008049620       0xb6 /usr/lib/gcc/x86_64-linux-gnu/9/32/crtbegin.o
 *fill*         0x00000000080496d6        0xa 
 .text          0x00000000080496e0       0x75 /usr/lib32/libc_nonshared.a(elf-init.oS)
                0x00000000080496e0                __libc_csu_init
                0x0000000008049750                __libc_csu_fini
 .text._OffsetAbsSyms
                0x0000000008049755        0x5 CMakeFiles/offsets.dir/arch/posix/core/offsets/offsets.c.obj
                0x0000000008049755                _OffsetAbsSyms
 .text._ZN4math3addEjj
                0x000000000804975a        0xf ../app/libapp.a(math.cpp.obj)
                0x000000000804975a                math::add(unsigned int, unsigned int)
 .text._ZN4math8subtractEjj
                0x0000000008049769        0xf ../app/libapp.a(math.cpp.obj)
                0x0000000008049769                math::subtract(unsigned int, unsigned int)
 .text._ZN4math8multiplyEjj
                0x0000000008049778       0x10 ../app/libapp.a(math.cpp.obj)
                0x0000000008049778                math::multiply(unsigned int, unsigned int)
 .text._ZN4math6divideEjj
                0x0000000008049788       0x11 ../app/libapp.a(math.cpp.obj)
                0x0000000008049788                math::divide(unsigned int, unsigned int)
 .text._ZN4math8modulateEjj
                0x0000000008049799       0x13 ../app/libapp.a(math.cpp.obj)
                0x0000000008049799                math::modulate(unsigned int, unsigned int)
 .text._ZN4math5powerEjj
                0x00000000080497ac       0x1d ../app/libapp.a(math.cpp.obj)
                0x00000000080497ac                math::power(unsigned int, unsigned int)
 .text._ZN4math9factorialEj
                0x00000000080497c9       0x1c ../app/libapp.a(math.cpp.obj)
                0x00000000080497c9                math::factorial(unsigned int)
 .text._ZN5mocks5writeEj
                0x00000000080497e5       0x1f ../app/libapp.a(mock.cpp.obj)
                0x00000000080497e5                mocks::write(unsigned int)
 .text._ZN5mocks4readEPj
                0x0000000008049804       0x2a ../app/libapp.a(mock.cpp.obj)
                0x0000000008049804                mocks::read(unsigned int*)
 .text.z_zassert.constprop.0
                0x000000000804982e       0x2d ../app/libapp.a(test_assert.cpp.obj)
 .text._ZL25_base_test_assert_wrapperPv
                0x000000000804985b       0xcc ../app/libapp.a(test_assert.cpp.obj)
 .text.z_zassert.constprop.0
                0x0000000008049927       0x84 ../app/libapp.a(test_math.cpp.obj)
 .text._ZL28_math_test_factorial_wrapperPv
                0x00000000080499ab       0xff ../app/libapp.a(test_math.cpp.obj)
 .text._ZL24_math_test_power_wrapperPv
                0x0000000008049aaa      0x106 ../app/libapp.a(test_math.cpp.obj)
 .text._ZL27_math_test_modulate_wrapperPv
                0x0000000008049bb0       0xd3 ../app/libapp.a(test_math.cpp.obj)
 .text._ZL25_math_test_divide_wrapperPv
                0x0000000008049c83       0xd5 ../app/libapp.a(test_math.cpp.obj)
 .text._ZL27_math_test_multiply_wrapperPv
                0x0000000008049d58      0x107 ../app/libapp.a(test_math.cpp.obj)
 .text._ZL27_math_test_subtract_wrapperPv
                0x0000000008049e5f       0xd4 ../app/libapp.a(test_math.cpp.obj)
 .text._ZL22_math_test_add_wrapperPv
                0x0000000008049f33      0x108 ../app/libapp.a(test_math.cpp.obj)
 .text.z_zassert.constprop.0
                0x000000000804a03b       0x88 ../app/libapp.a(test_mock.cpp.obj)
 .text._ZL24_mock_test_stuff_wrapperPv
                0x000000000804a0c3      0x13b ../app/libapp.a(test_mock.cpp.obj)
 .text.cbvprintf_package
                0x000000000804a1fe      0x49c libzephyr.a(cbprintf_packaged.c.obj)
                0x000000000804a1fe                cbvprintf_package
 .text.cbpprintf_external
                0x000000000804a69a       0x90 libzephyr.a(cbprintf_packaged.c.obj)
                0x000000000804a69a                cbpprintf_external
 .text.arch_printk_char_out
                0x000000000804a72a        0x7 libzephyr.a(printk.c.obj)
                0x000000000804a72a                arch_printk_char_out
 .text.char_out
                0x000000000804a731       0x13 libzephyr.a(printk.c.obj)
 .text.__printk_hook_install
                0x000000000804a744       0x11 libzephyr.a(printk.c.obj)
                0x000000000804a744                __printk_hook_install
 .text.vprintk  0x000000000804a755       0x46 libzephyr.a(printk.c.obj)
                0x000000000804a755                vprintk
 .text.printk   0x000000000804a79b       0x1b libzephyr.a(printk.c.obj)
                0x000000000804a79b                printk
 .text.z_thread_entry
                0x000000000804a7b6       0x3e libzephyr.a(thread_entry.c.obj)
                0x000000000804a7b6                z_thread_entry
 .text.outs     0x000000000804a7f4       0x4b libzephyr.a(cbprintf_complete.c.obj)
 .text.extract_decimal
                0x000000000804a83f       0x37 libzephyr.a(cbprintf_complete.c.obj)
 .text.encode_uint
                0x000000000804a876       0xdb libzephyr.a(cbprintf_complete.c.obj)
 .text.cbvprintf
                0x000000000804a951      0x7e8 libzephyr.a(cbprintf_complete.c.obj)
                0x000000000804a951                cbvprintf
 .text.assert_print
                0x000000000804b139       0x1b libzephyr.a(assert.c.obj)
                0x000000000804b139                assert_print
 .text.assert_post_action
                0x000000000804b154       0x32 libzephyr.a(assert.c.obj)
                0x000000000804b154                assert_post_action
 .text._ConfigAbsSyms
                0x000000000804b186        0x5 libzephyr.a(configs.c.obj)
                0x000000000804b186                _ConfigAbsSyms
 .text.log_backend_is_active
                0x000000000804b18b        0x7 libzephyr.a(log_core.c.obj)
 .text.msg_process
                0x000000000804b192       0x82 libzephyr.a(log_core.c.obj)
 .text.default_get_timestamp
                0x000000000804b214        0x9 libzephyr.a(log_core.c.obj)
 .text.dummy_timestamp
                0x000000000804b21d        0x7 libzephyr.a(log_core.c.obj)
 .text.log_format_func_t_get
                0x000000000804b224       0x13 libzephyr.a(log_core.c.obj)
                0x000000000804b224                log_format_func_t_get
 .text.log_core_init
                0x000000000804b237       0x34 libzephyr.a(log_core.c.obj)
                0x000000000804b237                log_core_init
 .text.log_init
                0x000000000804b26b       0xa3 libzephyr.a(log_core.c.obj)
                0x000000000804b26b                log_init
 .text.enable_logger
                0x000000000804b30e       0x13 libzephyr.a(log_core.c.obj)
 .text.z_impl_log_panic
                0x000000000804b321       0x61 libzephyr.a(log_core.c.obj)
                0x000000000804b321                z_impl_log_panic
 .text.z_log_notify_backend_enabled
                0x000000000804b382        0xc libzephyr.a(log_core.c.obj)
                0x000000000804b382                z_log_notify_backend_enabled
 .text.z_log_dropped
                0x000000000804b38e       0x1e libzephyr.a(log_core.c.obj)
                0x000000000804b38e                z_log_dropped
 .text.z_log_msg2_commit
                0x000000000804b3ac       0x21 libzephyr.a(log_core.c.obj)
                0x000000000804b3ac                z_log_msg2_commit
 .text.z_log_get_tag
                0x000000000804b3cd        0x7 libzephyr.a(log_core.c.obj)
                0x000000000804b3cd                z_log_get_tag
 .text.log_source_name_get
                0x000000000804b3d4       0x28 libzephyr.a(log_mgmt.c.obj)
                0x000000000804b3d4                log_source_name_get
 .text.log_backend_enable
                0x000000000804b3fc       0x77 libzephyr.a(log_mgmt.c.obj)
                0x000000000804b3fc                log_backend_enable
 .text.out_func
                0x000000000804b473       0x45 libzephyr.a(log_output.c.obj)
 .text.cr_out_func
                0x000000000804b4b8       0x36 libzephyr.a(log_output.c.obj)
 .text.buffer_write
                0x000000000804b4ee       0x28 libzephyr.a(log_output.c.obj)
 .text.print_formatted
                0x000000000804b516       0x1f libzephyr.a(log_output.c.obj)
 .text.prefix_print
                0x000000000804b535      0x185 libzephyr.a(log_output.c.obj)
 .text.hexdump_line_print
                0x000000000804b6ba      0x10a libzephyr.a(log_output.c.obj)
 .text.postfix_print
                0x000000000804b7c4       0x4f libzephyr.a(log_output.c.obj)
 .text.log_output_flush
                0x000000000804b813       0x31 libzephyr.a(log_output.c.obj)
                0x000000000804b813                log_output_flush
 .text.log_output_msg2_process
                0x000000000804b844      0x138 libzephyr.a(log_output.c.obj)
                0x000000000804b844                log_output_msg2_process
 .text.log_output_timestamp_freq_set
                0x000000000804b97c       0x3b libzephyr.a(log_output.c.obj)
                0x000000000804b97c                log_output_timestamp_freq_set
 .text.z_log_msg2_finalize
                0x000000000804b9b7       0x54 libzephyr.a(log_msg2.c.obj)
                0x000000000804b9b7                z_log_msg2_finalize
 .text.z_impl_z_log_msg2_runtime_vcreate
                0x000000000804ba0b      0x166 libzephyr.a(log_msg2.c.obj)
                0x000000000804ba0b                z_impl_z_log_msg2_runtime_vcreate
 .text.format_set
                0x000000000804bb71       0x13 libzephyr.a(log_backend_native_posix.c.obj)
 .text.panic    0x000000000804bb84       0x14 libzephyr.a(log_backend_native_posix.c.obj)
 .text.char_out
                0x000000000804bb98       0x7c libzephyr.a(log_backend_native_posix.c.obj)
 .text.process  0x000000000804bc14       0x29 libzephyr.a(log_backend_native_posix.c.obj)
 .text.__cxa_atexit
                0x000000000804bc3d        0x7 libzephyr.a(cpp_dtors.c.obj)
                0x000000000804bc3d                __cxa_atexit
 .text.sys_trace_isr_enter
                0x000000000804bc44        0x5 libzephyr.a(tracing_none.c.obj)
                0x000000000804bc44                sys_trace_isr_enter
 .text.sys_trace_isr_exit
                0x000000000804bc49        0x5 libzephyr.a(tracing_none.c.obj)
                0x000000000804bc49                sys_trace_isr_exit
 .text.sys_trace_idle
                0x000000000804bc4e        0x5 libzephyr.a(tracing_none.c.obj)
                0x000000000804bc4e                sys_trace_idle
 .text.arch_cpu_idle
                0x000000000804bc53       0x1a arch/arch/posix/core/libarch__posix__core.a(cpuhalt.c.obj)
                0x000000000804bc53                arch_cpu_idle
 .text.arch_system_halt
                0x000000000804bc6d       0x2b arch/arch/posix/core/libarch__posix__core.a(fatal.c.obj)
                0x000000000804bc6d                arch_system_halt
 .text.arch_irq_enable
                0x000000000804bc98        0x9 arch/arch/posix/core/libarch__posix__core.a(irq.c.obj)
                0x000000000804bc98                arch_irq_enable
 .text.pc_safe_call
                0x000000000804bca1       0x1b arch/arch/posix/core/libarch__posix__core.a(posix_core.c.obj)
 .text.posix_preexit_cleanup
                0x000000000804bcbc       0x30 arch/arch/posix/core/libarch__posix__core.a(posix_core.c.obj)
 .text.abort_tail
                0x000000000804bcec       0x28 arch/arch/posix/core/libarch__posix__core.a(posix_core.c.obj)
 .text.posix_wait_until_allowed
                0x000000000804bd14       0x57 arch/arch/posix/core/libarch__posix__core.a(posix_core.c.obj)
 .text.posix_cleanup_handler
                0x000000000804bd6b       0x39 arch/arch/posix/core/libarch__posix__core.a(posix_core.c.obj)
 .text.posix_thread_starter
                0x000000000804bda4       0xb2 arch/arch/posix/core/libarch__posix__core.a(posix_core.c.obj)
 .text.posix_swap
                0x000000000804be56       0x4b arch/arch/posix/core/libarch__posix__core.a(posix_core.c.obj)
                0x000000000804be56                posix_swap
 .text.posix_main_thread_start
                0x000000000804bea1       0x38 arch/arch/posix/core/libarch__posix__core.a(posix_core.c.obj)
                0x000000000804bea1                posix_main_thread_start
 .text.posix_new_thread
                0x000000000804bed9       0xcb arch/arch/posix/core/libarch__posix__core.a(posix_core.c.obj)
                0x000000000804bed9                posix_new_thread
 .text.posix_init_multithreading
                0x000000000804bfa4       0x68 arch/arch/posix/core/libarch__posix__core.a(posix_core.c.obj)
                0x000000000804bfa4                posix_init_multithreading
 .text.posix_core_clean_up
                0x000000000804c00c       0x73 arch/arch/posix/core/libarch__posix__core.a(posix_core.c.obj)
                0x000000000804c00c                posix_core_clean_up
 .text.posix_abort_thread
                0x000000000804c07f       0x1e arch/arch/posix/core/libarch__posix__core.a(posix_core.c.obj)
                0x000000000804c07f                posix_abort_thread
 .text.z_impl_k_thread_abort
                0x000000000804c09d       0x8b arch/arch/posix/core/libarch__posix__core.a(posix_core.c.obj)
                0x000000000804c09d                z_impl_k_thread_abort
 .text.arch_swap
                0x000000000804c128       0x54 arch/arch/posix/core/libarch__posix__core.a(swap.c.obj)
                0x000000000804c128                arch_swap
 .text.arch_switch_to_main_thread
                0x000000000804c17c       0x20 arch/arch/posix/core/libarch__posix__core.a(swap.c.obj)
                0x000000000804c17c                arch_switch_to_main_thread
 .text.arch_new_thread
                0x000000000804c19c       0x3b arch/arch/posix/core/libarch__posix__core.a(thread.c.obj)
                0x000000000804c19c                arch_new_thread
 .text.posix_new_thread_pre_start
                0x000000000804c1d7        0x9 arch/arch/posix/core/libarch__posix__core.a(thread.c.obj)
                0x000000000804c1d7                posix_new_thread_pre_start
 .text.pc_safe_call
                0x000000000804c1e0       0x1b soc/posix/inf_clock/libsoc__posix__inf_clock.a(soc.c.obj)
 .text.zephyr_wrapper
                0x000000000804c1fb       0x45 soc/posix/inf_clock/libsoc__posix__inf_clock.a(soc.c.obj)
 .text.posix_is_cpu_running
                0x000000000804c240       0x10 soc/posix/inf_clock/libsoc__posix__inf_clock.a(soc.c.obj)
                0x000000000804c240                posix_is_cpu_running
 .text.posix_change_cpu_state_and_wait
                0x000000000804c250       0x86 soc/posix/inf_clock/libsoc__posix__inf_clock.a(soc.c.obj)
                0x000000000804c250                posix_change_cpu_state_and_wait
 .text.posix_interrupt_raised
                0x000000000804c2d6       0x2c soc/posix/inf_clock/libsoc__posix__inf_clock.a(soc.c.obj)
                0x000000000804c2d6                posix_interrupt_raised
 .text.posix_halt_cpu
                0x000000000804c302       0x1a soc/posix/inf_clock/libsoc__posix__inf_clock.a(soc.c.obj)
                0x000000000804c302                posix_halt_cpu
 .text.posix_boot_cpu
                0x000000000804c31c       0xb4 soc/posix/inf_clock/libsoc__posix__inf_clock.a(soc.c.obj)
                0x000000000804c31c                posix_boot_cpu
 .text.run_native_tasks
                0x000000000804c3d0       0x2d soc/posix/inf_clock/libsoc__posix__inf_clock.a(soc.c.obj)
                0x000000000804c3d0                run_native_tasks
 .text.posix_soc_clean_up
                0x000000000804c3fd       0x9d soc/posix/inf_clock/libsoc__posix__inf_clock.a(soc.c.obj)
                0x000000000804c3fd                posix_soc_clean_up
 .text.hwm_signal_end_handler
                0x000000000804c49a        0xf boards/posix/native_posix/libboards__posix__native_posix.a(hw_models_top.c.obj)
                0x000000000804c49a                hwm_signal_end_handler
 .text.hwm_set_sig_handler
                0x000000000804c4a9       0xb9 boards/posix/native_posix/libboards__posix__native_posix.a(hw_models_top.c.obj)
                0x000000000804c4a9                hwm_set_sig_handler
 .text.hwm_find_next_timer
                0x000000000804c562       0x85 boards/posix/native_posix/libboards__posix__native_posix.a(hw_models_top.c.obj)
                0x000000000804c562                hwm_find_next_timer
 .text.hwm_main_loop
                0x000000000804c5e7       0xf0 boards/posix/native_posix/libboards__posix__native_posix.a(hw_models_top.c.obj)
                0x000000000804c5e7                hwm_main_loop
 .text.hwm_set_end_of_time
                0x000000000804c6d7       0x1a boards/posix/native_posix/libboards__posix__native_posix.a(hw_models_top.c.obj)
                0x000000000804c6d7                hwm_set_end_of_time
 .text.hwm_get_time
                0x000000000804c6f1       0x10 boards/posix/native_posix/libboards__posix__native_posix.a(hw_models_top.c.obj)
                0x000000000804c6f1                hwm_get_time
 .text.hwm_init
                0x000000000804c701       0x24 boards/posix/native_posix/libboards__posix__native_posix.a(hw_models_top.c.obj)
                0x000000000804c701                hwm_init
 .text.hwm_cleanup
                0x000000000804c725       0x15 boards/posix/native_posix/libboards__posix__native_posix.a(hw_models_top.c.obj)
                0x000000000804c725                hwm_cleanup
 .text.hwtimer_update_timer
                0x000000000804c73a       0x37 boards/posix/native_posix/libboards__posix__native_posix.a(timer_model.c.obj)
 .text.cmd_realtime_found
                0x000000000804c771        0xc boards/posix/native_posix/libboards__posix__native_posix.a(timer_model.c.obj)
 .text.cmd_no_realtime_found
                0x000000000804c77d        0xc boards/posix/native_posix/libboards__posix__native_posix.a(timer_model.c.obj)
 .text.cmd_rtcoffset_found
                0x000000000804c789       0x32 boards/posix/native_posix/libboards__posix__native_posix.a(timer_model.c.obj)
 .text.cmd_rtcreset_found
                0x000000000804c7bb        0xc boards/posix/native_posix/libboards__posix__native_posix.a(timer_model.c.obj)
 .text.native_add_time_options
                0x000000000804c7c7       0x19 boards/posix/native_posix/libboards__posix__native_posix.a(timer_model.c.obj)
 .text.cmd_rt_ratio_found
                0x000000000804c7e0       0x40 boards/posix/native_posix/libboards__posix__native_posix.a(timer_model.c.obj)
 .text.cmd_rt_drift_found
                0x000000000804c820       0x46 boards/posix/native_posix/libboards__posix__native_posix.a(timer_model.c.obj)
 .text.cmd_stop_at_found
                0x000000000804c866       0x9d boards/posix/native_posix/libboards__posix__native_posix.a(timer_model.c.obj)
 .text.get_host_us_time
                0x000000000804c903       0xb6 boards/posix/native_posix/libboards__posix__native_posix.a(timer_model.c.obj)
                0x000000000804c903                get_host_us_time
 .text.hwtimer_init
                0x000000000804c9b9      0x13f boards/posix/native_posix/libboards__posix__native_posix.a(timer_model.c.obj)
                0x000000000804c9b9                hwtimer_init
 .text.hwtimer_cleanup
                0x000000000804caf8        0x5 boards/posix/native_posix/libboards__posix__native_posix.a(timer_model.c.obj)
                0x000000000804caf8                hwtimer_cleanup
 .text.hwtimer_enable
                0x000000000804cafd       0x42 boards/posix/native_posix/libboards__posix__native_posix.a(timer_model.c.obj)
                0x000000000804cafd                hwtimer_enable
 .text.hwtimer_timer_reached
                0x000000000804cb3f      0x1e1 boards/posix/native_posix/libboards__posix__native_posix.a(timer_model.c.obj)
                0x000000000804cb3f                hwtimer_timer_reached
 .text.hwtimer_set_silent_ticks
                0x000000000804cd20       0x1a boards/posix/native_posix/libboards__posix__native_posix.a(timer_model.c.obj)
                0x000000000804cd20                hwtimer_set_silent_ticks
 .text.posix_irq_handler
                0x000000000804cd3a      0x11b boards/posix/native_posix/libboards__posix__native_posix.a(irq_handler.c.obj)
                0x000000000804cd3a                posix_irq_handler
 .text.posix_irq_handler_im_from_sw
                0x000000000804ce55       0x37 boards/posix/native_posix/libboards__posix__native_posix.a(irq_handler.c.obj)
                0x000000000804ce55                posix_irq_handler_im_from_sw
 .text.posix_irq_lock
                0x000000000804ce8c       0x16 boards/posix/native_posix/libboards__posix__native_posix.a(irq_handler.c.obj)
                0x000000000804ce8c                posix_irq_lock
 .text.posix_irq_unlock
                0x000000000804cea2        0x9 boards/posix/native_posix/libboards__posix__native_posix.a(irq_handler.c.obj)
                0x000000000804cea2                posix_irq_unlock
 .text.posix_irq_full_unlock
                0x000000000804ceab       0x16 boards/posix/native_posix/libboards__posix__native_posix.a(irq_handler.c.obj)
                0x000000000804ceab                posix_irq_full_unlock
 .text.posix_irq_enable
                0x000000000804cec1        0x9 boards/posix/native_posix/libboards__posix__native_posix.a(irq_handler.c.obj)
                0x000000000804cec1                posix_irq_enable
 .text.posix_isr_declare
                0x000000000804ceca       0x2f boards/posix/native_posix/libboards__posix__native_posix.a(irq_handler.c.obj)
                0x000000000804ceca                posix_isr_declare
 .text.posix_irq_priority_set
                0x000000000804cef9        0x9 boards/posix/native_posix/libboards__posix__native_posix.a(irq_handler.c.obj)
                0x000000000804cef9                posix_irq_priority_set
 .text.irq_raising_from_hw_now
                0x000000000804cf02       0x1f boards/posix/native_posix/libboards__posix__native_posix.a(irq_ctrl.c.obj)
 .text.hw_irq_ctrl_irq_raise_prefix
                0x000000000804cf21       0x69 boards/posix/native_posix/libboards__posix__native_posix.a(irq_ctrl.c.obj)
 .text.hw_irq_ctrl_init
                0x000000000804cf8a       0x4a boards/posix/native_posix/libboards__posix__native_posix.a(irq_ctrl.c.obj)
                0x000000000804cf8a                hw_irq_ctrl_init
 .text.hw_irq_ctrl_cleanup
                0x000000000804cfd4        0x5 boards/posix/native_posix/libboards__posix__native_posix.a(irq_ctrl.c.obj)
                0x000000000804cfd4                hw_irq_ctrl_cleanup
 .text.hw_irq_ctrl_set_cur_prio
                0x000000000804cfd9       0x11 boards/posix/native_posix/libboards__posix__native_posix.a(irq_ctrl.c.obj)
                0x000000000804cfd9                hw_irq_ctrl_set_cur_prio
 .text.hw_irq_ctrl_get_cur_prio
                0x000000000804cfea        0xa boards/posix/native_posix/libboards__posix__native_posix.a(irq_ctrl.c.obj)
                0x000000000804cfea                hw_irq_ctrl_get_cur_prio
 .text.hw_irq_ctrl_prio_set
                0x000000000804cff4       0x15 boards/posix/native_posix/libboards__posix__native_posix.a(irq_ctrl.c.obj)
                0x000000000804cff4                hw_irq_ctrl_prio_set
 .text.hw_irq_ctrl_get_prio
                0x000000000804d009       0x12 boards/posix/native_posix/libboards__posix__native_posix.a(irq_ctrl.c.obj)
                0x000000000804d009                hw_irq_ctrl_get_prio
 .text.hw_irq_ctrl_get_highest_prio_irq
                0x000000000804d01b       0x98 boards/posix/native_posix/libboards__posix__native_posix.a(irq_ctrl.c.obj)
                0x000000000804d01b                hw_irq_ctrl_get_highest_prio_irq
 .text.hw_irq_ctrl_get_current_lock
                0x000000000804d0b3        0xc boards/posix/native_posix/libboards__posix__native_posix.a(irq_ctrl.c.obj)
                0x000000000804d0b3                hw_irq_ctrl_get_current_lock
 .text.hw_irq_ctrl_change_lock
                0x000000000804d0bf       0x3a boards/posix/native_posix/libboards__posix__native_posix.a(irq_ctrl.c.obj)
                0x000000000804d0bf                hw_irq_ctrl_change_lock
 .text.hw_irq_ctrl_clear_irq
                0x000000000804d0f9       0x41 boards/posix/native_posix/libboards__posix__native_posix.a(irq_ctrl.c.obj)
                0x000000000804d0f9                hw_irq_ctrl_clear_irq
 .text.hw_irq_ctrl_set_irq
                0x000000000804d13a       0x3c boards/posix/native_posix/libboards__posix__native_posix.a(irq_ctrl.c.obj)
                0x000000000804d13a                hw_irq_ctrl_set_irq
 .text.hw_irq_ctrl_raise_im_from_sw
                0x000000000804d176       0x23 boards/posix/native_posix/libboards__posix__native_posix.a(irq_ctrl.c.obj)
                0x000000000804d176                hw_irq_ctrl_raise_im_from_sw
 .text.hw_irq_ctrl_enable_irq
                0x000000000804d199       0x4b boards/posix/native_posix/libboards__posix__native_posix.a(irq_ctrl.c.obj)
                0x000000000804d199                hw_irq_ctrl_enable_irq
 .text.hw_irq_ctrl_timer_triggered
                0x000000000804d1e4       0x1d boards/posix/native_posix/libboards__posix__native_posix.a(irq_ctrl.c.obj)
                0x000000000804d1e4                hw_irq_ctrl_timer_triggered
 .text.posix_exit
                0x000000000804d201       0x3c boards/posix/native_posix/libboards__posix__native_posix.a(main.c.obj)
                0x000000000804d201                posix_exit
 .text.main     0x000000000804d23d       0x74 boards/posix/native_posix/libboards__posix__native_posix.a(main.c.obj)
                0x000000000804d23d                main
 .text.trace_disable_color
                0x000000000804d2b1       0x19 boards/posix/native_posix/libboards__posix__native_posix.a(tracing.c.obj)
                0x000000000804d2b1                trace_disable_color
 .text.trace_enable_color
                0x000000000804d2ca       0x19 boards/posix/native_posix/libboards__posix__native_posix.a(tracing.c.obj)
                0x000000000804d2ca                trace_enable_color
 .text.trace_force_color
                0x000000000804d2e3       0x19 boards/posix/native_posix/libboards__posix__native_posix.a(tracing.c.obj)
                0x000000000804d2e3                trace_force_color
 .text.decide_about_color
                0x000000000804d2fc       0x42 boards/posix/native_posix/libboards__posix__native_posix.a(tracing.c.obj)
 .text.posix_print_error_and_exit
                0x000000000804d33e       0x2f boards/posix/native_posix/libboards__posix__native_posix.a(tracing.c.obj)
                0x000000000804d33e                posix_print_error_and_exit
 .text.posix_print_warning
                0x000000000804d36d       0x23 boards/posix/native_posix/libboards__posix__native_posix.a(tracing.c.obj)
                0x000000000804d36d                posix_print_warning
 .text.posix_print_trace
                0x000000000804d390       0x23 boards/posix/native_posix/libboards__posix__native_posix.a(tracing.c.obj)
                0x000000000804d390                posix_print_trace
 .text.native_add_tracing_options
                0x000000000804d3b3       0x19 boards/posix/native_posix/libboards__posix__native_posix.a(tracing.c.obj)
                0x000000000804d3b3                native_add_tracing_options
 .text.cmd_gen_switch_syntax.constprop.0
                0x000000000804d3cc       0xab boards/posix/native_posix/libboards__posix__native_posix.a(cmdline_common.c.obj)
 .text.cmd_is_option
                0x000000000804d477       0xa5 boards/posix/native_posix/libboards__posix__native_posix.a(cmdline_common.c.obj)
                0x000000000804d477                cmd_is_option
 .text.cmd_is_help_option
                0x000000000804d51c       0x70 boards/posix/native_posix/libboards__posix__native_posix.a(cmdline_common.c.obj)
                0x000000000804d51c                cmd_is_help_option
 .text.cmd_read_option_value
                0x000000000804d58c      0x19c boards/posix/native_posix/libboards__posix__native_posix.a(cmdline_common.c.obj)
                0x000000000804d58c                cmd_read_option_value
 .text.cmd_args_set_defaults
                0x000000000804d728       0xa9 boards/posix/native_posix/libboards__posix__native_posix.a(cmdline_common.c.obj)
                0x000000000804d728                cmd_args_set_defaults
 .text.cmd_print_switches_help
                0x000000000804d7d1       0xd6 boards/posix/native_posix/libboards__posix__native_posix.a(cmdline_common.c.obj)
                0x000000000804d7d1                cmd_print_switches_help
 .text.cmd_print_long_help
                0x000000000804d8a7      0x13d boards/posix/native_posix/libboards__posix__native_posix.a(cmdline_common.c.obj)
                0x000000000804d8a7                cmd_print_long_help
 .text.cmd_parse_one_arg
                0x000000000804d9e4       0xc0 boards/posix/native_posix/libboards__posix__native_posix.a(cmdline_common.c.obj)
                0x000000000804d9e4                cmd_parse_one_arg
 .text.native_cleanup_cmd_line
                0x000000000804daa4       0x29 boards/posix/native_posix/libboards__posix__native_posix.a(cmdline.c.obj)
                0x000000000804daa4                native_cleanup_cmd_line
 .text.native_add_command_line_opts
                0x000000000804dacd       0x9d boards/posix/native_posix/libboards__posix__native_posix.a(cmdline.c.obj)
                0x000000000804dacd                native_add_command_line_opts
 .text.native_add_testargs_option
                0x000000000804db6a       0x19 boards/posix/native_posix/libboards__posix__native_posix.a(cmdline.c.obj)
                0x000000000804db6a                native_add_testargs_option
 .text.native_handle_cmd_line
                0x000000000804db83       0xb8 boards/posix/native_posix/libboards__posix__native_posix.a(cmdline.c.obj)
                0x000000000804db83                native_handle_cmd_line
 .text.hw_counter_init
                0x000000000804dc3b       0x5c boards/posix/native_posix/libboards__posix__native_posix.a(hw_counter.c.obj)
                0x000000000804dc3b                hw_counter_init
 .text.hw_counter_triggered
                0x000000000804dc97       0x7f boards/posix/native_posix/libboards__posix__native_posix.a(hw_counter.c.obj)
                0x000000000804dc97                hw_counter_triggered
 .text.run_test_rules
                0x000000000804dd16       0x44 subsys/testsuite/ztest/libsubsys__testsuite__ztest.a(ztest_new.c.obj)
 .text.ztest_find_test_suite
                0x000000000804dd5a       0x35 subsys/testsuite/ztest/libsubsys__testsuite__ztest.a(ztest_new.c.obj)
 .text.test_time_ms
                0x000000000804dd8f       0x4d subsys/testsuite/ztest/libsubsys__testsuite__ztest.a(ztest_new.c.obj)
 .text.test_cb  0x000000000804dddc       0x5f subsys/testsuite/ztest/libsubsys__testsuite__ztest.a(ztest_new.c.obj)
 .text.test_finalize
                0x000000000804de3b       0x26 subsys/testsuite/ztest/libsubsys__testsuite__ztest.a(ztest_new.c.obj)
 .text.ztest_relative_filename
                0x000000000804de61       0x90 subsys/testsuite/ztest/libsubsys__testsuite__ztest.a(ztest_new.c.obj)
                0x000000000804de61                ztest_relative_filename
 .text.ztest_test_fail
                0x000000000804def1       0x13 subsys/testsuite/ztest/libsubsys__testsuite__ztest.a(ztest_new.c.obj)
                0x000000000804def1                ztest_test_fail
 .text.ztest_get_next_test
                0x000000000804df04       0x41 subsys/testsuite/ztest/libsubsys__testsuite__ztest.a(ztest_new.c.obj)
                0x000000000804df04                ztest_get_next_test
 .text.z_ztest_run_test_suite_ptr
                0x000000000804df45      0x232 subsys/testsuite/ztest/libsubsys__testsuite__ztest.a(ztest_new.c.obj)
 .text.end_report
                0x000000000804e177       0x8d subsys/testsuite/ztest/libsubsys__testsuite__ztest.a(ztest_new.c.obj)
                0x000000000804e177                end_report
 .text.ztest_run_test_suites
                0x000000000804e204       0x60 subsys/testsuite/ztest/libsubsys__testsuite__ztest.a(ztest_new.c.obj)
                0x000000000804e204                ztest_run_test_suites
 .text.ztest_verify_all_test_suites_ran
                0x000000000804e264       0x88 subsys/testsuite/ztest/libsubsys__testsuite__ztest.a(ztest_new.c.obj)
                0x000000000804e264                ztest_verify_all_test_suites_ran
 .text.test_main
                0x000000000804e2ec       0x1a subsys/testsuite/ztest/libsubsys__testsuite__ztest.a(ztest_new.c.obj)
                0x000000000804e2ec                test_main
 .text.zephyr_app_main
                0x000000000804e306       0x1a subsys/testsuite/ztest/libsubsys__testsuite__ztest.a(ztest_new.c.obj)
                0x000000000804e306                zephyr_app_main
 .text.native_posix_console_init
                0x000000000804e320       0x48 drivers/console/libdrivers__console.a(native_posix_console.c.obj)
 .text.np_timer_isr
                0x000000000804e368       0x7e drivers/timer/libdrivers__timer.a(native_posix_timer.c.obj)
 .text.sys_clock_driver_init
                0x000000000804e3e6       0x75 drivers/timer/libdrivers__timer.a(native_posix_timer.c.obj)
 .text.sys_clock_cycle_get_32
                0x000000000804e45b       0x11 drivers/timer/libdrivers__timer.a(native_posix_timer.c.obj)
                0x000000000804e45b                sys_clock_cycle_get_32
 .text.sys_clock_set_timeout
                0x000000000804e46c       0x35 drivers/timer/libdrivers__timer.a(native_posix_timer.c.obj)
                0x000000000804e46c                sys_clock_set_timeout
 .text.sys_clock_elapsed
                0x000000000804e4a1       0x33 drivers/timer/libdrivers__timer.a(native_posix_timer.c.obj)
                0x000000000804e4a1                sys_clock_elapsed
 .text.z_log_msg2_runtime_create.constprop.0
                0x000000000804e4d4       0x24 kernel/libkernel.a(fatal.c.obj)
 .text.k_sys_fatal_error_handler
                0x000000000804e4f8       0x34 kernel/libkernel.a(fatal.c.obj)
                0x000000000804e4f8                k_sys_fatal_error_handler
 .text.z_fatal_error
                0x000000000804e52c       0xb6 kernel/libkernel.a(fatal.c.obj)
                0x000000000804e52c                z_fatal_error
 .text.bg_thread_main
                0x000000000804e5e2       0x40 kernel/libkernel.a(init.c.obj)
 .text.z_init_cpu
                0x000000000804e622       0x6c kernel/libkernel.a(init.c.obj)
                0x000000000804e622                z_init_cpu
 .text.z_cstart
                0x000000000804e68e       0xd9 kernel/libkernel.a(init.c.obj)
                0x000000000804e68e                z_cstart
 .text.init_mem_slab_module
                0x000000000804e767       0x99 kernel/libkernel.a(mem_slab.c.obj)
 .text.z_impl_k_thread_name_set
                0x000000000804e800       0x33 kernel/libkernel.a(thread.c.obj)
                0x000000000804e800                z_impl_k_thread_name_set
 .text.k_thread_name_get
                0x000000000804e833        0xf kernel/libkernel.a(thread.c.obj)
                0x000000000804e833                k_thread_name_get
 .text.z_impl_k_thread_start
                0x000000000804e842        0x9 kernel/libkernel.a(thread.c.obj)
                0x000000000804e842                z_impl_k_thread_start
 .text.z_setup_new_thread
                0x000000000804e84b       0xfe kernel/libkernel.a(thread.c.obj)
                0x000000000804e84b                z_setup_new_thread
 .text.z_impl_k_thread_create
                0x000000000804e949       0xb9 kernel/libkernel.a(thread.c.obj)
                0x000000000804e949                z_impl_k_thread_create
 .text.z_init_static_threads
                0x000000000804ea02      0x13e kernel/libkernel.a(thread.c.obj)
                0x000000000804ea02                z_init_static_threads
 .text.z_spin_lock_valid
                0x000000000804eb40       0x25 kernel/libkernel.a(thread.c.obj)
                0x000000000804eb40                z_spin_lock_valid
 .text.z_spin_unlock_valid
                0x000000000804eb65       0x29 kernel/libkernel.a(thread.c.obj)
                0x000000000804eb65                z_spin_unlock_valid
 .text.z_spin_lock_set_owner
                0x000000000804eb8e       0x1b kernel/libkernel.a(thread.c.obj)
                0x000000000804eb8e                z_spin_lock_set_owner
 .text.idle     0x000000000804eba9       0x48 kernel/libkernel.a(idle.c.obj)
                0x000000000804eba9                idle
 .text.z_reset_time_slice
                0x000000000804ebf1       0x37 kernel/libkernel.a(sched.c.obj)
                0x000000000804ebf1                z_reset_time_slice
 .text.k_sched_time_slice_set
                0x000000000804ec28      0x143 kernel/libkernel.a(sched.c.obj)
                0x000000000804ec28                k_sched_time_slice_set
 .text.z_reschedule
                0x000000000804ed6b       0xda kernel/libkernel.a(sched.c.obj)
                0x000000000804ed6b                z_reschedule
 .text.z_reschedule_irqlock
                0x000000000804ee45       0x25 kernel/libkernel.a(sched.c.obj)
                0x000000000804ee45                z_reschedule_irqlock
 .text.z_reschedule_unlocked
                0x000000000804ee6a       0x19 kernel/libkernel.a(sched.c.obj)
 .text.k_sched_lock
                0x000000000804ee83      0x163 kernel/libkernel.a(sched.c.obj)
                0x000000000804ee83                k_sched_lock
 .text.z_priq_dumb_remove
                0x000000000804efe6       0x5d kernel/libkernel.a(sched.c.obj)
                0x000000000804efe6                z_priq_dumb_remove
 .text.unpend_thread_no_timeout
                0x000000000804f043       0x58 kernel/libkernel.a(sched.c.obj)
 .text.z_priq_dumb_best
                0x000000000804f09b       0x18 kernel/libkernel.a(sched.c.obj)
                0x000000000804f09b                z_priq_dumb_best
 .text.update_cache
                0x000000000804f0b3       0xa0 kernel/libkernel.a(sched.c.obj)
 .text.move_thread_to_end_of_prio_q
                0x000000000804f153       0xc5 kernel/libkernel.a(sched.c.obj)
 .text.z_time_slice
                0x000000000804f218      0x13b kernel/libkernel.a(sched.c.obj)
                0x000000000804f218                z_time_slice
 .text.ready_thread
                0x000000000804f353       0xc5 kernel/libkernel.a(sched.c.obj)
 .text.z_ready_thread
                0x000000000804f418       0xdc kernel/libkernel.a(sched.c.obj)
                0x000000000804f418                z_ready_thread
 .text.z_sched_start
                0x000000000804f4f4      0x100 kernel/libkernel.a(sched.c.obj)
                0x000000000804f4f4                z_sched_start
 .text.z_thread_timeout
                0x000000000804f5f4       0xfb kernel/libkernel.a(sched.c.obj)
                0x000000000804f5f4                z_thread_timeout
 .text.unready_thread
                0x000000000804f6ef       0x38 kernel/libkernel.a(sched.c.obj)
 .text.add_to_waitq_locked
                0x000000000804f727       0x98 kernel/libkernel.a(sched.c.obj)
 .text.k_sched_unlock
                0x000000000804f7bf      0x16e kernel/libkernel.a(sched.c.obj)
                0x000000000804f7bf                k_sched_unlock
 .text.z_sched_init
                0x000000000804f92d       0x2c kernel/libkernel.a(sched.c.obj)
                0x000000000804f92d                z_sched_init
 .text.z_impl_z_current_get
                0x000000000804f959        0xa kernel/libkernel.a(sched.c.obj)
                0x000000000804f959                z_impl_z_current_get
 .text.z_thread_abort
                0x000000000804f963      0x217 kernel/libkernel.a(sched.c.obj)
                0x000000000804f963                z_thread_abort
 .text.z_impl_k_thread_join
                0x000000000804fb7a      0x1fe kernel/libkernel.a(sched.c.obj)
                0x000000000804fb7a                z_impl_k_thread_join
 .text.elapsed  0x000000000804fd78       0x11 kernel/libkernel.a(timeout.c.obj)
 .text.remove_timeout
                0x000000000804fd89       0x3a kernel/libkernel.a(timeout.c.obj)
 .text.next_timeout
                0x000000000804fdc3       0x60 kernel/libkernel.a(timeout.c.obj)
 .text.z_add_timeout
                0x000000000804fe23      0x257 kernel/libkernel.a(timeout.c.obj)
                0x000000000804fe23                z_add_timeout
 .text.z_abort_timeout
                0x000000000805007a       0xed kernel/libkernel.a(timeout.c.obj)
                0x000000000805007a                z_abort_timeout
 .text.z_set_timeout_expiry
                0x0000000008050167      0x10c kernel/libkernel.a(timeout.c.obj)
                0x0000000008050167                z_set_timeout_expiry
 .text.sys_clock_announce
                0x0000000008050273      0x273 kernel/libkernel.a(timeout.c.obj)
                0x0000000008050273                sys_clock_announce
 .text.boot_banner
                0x00000000080504e6       0x23 kernel/libkernel.a(banner.c.obj)
                0x00000000080504e6                boot_banner
 .text.z_device_state_init
                0x0000000008050509        0x5 kernel/libkernel.a(device.c.obj)
                0x0000000008050509                z_device_state_init
 .text.z_sys_init_run_level
                0x000000000805050e       0x60 kernel/libkernel.a(device.c.obj)
                0x000000000805050e                z_sys_init_run_level
 .text.__x86.get_pc_thunk.bp
                0x000000000805056e        0x4 /usr/lib32/libc_nonshared.a(elf-init.oS)
                0x000000000805056e                __x86.get_pc_thunk.bp
 *(SORT_BY_ALIGNMENT(.gnu.warning))

.fini           0x0000000008050574       0x18
 *(SORT_NONE(.fini))
 .fini          0x0000000008050574       0x13 /usr/lib/gcc/x86_64-linux-gnu/9/../../../../lib32/crti.o
                0x0000000008050574                _fini
 .fini          0x0000000008050587        0x5 /usr/lib/gcc/x86_64-linux-gnu/9/../../../../lib32/crtn.o
                [!provide]                        PROVIDE (__etext = .)
                [!provide]                        PROVIDE (_etext = .)
                [!provide]                        PROVIDE (etext = .)
                0x0000000008051000                . = ALIGN (CONSTANT (MAXPAGESIZE))
                0x0000000008051000                . = SEGMENT_START ("rodata-segment", (ALIGN (CONSTANT (MAXPAGESIZE)) + (. & (CONSTANT (MAXPAGESIZE) - 0x1))))

.rodata         0x0000000008051000     0x21df
 *(SORT_BY_ALIGNMENT(.rodata) SORT_BY_ALIGNMENT(.rodata.*) SORT_BY_ALIGNMENT(.gnu.linkonce.r.*))
 .rodata.log_backend_native_posix_api
                0x0000000008051000       0x20 libzephyr.a(log_backend_native_posix.c.obj)
                0x0000000008051000                log_backend_native_posix_api
 .rodata.cst4   0x0000000008051020        0x4 /usr/lib/gcc/x86_64-linux-gnu/9/../../../../lib32/crt1.o
                0x0000000008051020                _IO_stdin_used
 .rodata.cbvprintf_package
                0x0000000008051024      0x144 libzephyr.a(cbprintf_packaged.c.obj)
 .rodata.cbvprintf
                0x0000000008051168       0xfc libzephyr.a(cbprintf_complete.c.obj)
 .rodata.format_table
                0x0000000008051264        0xc libzephyr.a(log_core.c.obj)
 .rodata.colors
                0x0000000008051270       0x14 libzephyr.a(log_output.c.obj)
 .rodata.severity
                0x0000000008051284       0x14 libzephyr.a(log_output.c.obj)
 .rodata.log_output_posix
                0x0000000008051298       0x10 libzephyr.a(log_backend_native_posix.c.obj)
 .rodata.native_pre_tasks.6145
                0x00000000080512a8       0x18 soc/posix/inf_clock/libsoc__posix__inf_clock.a(soc.c.obj)
 .rodata.cst4   0x00000000080512c0        0x8 boards/posix/native_posix/libboards__posix__native_posix.a(hw_models_top.c.obj)
 .rodata.cst4   0x00000000080512c8        0xc boards/posix/native_posix/libboards__posix__native_posix.a(timer_model.c.obj)
                                         0x14 (size before relaxing)
 .rodata.__func__.5049
                0x00000000080512d4       0x1d boards/posix/native_posix/libboards__posix__native_posix.a(irq_handler.c.obj)
 *fill*         0x00000000080512f1        0x3 
 .rodata.cst4   0x00000000080512f4        0x4 boards/posix/native_posix/libboards__posix__native_posix.a(cmdline_common.c.obj)
 .rodata.CSWTCH.28
                0x00000000080512f8        0xc subsys/testsuite/ztest/libsubsys__testsuite__ztest.a(ztest_new.c.obj)
 .rodata.CSWTCH.14
                0x0000000008051304       0x14 kernel/libkernel.a(fatal.c.obj)
 .rodata.levels.4786
                0x0000000008051318       0x14 kernel/libkernel.a(device.c.obj)
 .rodata.z_zassert.constprop.0.str1.1
                0x000000000805132c       0x62 ../app/libapp.a(test_assert.cpp.obj)
 .rodata._ZL25_base_test_assert_wrapperPv.str1.1
                0x000000000805138e       0xd7 ../app/libapp.a(test_assert.cpp.obj)
 .rodata.str1.1
                0x0000000008051465        0x5 ../app/libapp.a(test_assert.cpp.obj)
                                         0x11 (size before relaxing)
 .rodata.z_zassert.constprop.0.str1.1
                0x000000000805146a       0x50 ../app/libapp.a(test_math.cpp.obj)
                                         0x79 (size before relaxing)
 .rodata._ZL28_math_test_factorial_wrapperPv.str1.1
                0x00000000080514ba       0xf8 ../app/libapp.a(test_math.cpp.obj)
 .rodata._ZL24_math_test_power_wrapperPv.str1.1
                0x00000000080515b2       0xe9 ../app/libapp.a(test_math.cpp.obj)
 .rodata._ZL27_math_test_modulate_wrapperPv.str1.1
                0x000000000805169b       0xcb ../app/libapp.a(test_math.cpp.obj)
 .rodata._ZL25_math_test_divide_wrapperPv.str1.1
                0x0000000008051766       0xc1 ../app/libapp.a(test_math.cpp.obj)
 .rodata._ZL27_math_test_multiply_wrapperPv.str1.1
                0x0000000008051827       0xfd ../app/libapp.a(test_math.cpp.obj)
 .rodata._ZL27_math_test_subtract_wrapperPv.str1.1
                0x0000000008051924       0xcb ../app/libapp.a(test_math.cpp.obj)
 .rodata._ZL22_math_test_add_wrapperPv.str1.1
                0x00000000080519ef       0xdf ../app/libapp.a(test_math.cpp.obj)
 .rodata.str1.1
                0x0000000008051ace        0x5 ../app/libapp.a(test_math.cpp.obj)
                                         0x5e (size before relaxing)
 .rodata.z_zassert.constprop.0.str1.1
                0x0000000008051ad3       0x38 ../app/libapp.a(test_mock.cpp.obj)
                                         0x89 (size before relaxing)
 .rodata._ZL24_mock_test_stuff_wrapperPv.str1.1
                0x0000000008051b0b       0xde ../app/libapp.a(test_mock.cpp.obj)
 .rodata.str1.1
                0x0000000008051be9        0x5 ../app/libapp.a(test_mock.cpp.obj)
                                         0x10 (size before relaxing)
 .rodata.cbvprintf_package.str1.1
                0x0000000008051bee       0xb2 libzephyr.a(cbprintf_packaged.c.obj)
                                         0xb4 (size before relaxing)
 .rodata.z_thread_entry.str1.1
                0x0000000008051ca0       0x4e libzephyr.a(thread_entry.c.obj)
 .rodata.cbvprintf.str1.1
                0x0000000008051cee        0x6 libzephyr.a(cbprintf_complete.c.obj)
 .rodata.assert_post_action.str1.1
                0x0000000008051cf4       0x23 libzephyr.a(assert.c.obj)
                                         0x2c (size before relaxing)
 .rodata.msg_process.str1.1
                0x0000000008051d17       0x4b libzephyr.a(log_core.c.obj)
                                         0x68 (size before relaxing)
 .rodata.z_log_get_s_mask.str1.1
                0x0000000008051d62       0x45 libzephyr.a(log_core.c.obj)
 .rodata.log_init.str1.1
                0x0000000008051da7       0x24 libzephyr.a(log_core.c.obj)
 .rodata.str1.1
                0x0000000008051dcb        0x4 libzephyr.a(log_core.c.obj)
 .rodata.z_impl_log_filter_set.str1.1
                0x0000000008051dcf       0x58 libzephyr.a(log_mgmt.c.obj)
                                         0x75 (size before relaxing)
 .rodata.log_backend_enable.str1.1
                0x0000000008051e27       0x38 libzephyr.a(log_mgmt.c.obj)
 .rodata.prefix_print.str1.1
                0x0000000008051e5f       0x3d libzephyr.a(log_output.c.obj)
                                         0x40 (size before relaxing)
 .rodata.hexdump_line_print.str1.1
                0x0000000008051e9c       0x12 libzephyr.a(log_output.c.obj)
                                         0x16 (size before relaxing)
 .rodata.log_output_msg_process.str1.1
                0x0000000008051eae       0x3e libzephyr.a(log_output.c.obj)
                                         0x5b (size before relaxing)
 .rodata.log_output_msg2_process.str1.1
                0x0000000008051eec        0x9 libzephyr.a(log_output.c.obj)
 .rodata.str1.1
                0x0000000008051ef5       0x20 libzephyr.a(log_output.c.obj)
 .rodata.z_impl_z_log_msg2_static_create.str1.1
                0x0000000008051f15       0x2d libzephyr.a(log_msg2.c.obj)
                                         0x53 (size before relaxing)
 .rodata.z_impl_z_log_msg2_runtime_vcreate.str1.1
                0x0000000008051f42        0xa libzephyr.a(log_msg2.c.obj)
 .rodata.char_out.str1.1
                0x0000000008051f4c        0xa libzephyr.a(log_backend_native_posix.c.obj)
                                          0x4 (size before relaxing)
 .rodata.str1.1
                0x0000000008051f4c       0x19 libzephyr.a(log_backend_native_posix.c.obj)
 .rodata.arch_system_halt.str1.1
                0x0000000008051f65       0x47 arch/arch/posix/core/libarch__posix__core.a(fatal.c.obj)
                                         0x6c (size before relaxing)
 .rodata.pc_safe_call.str1.1
                0x0000000008051fac       0x1a arch/arch/posix/core/libarch__posix__core.a(posix_core.c.obj)
 .rodata.posix_preexit_cleanup.str1.1
                0x0000000008051fc6       0x23 arch/arch/posix/core/libarch__posix__core.a(posix_core.c.obj)
 .rodata.posix_thread_starter.str1.1
                0x0000000008051fe9       0x21 arch/arch/posix/core/libarch__posix__core.a(posix_core.c.obj)
 .rodata.posix_swap.str1.1
                0x000000000805200a       0x26 arch/arch/posix/core/libarch__posix__core.a(posix_core.c.obj)
 .rodata.posix_new_thread.str1.1
                0x0000000008052030       0x8c arch/arch/posix/core/libarch__posix__core.a(posix_core.c.obj)
 .rodata.posix_core_clean_up.str1.1
                0x00000000080520bc       0x34 arch/arch/posix/core/libarch__posix__core.a(posix_core.c.obj)
 .rodata.z_impl_k_thread_abort.str1.1
                0x00000000080520f0       0x7c arch/arch/posix/core/libarch__posix__core.a(posix_core.c.obj)
 .rodata.pc_safe_call.str1.1
                0x000000000805216c       0x1a soc/posix/inf_clock/libsoc__posix__inf_clock.a(soc.c.obj)
 .rodata.zephyr_wrapper.str1.1
                0x000000000805216c       0x3c soc/posix/inf_clock/libsoc__posix__inf_clock.a(soc.c.obj)
 .rodata.posix_change_cpu_state_and_wait.str1.1
                0x00000000080521a8       0x22 soc/posix/inf_clock/libsoc__posix__inf_clock.a(soc.c.obj)
 .rodata.posix_boot_cpu.str1.1
                0x00000000080521ca       0x3b soc/posix/inf_clock/libsoc__posix__inf_clock.a(soc.c.obj)
 .rodata.hwm_set_sig_handler.str1.1
                0x0000000008052205       0x57 boards/posix/native_posix/libboards__posix__native_posix.a(hw_models_top.c.obj)
                                         0x71 (size before relaxing)
 .rodata.hwm_main_loop.str1.1
                0x000000000805225c       0x67 boards/posix/native_posix/libboards__posix__native_posix.a(hw_models_top.c.obj)
 .rodata.cmd_rt_ratio_found.str1.1
                0x00000000080522c3       0x3c boards/posix/native_posix/libboards__posix__native_posix.a(timer_model.c.obj)
 .rodata.cmd_rt_drift_found.str1.1
                0x00000000080522ff       0x3d boards/posix/native_posix/libboards__posix__native_posix.a(timer_model.c.obj)
 .rodata.cmd_stop_at_found.str1.1
                0x000000000805233c       0x26 boards/posix/native_posix/libboards__posix__native_posix.a(timer_model.c.obj)
 .rodata.str1.1
                0x0000000008052362      0x3d9 boards/posix/native_posix/libboards__posix__native_posix.a(timer_model.c.obj)
                                        0x3e8 (size before relaxing)
 .rodata.posix_irq_handler.str1.1
                0x000000000805273b       0x2e boards/posix/native_posix/libboards__posix__native_posix.a(irq_handler.c.obj)
 .rodata.posix_irq_handler_im_from_sw.str1.1
                0x0000000008052769       0x35 boards/posix/native_posix/libboards__posix__native_posix.a(irq_handler.c.obj)
 .rodata.str1.1
                0x000000000805279e       0xb8 boards/posix/native_posix/libboards__posix__native_posix.a(tracing.c.obj)
                                         0xbe (size before relaxing)
 .rodata.cmd_gen_switch_syntax.constprop.0.str1.1
                0x0000000008052856       0x72 boards/posix/native_posix/libboards__posix__native_posix.a(cmdline_common.c.obj)
                                         0x77 (size before relaxing)
 .rodata.cmd_is_option.str1.1
                0x00000000080528c8       0x5a boards/posix/native_posix/libboards__posix__native_posix.a(cmdline_common.c.obj)
 .rodata.cmd_is_help_option.str1.1
                0x0000000008052922        0x2 boards/posix/native_posix/libboards__posix__native_posix.a(cmdline_common.c.obj)
                                          0x9 (size before relaxing)
 .rodata.cmd_read_option_value.str1.1
                0x0000000008052924       0x67 boards/posix/native_posix/libboards__posix__native_posix.a(cmdline_common.c.obj)
                                         0x76 (size before relaxing)
 .rodata.cmd_print_switches_help.str1.1
                0x000000000805298b       0x19 boards/posix/native_posix/libboards__posix__native_posix.a(cmdline_common.c.obj)
                                         0x22 (size before relaxing)
 .rodata.cmd_print_long_help.str1.1
                0x00000000080529a4       0x7e boards/posix/native_posix/libboards__posix__native_posix.a(cmdline_common.c.obj)
                                         0x7f (size before relaxing)
 .rodata.cmd_parse_one_arg.str1.1
                0x0000000008052a22       0x4b boards/posix/native_posix/libboards__posix__native_posix.a(cmdline_common.c.obj)
 .rodata.native_add_command_line_opts.str1.1
                0x0000000008052a6d       0x1a boards/posix/native_posix/libboards__posix__native_posix.a(cmdline.c.obj)
 .rodata.native_handle_cmd_line.str1.1
                0x0000000008052a87       0x5f boards/posix/native_posix/libboards__posix__native_posix.a(cmdline.c.obj)
 .rodata.str1.1
                0x0000000008052ae6       0x66 boards/posix/native_posix/libboards__posix__native_posix.a(cmdline.c.obj)
 .rodata.z_ztest_run_test_suite_ptr.str1.1
                0x0000000008052b4c       0xb8 subsys/testsuite/ztest/libsubsys__testsuite__ztest.a(ztest_new.c.obj)
 .rodata.end_report.str1.1
                0x0000000008052c04       0x51 subsys/testsuite/ztest/libsubsys__testsuite__ztest.a(ztest_new.c.obj)
 .rodata.ztest_verify_all_test_suites_ran.str1.1
                0x0000000008052c55       0x67 subsys/testsuite/ztest/libsubsys__testsuite__ztest.a(ztest_new.c.obj)
 .rodata.str1.1
                0x0000000008052cbc        0xa subsys/testsuite/ztest/libsubsys__testsuite__ztest.a(ztest_new.c.obj)
 .rodata.k_sys_fatal_error_handler.str1.1
                0x0000000008052cc6        0xf kernel/libkernel.a(fatal.c.obj)
 .rodata.z_fatal_error.str1.1
                0x0000000008052cd5       0x56 kernel/libkernel.a(fatal.c.obj)
 .rodata.str1.1
                0x0000000008052d2b       0x4a kernel/libkernel.a(fatal.c.obj)
 .rodata.z_init_cpu.str1.1
                0x0000000008052d75        0x5 kernel/libkernel.a(init.c.obj)
 .rodata.z_cstart.str1.1
                0x0000000008052d7a       0x26 kernel/libkernel.a(init.c.obj)
                                         0x4b (size before relaxing)
 .rodata.str1.1
                0x0000000008052da0        0x3 kernel/libkernel.a(init.c.obj)
 .rodata.init_mem_slab_module.str1.1
                0x0000000008052da3       0x61 kernel/libkernel.a(mem_slab.c.obj)
                                         0x7e (size before relaxing)
 .rodata.z_setup_new_thread.str1.1
                0x0000000008052e04       0xd4 kernel/libkernel.a(thread.c.obj)
                                         0xf1 (size before relaxing)
 .rodata.z_impl_k_thread_create.str1.1
                0x0000000008052ed8       0x37 kernel/libkernel.a(thread.c.obj)
 .rodata.z_init_static_threads.str1.1
                0x0000000008052f0f       0x2d kernel/libkernel.a(thread.c.obj)
                                         0x4c (size before relaxing)
 .rodata.idle.str1.1
                0x0000000008052f3c       0x49 kernel/libkernel.a(idle.c.obj)
                                         0x66 (size before relaxing)
 .rodata.k_sched_time_slice_set.str1.1
                0x0000000008052f85       0x86 kernel/libkernel.a(sched.c.obj)
                                         0xa3 (size before relaxing)
 .rodata.k_sched_lock.str1.1
                0x000000000805300b       0x5f kernel/libkernel.a(sched.c.obj)
                                         0x71 (size before relaxing)
 .rodata.z_priq_dumb_remove.str1.1
                0x000000000805306a       0x43 kernel/libkernel.a(sched.c.obj)
 .rodata.unpend_thread_no_timeout.str1.1
                0x00000000080530ad       0x17 kernel/libkernel.a(sched.c.obj)
 .rodata.update_cache.str1.1
                0x00000000080530c4       0x27 kernel/libkernel.a(sched.c.obj)
 .rodata.k_sched_unlock.str1.1
                0x00000000080530eb       0x31 kernel/libkernel.a(sched.c.obj)
 .rodata.z_thread_abort.str1.1
                0x000000000805311c       0x22 kernel/libkernel.a(sched.c.obj)
                                         0x24 (size before relaxing)
 .rodata.z_impl_k_thread_join.str1.1
                0x000000000805313e       0x15 kernel/libkernel.a(sched.c.obj)
 .rodata.z_add_timeout.str1.1
                0x0000000008053153       0x44 kernel/libkernel.a(timeout.c.obj)
                                         0xea (size before relaxing)
 .rodata.boot_banner.str1.1
                0x0000000008053197       0x48 kernel/libkernel.a(banner.c.obj)
                                         0x49 (size before relaxing)

.rodata1
 *(SORT_BY_ALIGNMENT(.rodata1))

.eh_frame_hdr   0x00000000080531e0       0x44
 *(SORT_BY_ALIGNMENT(.eh_frame_hdr))
 .eh_frame_hdr  0x00000000080531e0       0x44 /usr/lib/gcc/x86_64-linux-gnu/9/../../../../lib32/crt1.o
                0x00000000080531e0                __GNU_EH_FRAME_HDR
 *(SORT_BY_ALIGNMENT(.eh_frame_entry) SORT_BY_ALIGNMENT(.eh_frame_entry.*))

.eh_frame       0x0000000008053224       0xf0
 *(SORT_BY_ALIGNMENT(.eh_frame))
 .eh_frame      0x0000000008053224       0x40 /usr/lib/gcc/x86_64-linux-gnu/9/../../../../lib32/crt1.o
                                         0x58 (size before relaxing)
 .eh_frame      0x0000000008053264       0x24 /usr/lib/gcc/x86_64-linux-gnu/9/../../../../lib32/crt1.o
                                         0x40 (size before relaxing)
 .eh_frame      0x0000000008053288        0x0 /usr/lib/gcc/x86_64-linux-gnu/9/../../../../lib32/crt1.o
 .eh_frame      0x0000000008053288       0x14 /usr/lib/gcc/x86_64-linux-gnu/9/../../../../lib32/crt1.o
                                         0x2c (size before relaxing)
 .eh_frame      0x000000000805329c       0x74 /usr/lib32/libc_nonshared.a(elf-init.oS)
                                         0x8c (size before relaxing)
 .eh_frame      0x0000000008053310        0x4 /usr/lib/gcc/x86_64-linux-gnu/9/32/crtend.o
 *(SORT_BY_ALIGNMENT(.eh_frame.*))

.gcc_except_table
 *(SORT_BY_ALIGNMENT(.gcc_except_table) SORT_BY_ALIGNMENT(.gcc_except_table.*))

.gnu_extab
 *(SORT_BY_ALIGNMENT(.gnu_extab*))

.exception_ranges
 *(SORT_BY_ALIGNMENT(.exception_ranges*))
                0x0000000008054f08                . = DATA_SEGMENT_ALIGN (CONSTANT (MAXPAGESIZE), CONSTANT (COMMONPAGESIZE))

.eh_frame
 *(SORT_BY_ALIGNMENT(.eh_frame))
 *(SORT_BY_ALIGNMENT(.eh_frame.*))

.gnu_extab
 *(SORT_BY_ALIGNMENT(.gnu_extab))

.gcc_except_table
 *(SORT_BY_ALIGNMENT(.gcc_except_table) SORT_BY_ALIGNMENT(.gcc_except_table.*))

.exception_ranges
 *(SORT_BY_ALIGNMENT(.exception_ranges*))

.tdata          0x0000000008054f08        0x0
                [!provide]                        PROVIDE (__tdata_start = .)
 *(SORT_BY_ALIGNMENT(.tdata) SORT_BY_ALIGNMENT(.tdata.*) SORT_BY_ALIGNMENT(.gnu.linkonce.td.*))

.tbss
 *(SORT_BY_ALIGNMENT(.tbss) SORT_BY_ALIGNMENT(.tbss.*) SORT_BY_ALIGNMENT(.gnu.linkonce.tb.*))
 *(SORT_BY_ALIGNMENT(.tcommon))

.preinit_array  0x0000000008054f08        0x0
                [!provide]                        PROVIDE (__preinit_array_start = .)
 *(SORT_BY_ALIGNMENT(.preinit_array))
                [!provide]                        PROVIDE (__preinit_array_end = .)

.init_array     0x0000000008054f08        0x0
                [!provide]                        PROVIDE (__init_array_start = .)
 *(SORT_BY_INIT_PRIORITY(.init_array.*) SORT_BY_INIT_PRIORITY(.ctors.*))
 *(SORT_BY_ALIGNMENT(.init_array) SORT_BY_ALIGNMENT(EXCLUDE_FILE(*crtend?.o *crtend.o *crtbegin?.o *crtbegin.o) .ctors))
                [!provide]                        PROVIDE (__init_array_end = .)

.fini_array     0x0000000008054f08        0x4
                [!provide]                        PROVIDE (__fini_array_start = .)
 *(SORT_BY_INIT_PRIORITY(.fini_array.*) SORT_BY_INIT_PRIORITY(.dtors.*))
 *(SORT_BY_ALIGNMENT(.fini_array) SORT_BY_ALIGNMENT(EXCLUDE_FILE(*crtend?.o *crtend.o *crtbegin?.o *crtbegin.o) .dtors))
 .fini_array    0x0000000008054f08        0x4 /usr/lib/gcc/x86_64-linux-gnu/9/32/crtbegin.o
                [!provide]                        PROVIDE (__fini_array_end = .)

.ctors
 *crtbegin.o(SORT_BY_ALIGNMENT(.ctors))
 *crtbegin?.o(SORT_BY_ALIGNMENT(.ctors))
 *(SORT_BY_ALIGNMENT(EXCLUDE_FILE(*crtend?.o *crtend.o) .ctors))
 *(SORT_BY_NAME(SORT_BY_ALIGNMENT(.ctors.*)))
 *(SORT_BY_ALIGNMENT(.ctors))

.dtors
 *crtbegin.o(SORT_BY_ALIGNMENT(.dtors))
 *crtbegin?.o(SORT_BY_ALIGNMENT(.dtors))
 *(SORT_BY_ALIGNMENT(EXCLUDE_FILE(*crtend?.o *crtend.o) .dtors))
 *(SORT_BY_NAME(SORT_BY_ALIGNMENT(.dtors.*)))
 *(SORT_BY_ALIGNMENT(.dtors))

.jcr
 *(SORT_BY_ALIGNMENT(.jcr))

.data.rel.ro    0x0000000008054f0c        0x0
 *(SORT_BY_ALIGNMENT(.data.rel.ro.local*) SORT_BY_ALIGNMENT(.gnu.linkonce.d.rel.ro.local.*))
 *(SORT_BY_ALIGNMENT(.data.rel.ro) SORT_BY_ALIGNMENT(.data.rel.ro.*) SORT_BY_ALIGNMENT(.gnu.linkonce.d.rel.ro.*))
 .data.rel.ro   0x0000000008054f0c        0x0 /usr/lib/gcc/x86_64-linux-gnu/9/../../../../lib32/crt1.o

.dynamic        0x0000000008054f0c       0xf0
 *(SORT_BY_ALIGNMENT(.dynamic))
 .dynamic       0x0000000008054f0c       0xf0 /usr/lib/gcc/x86_64-linux-gnu/9/../../../../lib32/crt1.o
                0x0000000008054f0c                _DYNAMIC

.got            0x0000000008054ffc        0x4
 *(SORT_BY_ALIGNMENT(.got))
 .got           0x0000000008054ffc        0x4 /usr/lib/gcc/x86_64-linux-gnu/9/../../../../lib32/crt1.o
 *(SORT_BY_ALIGNMENT(.igot))
                0x0000000008055ff4                . = DATA_SEGMENT_RELRO_END (., (SIZEOF (.got.plt) >= 0xc)?0xc:0x0)

.got.plt        0x0000000008055000       0xbc
 *(SORT_BY_ALIGNMENT(.got.plt))
 .got.plt       0x0000000008055000       0xbc /usr/lib/gcc/x86_64-linux-gnu/9/../../../../lib32/crt1.o
                0x0000000008055000                _GLOBAL_OFFSET_TABLE_
 *(SORT_BY_ALIGNMENT(.igot.plt))
 .igot.plt      0x00000000080550bc        0x0 /usr/lib/gcc/x86_64-linux-gnu/9/../../../../lib32/crt1.o

.data           0x00000000080550c0      0x1d9
 *(SORT_BY_ALIGNMENT(.data) SORT_BY_ALIGNMENT(.data.*) SORT_BY_ALIGNMENT(.gnu.linkonce.d.*))
 .data.timer_options.2813
                0x00000000080550c0       0xe0 boards/posix/native_posix/libboards__posix__native_posix.a(timer_model.c.obj)
 .data.trace_options.3157
                0x00000000080551a0       0x70 boards/posix/native_posix/libboards__posix__native_posix.a(tracing.c.obj)
 *fill*         0x0000000008055210       0x10 
 .data.testargs_options.2149
                0x0000000008055220       0x38 boards/posix/native_posix/libboards__posix__native_posix.a(cmdline.c.obj)
 .data.end_of_time
                0x0000000008055258        0x8 boards/posix/native_posix/libboards__posix__native_posix.a(hw_models_top.c.obj)
 .data.clock_ratio
                0x0000000008055260        0x8 boards/posix/native_posix/libboards__posix__native_posix.a(timer_model.c.obj)
 .data.irq_ctrl_timer
                0x0000000008055268        0x8 boards/posix/native_posix/libboards__posix__native_posix.a(irq_ctrl.c.obj)
                0x0000000008055268                irq_ctrl_timer
 .data._char_out
                0x0000000008055270        0x4 libzephyr.a(printk.c.obj)
                0x0000000008055270                _char_out
 .data.timestamp_func
                0x0000000008055274        0x4 libzephyr.a(log_core.c.obj)
 .data.next_timer_index
                0x0000000008055278        0x4 boards/posix/native_posix/libboards__posix__native_posix.a(hw_models_top.c.obj)
 .data.currently_running_irq
                0x000000000805527c        0x4 boards/posix/native_posix/libboards__posix__native_posix.a(irq_handler.c.obj)
 .data.currently_running_prio
                0x0000000008055280        0x4 boards/posix/native_posix/libboards__posix__native_posix.a(irq_ctrl.c.obj)
 .data.is_a_tty
                0x0000000008055284        0x8 boards/posix/native_posix/libboards__posix__native_posix.a(tracing.c.obj)
 .data.phase    0x000000000805528c        0x4 subsys/testsuite/ztest/libsubsys__testsuite__ztest.a(ztest_new.c.obj)
                0x000000000805528c                phase
 .data.timeout_list
                0x0000000008055290        0x8 kernel/libkernel.a(timeout.c.obj)
 .data.cpu_halted
                0x0000000008055298        0x1 soc/posix/inf_clock/libsoc__posix__inf_clock.a(soc.c.obj)
LOAD /usr/lib/gcc/x86_64-linux-gnu/9/../../../../lib32/crt1.o
LOAD /usr/lib/gcc/x86_64-linux-gnu/9/../../../../lib32/crti.o
LOAD /usr/lib/gcc/x86_64-linux-gnu/9/32/crtbegin.o
LOAD CMakeFiles/zephyr_pre1.dir/misc/empty_file.c.obj
LOAD CMakeFiles/zephyr_pre1.dir/dev_handles.c.obj
LOAD CMakeFiles/offsets.dir/arch/posix/core/offsets/offsets.c.obj

.tm_clone_table
                0x000000000805529c        0x0
 .tm_clone_table
                0x000000000805529c        0x0 /usr/lib/gcc/x86_64-linux-gnu/9/32/crtbegin.o
 .tm_clone_table
                0x000000000805529c        0x0 /usr/lib/gcc/x86_64-linux-gnu/9/32/crtend.o

.noinit."WEST_TOPDIR/zephyr/subsys/testsuite/ztest/src/ztest_new.c".1
                0x000000000805529c      0x400
 .noinit."WEST_TOPDIR/zephyr/subsys/testsuite/ztest/src/ztest_new.c".1
                0x000000000805529c      0x400 subsys/testsuite/ztest/libsubsys__testsuite__ztest.a(ztest_new.c.obj)
                0x000000000805529c                ztest_thread_stack

.noinit."WEST_TOPDIR/zephyr/kernel/init.c".2
                0x000000000805569c      0x800
 .noinit."WEST_TOPDIR/zephyr/kernel/init.c".2
                0x000000000805569c      0x800 kernel/libkernel.a(init.c.obj)
                0x000000000805569c                z_interrupt_stacks

.noinit."WEST_TOPDIR/zephyr/kernel/init.c".1
                0x0000000008055e9c      0x100
 .noinit."WEST_TOPDIR/zephyr/kernel/init.c".1
                0x0000000008055e9c      0x100 kernel/libkernel.a(init.c.obj)

.noinit."WEST_TOPDIR/zephyr/kernel/init.c".0
                0x0000000008055f9c      0x200
 .noinit."WEST_TOPDIR/zephyr/kernel/init.c".0
                0x0000000008055f9c      0x200 kernel/libkernel.a(init.c.obj)
                0x0000000008055f9c                z_main_stack

rom_start

initlevel       0x000000000805619c       0x20
                0x000000000805619c                __init_start = .
                0x000000000805619c                __init_PRE_KERNEL_1_start = .
 *(SORT_BY_NAME(SORT_BY_ALIGNMENT(.z_init_PRE_KERNEL_1[0-9]_*)))
 *(SORT_BY_NAME(SORT_BY_ALIGNMENT(.z_init_PRE_KERNEL_1[1-9][0-9]_*)))
 .z_init_PRE_KERNEL_130_
                0x000000000805619c        0x8 kernel/libkernel.a(mem_slab.c.obj)
 .z_init_PRE_KERNEL_199_
                0x00000000080561a4        0x8 drivers/console/libdrivers__console.a(native_posix_console.c.obj)
                0x00000000080561ac                __init_PRE_KERNEL_2_start = .
 *(SORT_BY_NAME(SORT_BY_ALIGNMENT(.z_init_PRE_KERNEL_2[0-9]_*)))
 .z_init_PRE_KERNEL_20_
                0x00000000080561ac        0x8 drivers/timer/libdrivers__timer.a(native_posix_timer.c.obj)
 *(SORT_BY_NAME(SORT_BY_ALIGNMENT(.z_init_PRE_KERNEL_2[1-9][0-9]_*)))
                0x00000000080561b4                __init_POST_KERNEL_start = .
 *(SORT_BY_NAME(SORT_BY_ALIGNMENT(.z_init_POST_KERNEL[0-9]_*)))
 .z_init_POST_KERNEL0_
                0x00000000080561b4        0x8 libzephyr.a(log_core.c.obj)
 *(SORT_BY_NAME(SORT_BY_ALIGNMENT(.z_init_POST_KERNEL[1-9][0-9]_*)))
                0x00000000080561bc                __init_APPLICATION_start = .
 *(SORT_BY_NAME(SORT_BY_ALIGNMENT(.z_init_APPLICATION[0-9]_*)))
 *(SORT_BY_NAME(SORT_BY_ALIGNMENT(.z_init_APPLICATION[1-9][0-9]_*)))
                0x00000000080561bc                __init_SMP_start = .
 *(SORT_BY_NAME(SORT_BY_ALIGNMENT(.z_init_SMP[0-9]_*)))
 *(SORT_BY_NAME(SORT_BY_ALIGNMENT(.z_init_SMP[1-9][0-9]_*)))
                0x00000000080561bc                __init_end = .

devices         0x00000000080561bc        0x0
                0x00000000080561bc                __device_start = .
                0x00000000080561bc                __device_PRE_KERNEL_1_start = .
 *(SORT_BY_NAME(SORT_BY_ALIGNMENT(.z_device_PRE_KERNEL_1[0-9]_*)))
 *(SORT_BY_NAME(SORT_BY_ALIGNMENT(.z_device_PRE_KERNEL_1[1-9][0-9]_*)))
                0x00000000080561bc                __device_PRE_KERNEL_2_start = .
 *(SORT_BY_NAME(SORT_BY_ALIGNMENT(.z_device_PRE_KERNEL_2[0-9]_*)))
 *(SORT_BY_NAME(SORT_BY_ALIGNMENT(.z_device_PRE_KERNEL_2[1-9][0-9]_*)))
                0x00000000080561bc                __device_POST_KERNEL_start = .
 *(SORT_BY_NAME(SORT_BY_ALIGNMENT(.z_device_POST_KERNEL[0-9]_*)))
 *(SORT_BY_NAME(SORT_BY_ALIGNMENT(.z_device_POST_KERNEL[1-9][0-9]_*)))
                0x00000000080561bc                __device_APPLICATION_start = .
 *(SORT_BY_NAME(SORT_BY_ALIGNMENT(.z_device_APPLICATION[0-9]_*)))
 *(SORT_BY_NAME(SORT_BY_ALIGNMENT(.z_device_APPLICATION[1-9][0-9]_*)))
                0x00000000080561bc                __device_SMP_start = .
 *(SORT_BY_NAME(SORT_BY_ALIGNMENT(.z_device_SMP[0-9]_*)))
 *(SORT_BY_NAME(SORT_BY_ALIGNMENT(.z_device_SMP[1-9][0-9]_*)))
                0x00000000080561bc                __device_end = .

initlevel_error
                0x00000000080561bc        0x0
 *(SORT_BY_NAME(SORT_BY_ALIGNMENT(.z_init_[_A-Z0-9]*)))
                0x0000000000000001                ASSERT ((SIZEOF (initlevel_error) == 0x0), Undefined initialization levels used.)

app_shmem_regions
                0x00000000080561bc        0x0
                0x00000000080561bc                __app_shmem_regions_start = .
 *(SORT_BY_NAME(SORT_BY_ALIGNMENT(.app_regions.*)))
                0x00000000080561bc                __app_shmem_regions_end = .

k_p4wq_initparam_area
                0x00000000080561bc        0x0
                0x00000000080561bc                _k_p4wq_initparam_list_start = .
 *(SORT_BY_NAME(SORT_BY_ALIGNMENT(._k_p4wq_initparam.static.*)))
                0x00000000080561bc                _k_p4wq_initparam_list_end = .

device_handles  0x00000000080561bc        0x0
                0x00000000080561bc                __device_handles_start = .
 *(SORT_BY_NAME(SORT_BY_ALIGNMENT(.__device_handles_pass2*)))
                0x00000000080561bc                __device_handles_end = .

ctors           0x00000000080561bc        0x8
                0x00000000080561bc                . = ALIGN (0x4)
                0x00000000080561bc                __CTOR_LIST__ = .
                0x00000000080561bc        0x4 LONG 0x0 (((__CTOR_END__ - __CTOR_LIST__) / 0x4) - 0x2)