Archive member included to satisfy reference by file (symbol)

app/libapp.a(main.cpp.obj)    (--whole-archive)
app/libapp.a(math.cpp.obj)    (--whole-archive)
zephyr/libzephyr.a(cbprintf.c.obj)
                              (--whole-archive)
zephyr/libzephyr.a(cbprintf_packaged.c.obj)
                              (--whole-archive)
zephyr/libzephyr.a(crc32c_sw.c.obj)
                              (--whole-archive)
zephyr/libzephyr.a(crc32_sw.c.obj)
                              (--whole-archive)
zephyr/libzephyr.a(crc16_sw.c.obj)
                              (--whole-archive)
zephyr/libzephyr.a(crc8_sw.c.obj)
                              (--whole-archive)
zephyr/libzephyr.a(crc7_sw.c.obj)
                              (--whole-archive)
zephyr/libzephyr.a(dec.c.obj)
                              (--whole-archive)
zephyr/libzephyr.a(fdtable.c.obj)
                              (--whole-archive)
zephyr/libzephyr.a(hex.c.obj)
                              (--whole-archive)
zephyr/libzephyr.a(notify.c.obj)
                              (--whole-archive)
zephyr/libzephyr.a(printk.c.obj)
                              (--whole-archive)
zephyr/libzephyr.a(onoff.c.obj)
                              (--whole-archive)
zephyr/libzephyr.a(rb.c.obj)  (--whole-archive)
zephyr/libzephyr.a(sem.c.obj)
                              (--whole-archive)
zephyr/libzephyr.a(thread_entry.c.obj)
                              (--whole-archive)
zephyr/libzephyr.a(timeutil.c.obj)
                              (--whole-archive)
zephyr/libzephyr.a(heap.c.obj)
                              (--whole-archive)
zephyr/libzephyr.a(heap-validate.c.obj)
                              (--whole-archive)
zephyr/libzephyr.a(bitarray.c.obj)
                              (--whole-archive)
zephyr/libzephyr.a(multi_heap.c.obj)
                              (--whole-archive)
zephyr/libzephyr.a(cbprintf_complete.c.obj)
                              (--whole-archive)
zephyr/libzephyr.a(assert.c.obj)
                              (--whole-archive)
zephyr/libzephyr.a(configs.c.obj)
                              (--whole-archive)
zephyr/libzephyr.a(cpp_init.c.obj)
                              (--whole-archive)
zephyr/libzephyr.a(cpp_init_array.c.obj)
                              (--whole-archive)
zephyr/libzephyr.a(cpp_ctors.c.obj)
                              (--whole-archive)
zephyr/libzephyr.a(cpp_dtors.c.obj)
                              (--whole-archive)
zephyr/libzephyr.a(cpp_virtual.c.obj)
                              (--whole-archive)
zephyr/libzephyr.a(cpp_vtable.cpp.obj)
                              (--whole-archive)
zephyr/libzephyr.a(cpp_new.cpp.obj)
                              (--whole-archive)
zephyr/libzephyr.a(tracing_none.c.obj)
                              (--whole-archive)
zephyr/arch/arch/posix/core/libarch__posix__core.a(cpuhalt.c.obj)
                              (--whole-archive)
zephyr/arch/arch/posix/core/libarch__posix__core.a(fatal.c.obj)
                              (--whole-archive)
zephyr/arch/arch/posix/core/libarch__posix__core.a(irq.c.obj)
                              (--whole-archive)
zephyr/arch/arch/posix/core/libarch__posix__core.a(posix_core.c.obj)
                              (--whole-archive)
zephyr/arch/arch/posix/core/libarch__posix__core.a(swap.c.obj)
                              (--whole-archive)
zephyr/arch/arch/posix/core/libarch__posix__core.a(thread.c.obj)
                              (--whole-archive)
zephyr/soc/posix/inf_clock/libsoc__posix__inf_clock.a(soc.c.obj)
                              (--whole-archive)
zephyr/boards/posix/native_posix/libboards__posix__native_posix.a(hw_models_top.c.obj)
                              (--whole-archive)
zephyr/boards/posix/native_posix/libboards__posix__native_posix.a(timer_model.c.obj)
                              (--whole-archive)
zephyr/boards/posix/native_posix/libboards__posix__native_posix.a(native_rtc.c.obj)
                              (--whole-archive)
zephyr/boards/posix/native_posix/libboards__posix__native_posix.a(irq_handler.c.obj)
                              (--whole-archive)
zephyr/boards/posix/native_posix/libboards__posix__native_posix.a(irq_ctrl.c.obj)
                              (--whole-archive)
zephyr/boards/posix/native_posix/libboards__posix__native_posix.a(main.c.obj)
                              (--whole-archive)
zephyr/boards/posix/native_posix/libboards__posix__native_posix.a(tracing.c.obj)
                              (--whole-archive)
zephyr/boards/posix/native_posix/libboards__posix__native_posix.a(cmdline_common.c.obj)
                              (--whole-archive)
zephyr/boards/posix/native_posix/libboards__posix__native_posix.a(cmdline.c.obj)
                              (--whole-archive)
zephyr/boards/posix/native_posix/libboards__posix__native_posix.a(cpu_wait.c.obj)
                              (--whole-archive)
zephyr/boards/posix/native_posix/libboards__posix__native_posix.a(hw_counter.c.obj)
[...]
Memory Configuration

Name             Origin             Length             Attributes
*default*        0x0000000000000000 0xffffffffffffffff

Linker script and memory map

LOAD app/libapp.a
LOAD zephyr/libzephyr.a
LOAD zephyr/arch/arch/posix/core/libarch__posix__core.a
LOAD zephyr/soc/posix/inf_clock/libsoc__posix__inf_clock.a
LOAD zephyr/boards/posix/native_posix/libboards__posix__native_posix.a
LOAD zephyr/drivers/console/libdrivers__console.a
LOAD zephyr/drivers/timer/libdrivers__timer.a
LOAD zephyr/kernel/libkernel.a
LOAD /usr/lib/gcc/x86_64-linux-gnu/9/../../../../lib32/libdl.so
LOAD /usr/lib/gcc/x86_64-linux-gnu/9/32/libstdc++.so
LOAD /usr/lib/gcc/x86_64-linux-gnu/9/../../../../lib32/libm.so
LOAD /usr/lib/gcc/x86_64-linux-gnu/9/32/libgcc_s.so
START GROUP
LOAD /usr/lib/gcc/x86_64-linux-gnu/9/../../../../lib32/libgcc_s.so.1
LOAD /usr/lib/gcc/x86_64-linux-gnu/9/32/libgcc.a
END GROUP
LOAD /usr/lib/gcc/x86_64-linux-gnu/9/32/libgcc.a
LOAD /usr/lib/gcc/x86_64-linux-gnu/9/../../../../lib32/libpthread.so
LOAD /usr/lib/gcc/x86_64-linux-gnu/9/../../../../lib32/libc.so
START GROUP
LOAD /lib32/libc.so.6
LOAD /usr/lib32/libc_nonshared.a
LOAD /lib32/ld-linux.so.2
END GROUP
LOAD /usr/lib/gcc/x86_64-linux-gnu/9/32/libgcc_s.so
START GROUP
LOAD /usr/lib/gcc/x86_64-linux-gnu/9/../../../../lib32/libgcc_s.so.1
LOAD /usr/lib/gcc/x86_64-linux-gnu/9/32/libgcc.a
END GROUP
LOAD /usr/lib/gcc/x86_64-linux-gnu/9/32/libgcc.a
LOAD /usr/lib/gcc/x86_64-linux-gnu/9/32/crtend.o
LOAD /usr/lib/gcc/x86_64-linux-gnu/9/../../../../lib32/crtn.o
                [!provide]                        PROVIDE (__executable_start = SEGMENT_START ("text-segment", 0x8048000))
                0x00000000080481b4                . = (SEGMENT_START ("text-segment", 0x8048000) + SIZEOF_HEADERS)

.interp         0x00000000080481b4       0x13
 *(SORT_BY_ALIGNMENT(.interp))
 .interp        0x00000000080481b4       0x13 /usr/lib/gcc/x86_64-linux-gnu/9/../../../../lib32/crt1.o

.note.gnu.property
                0x00000000080481c8       0x1c
 .note.gnu.property
                0x00000000080481c8       0x1c /usr/lib/gcc/x86_64-linux-gnu/9/../../../../lib32/crt1.o

.note.ABI-tag   0x00000000080481e4       0x20
 .note.ABI-tag  0x00000000080481e4       0x20 /usr/lib/gcc/x86_64-linux-gnu/9/../../../../lib32/crt1.o

.note.gnu.build-id
 *(SORT_BY_ALIGNMENT(.note.gnu.build-id))

.hash
 *(SORT_BY_ALIGNMENT(.hash))

.gnu.hash       0x0000000008048204       0x34
 *(SORT_BY_ALIGNMENT(.gnu.hash))
 .gnu.hash      0x0000000008048204       0x34 /usr/lib/gcc/x86_64-linux-gnu/9/../../../../lib32/crt1.o

.dynsym         0x0000000008048238      0x2f0
 *(SORT_BY_ALIGNMENT(.dynsym))
 .dynsym        0x0000000008048238      0x2f0 /usr/lib/gcc/x86_64-linux-gnu/9/../../../../lib32/crt1.o

.dynstr         0x0000000008048528      0x2b6
 *(SORT_BY_ALIGNMENT(.dynstr))
 .dynstr        0x0000000008048528      0x2b6 /usr/lib/gcc/x86_64-linux-gnu/9/../../../../lib32/crt1.o

.gnu.version    0x00000000080487de       0x5e
 *(SORT_BY_ALIGNMENT(.gnu.version))
 .gnu.version   0x00000000080487de       0x5e /usr/lib/gcc/x86_64-linux-gnu/9/../../../../lib32/crt1.o

.gnu.version_d  0x000000000804883c        0x0
 *(SORT_BY_ALIGNMENT(.gnu.version_d))
 .gnu.version_d
                0x000000000804883c        0x0 /usr/lib/gcc/x86_64-linux-gnu/9/../../../../lib32/crt1.o

.gnu.version_r  0x000000000804883c       0xe0
 *(SORT_BY_ALIGNMENT(.gnu.version_r))
 .gnu.version_r
                0x000000000804883c       0xe0 /usr/lib/gcc/x86_64-linux-gnu/9/../../../../lib32/crt1.o

.rel.dyn        0x000000000804891c       0x18
 *(SORT_BY_ALIGNMENT(.rel.init))
 *(SORT_BY_ALIGNMENT(.rel.text) SORT_BY_ALIGNMENT(.rel.text.*) SORT_BY_ALIGNMENT(.rel.gnu.linkonce.t.*))
 .rel.text      0x000000000804891c        0x0 /usr/lib/gcc/x86_64-linux-gnu/9/../../../../lib32/crt1.o
 .rel.text.vprintk
                0x000000000804891c        0x0 /usr/lib/gcc/x86_64-linux-gnu/9/../../../../lib32/crt1.o
 .rel.text.extract_decimal
                0x000000000804891c        0x0 /usr/lib/gcc/x86_64-linux-gnu/9/../../../../lib32/crt1.o
 .rel.text.encode_uint
                0x000000000804891c        0x0 /usr/lib/gcc/x86_64-linux-gnu/9/../../../../lib32/crt1.o
 .rel.text.cbvprintf
                0x000000000804891c        0x0 /usr/lib/gcc/x86_64-linux-gnu/9/../../../../lib32/crt1.o
 .rel.text.posix_preexit_cleanup
                0x000000000804891c        0x0 /usr/lib/gcc/x86_64-linux-gnu/9/../../../../lib32/crt1.o
 .rel.text.abort_tail
                0x000000000804891c        0x0 /usr/lib/gcc/x86_64-linux-gnu/9/../../../../lib32/crt1.o
 .rel.text.posix_wait_until_allowed
                0x000000000804891c        0x0 /usr/lib/gcc/x86_64-linux-gnu/9/../../../../lib32/crt1.o
 .rel.text.posix_cleanup_handler
                0x000000000804891c        0x0 /usr/lib/gcc/x86_64-linux-gnu/9/../../../../lib32/crt1.o
 .rel.text.posix_thread_starter
                0x000000000804891c        0x0 /usr/lib/gcc/x86_64-linux-gnu/9/../../../../lib32/crt1.o
 .rel.text.posix_swap
                0x000000000804891c        0x0 /usr/lib/gcc/x86_64-linux-gnu/9/../../../../lib32/crt1.o
 .rel.text.posix_main_thread_start
                0x000000000804891c        0x0 /usr/lib/gcc/x86_64-linux-gnu/9/../../../../lib32/crt1.o
 .rel.text.posix_new_thread
                0x000000000804891c        0x0 /usr/lib/gcc/x86_64-linux-gnu/9/../../../../lib32/crt1.o
 .rel.text.posix_init_multithreading
                0x000000000804891c        0x0 /usr/lib/gcc/x86_64-linux-gnu/9/../../../../lib32/crt1.o
 .rel.text.posix_core_clean_up
                0x000000000804891c        0x0 /usr/lib/gcc/x86_64-linux-gnu/9/../../../../lib32/crt1.o
 .rel.text.zephyr_wrapper
                0x000000000804891c        0x0 /usr/lib/gcc/x86_64-linux-gnu/9/../../../../lib32/crt1.o
 .rel.text.posix_change_cpu_state_and_wait
                0x000000000804891c        0x0 /usr/lib/gcc/x86_64-linux-gnu/9/../../../../lib32/crt1.o
 .rel.text.posix_boot_cpu
                0x000000000804891c        0x0 /usr/lib/gcc/x86_64-linux-gnu/9/../../../../lib32/crt1.o
 .rel.text.posix_soc_clean_up
                0x000000000804891c        0x0 /usr/lib/gcc/x86_64-linux-gnu/9/../../../../lib32/crt1.o
 .rel.text.hwm_set_sig_handler
                0x000000000804891c        0x0 /usr/lib/gcc/x86_64-linux-gnu/9/../../../../lib32/crt1.o
 .rel.text.get_host_us_time
                0x000000000804891c        0x0 /usr/lib/gcc/x86_64-linux-gnu/9/../../../../lib32/crt1.o
 .rel.text.hwtimer_init
                0x000000000804891c        0x0 /usr/lib/gcc/x86_64-linux-gnu/9/../../../../lib32/crt1.o
 .rel.text.hwtimer_timer_reached
                0x000000000804891c        0x0 /usr/lib/gcc/x86_64-linux-gnu/9/../../../../lib32/crt1.o
 .rel.text.posix_exit
                0x000000000804891c        0x0 /usr/lib/gcc/x86_64-linux-gnu/9/../../../../lib32/crt1.o
 .rel.text.decide_about_color
                0x000000000804891c        0x0 /usr/lib/gcc/x86_64-linux-gnu/9/../../../../lib32/crt1.o
 .rel.text.posix_print_error_and_exit
                0x000000000804891c        0x0 /usr/lib/gcc/x86_64-linux-gnu/9/../../../../lib32/crt1.o
 .rel.text.posix_print_warning
                0x000000000804891c        0x0 /usr/lib/gcc/x86_64-linux-gnu/9/../../../../lib32/crt1.o
 .rel.text.posix_print_trace
                0x000000000804891c        0x0 /usr/lib/gcc/x86_64-linux-gnu/9/../../../../lib32/crt1.o
 .rel.text.cmd_gen_switch_syntax.constprop.0
                0x000000000804891c        0x0 /usr/lib/gcc/x86_64-linux-gnu/9/../../../../lib32/crt1.o
 .rel.text.cmd_is_option
                0x000000000804891c        0x0 /usr/lib/gcc/x86_64-linux-gnu/9/../../../../lib32/crt1.o
 .rel.text.cmd_is_help_option
                0x000000000804891c        0x0 /usr/lib/gcc/x86_64-linux-gnu/9/../../../../lib32/crt1.o
 .rel.text.cmd_read_option_value
                0x000000000804891c        0x0 /usr/lib/gcc/x86_64-linux-gnu/9/../../../../lib32/crt1.o
 .rel.text.cmd_print_switches_help
                0x000000000804891c        0x0 /usr/lib/gcc/x86_64-linux-gnu/9/../../../../lib32/crt1.o
 .rel.text.cmd_print_long_help
                0x000000000804891c        0x0 /usr/lib/gcc/x86_64-linux-gnu/9/../../../../lib32/crt1.o
 .rel.text.native_cleanup_cmd_line
                0x000000000804891c        0x0 /usr/lib/gcc/x86_64-linux-gnu/9/../../../../lib32/crt1.o
 .rel.text.native_add_command_line_opts
                0x000000000804891c        0x0 /usr/lib/gcc/x86_64-linux-gnu/9/../../../../lib32/crt1.o
 .rel.text.native_posix_console_init
                0x000000000804891c        0x0 /usr/lib/gcc/x86_64-linux-gnu/9/../../../../lib32/crt1.o
 .rel.text.np_timer_isr
                0x000000000804891c        0x0 /usr/lib/gcc/x86_64-linux-gnu/9/../../../../lib32/crt1.o
 .rel.text.sys_clock_elapsed
                0x000000000804891c        0x0 /usr/lib/gcc/x86_64-linux-gnu/9/../../../../lib32/crt1.o
 .rel.text.z_init_static_threads
                0x000000000804891c        0x0 /usr/lib/gcc/x86_64-linux-gnu/9/../../../../lib32/crt1.o
 .rel.text.k_sched_time_slice_set
                0x000000000804891c        0x0 /usr/lib/gcc/x86_64-linux-gnu/9/../../../../lib32/crt1.o
 *(SORT_BY_ALIGNMENT(.rel.fini))
 *(SORT_BY_ALIGNMENT(.rel.rodata) SORT_BY_ALIGNMENT(.rel.rodata.*) SORT_BY_ALIGNMENT(.rel.gnu.linkonce.r.*))
 .rel.rodata.native_pre_tasks.6135
                0x000000000804891c        0x0 /usr/lib/gcc/x86_64-linux-gnu/9/../../../../lib32/crt1.o
 .rel.rodata.levels.4776
                0x000000000804891c        0x0 /usr/lib/gcc/x86_64-linux-gnu/9/../../../../lib32/crt1.o
 *(SORT_BY_ALIGNMENT(.rel.data.rel.ro) SORT_BY_ALIGNMENT(.rel.data.rel.ro.*) SORT_BY_ALIGNMENT(.rel.gnu.linkonce.d.rel.ro.*))
 .rel.data.rel.ro
                0x000000000804891c        0x0 /usr/lib/gcc/x86_64-linux-gnu/9/../../../../lib32/crt1.o
 *(SORT_BY_ALIGNMENT(.rel.data) SORT_BY_ALIGNMENT(.rel.data.*) SORT_BY_ALIGNMENT(.rel.gnu.linkonce.d.*))
 .rel.data._char_out
                0x000000000804891c        0x0 /usr/lib/gcc/x86_64-linux-gnu/9/../../../../lib32/crt1.o
 *(SORT_BY_ALIGNMENT(.rel.tdata) SORT_BY_ALIGNMENT(.rel.tdata.*) SORT_BY_ALIGNMENT(.rel.gnu.linkonce.td.*))
 *(SORT_BY_ALIGNMENT(.rel.tbss) SORT_BY_ALIGNMENT(.rel.tbss.*) SORT_BY_ALIGNMENT(.rel.gnu.linkonce.tb.*))
 *(SORT_BY_ALIGNMENT(.rel.ctors))
 *(SORT_BY_ALIGNMENT(.rel.dtors))
 *(SORT_BY_ALIGNMENT(.rel.got))
 .rel.got       0x000000000804891c        0x8 /usr/lib/gcc/x86_64-linux-gnu/9/../../../../lib32/crt1.o
 *(SORT_BY_ALIGNMENT(.rel.bss) SORT_BY_ALIGNMENT(.rel.bss.*) SORT_BY_ALIGNMENT(.rel.gnu.linkonce.b.*))
 .rel.bss       0x0000000008048924       0x10 /usr/lib/gcc/x86_64-linux-gnu/9/../../../../lib32/crt1.o
 *(SORT_BY_ALIGNMENT(.rel.ifunc))

.rel.plt        0x0000000008048934      0x148
 *(SORT_BY_ALIGNMENT(.rel.plt))
 .rel.plt       0x0000000008048934      0x148 /usr/lib/gcc/x86_64-linux-gnu/9/../../../../lib32/crt1.o
                [!provide]                        PROVIDE (__rel_iplt_start = .)
 *(SORT_BY_ALIGNMENT(.rel.iplt))
 .rel.iplt      0x0000000008048a7c        0x0 /usr/lib/gcc/x86_64-linux-gnu/9/../../../../lib32/crt1.o
                [!provide]                        PROVIDE (__rel_iplt_end = .)
                0x0000000008049000                . = ALIGN (CONSTANT (MAXPAGESIZE))

.init           0x0000000008049000       0x24
 *(SORT_NONE(.init))
 .init          0x0000000008049000       0x1f /usr/lib/gcc/x86_64-linux-gnu/9/../../../../lib32/crti.o
                0x0000000008049000                _init
 .init          0x000000000804901f        0x5 /usr/lib/gcc/x86_64-linux-gnu/9/../../../../lib32/crtn.o

.plt            0x0000000008049030      0x2a0
 *(SORT_BY_ALIGNMENT(.plt))
 .plt           0x0000000008049030      0x2a0 /usr/lib/gcc/x86_64-linux-gnu/9/../../../../lib32/crt1.o
 *(SORT_BY_ALIGNMENT(.iplt))
 .iplt          0x00000000080492d0        0x0 /usr/lib/gcc/x86_64-linux-gnu/9/../../../../lib32/crt1.o

.plt.got        0x00000000080492d0        0x0
 *(SORT_BY_ALIGNMENT(.plt.got))
 .plt.got       0x00000000080492d0        0x0 /usr/lib/gcc/x86_64-linux-gnu/9/../../../../lib32/crt1.o

.plt.sec        0x00000000080492d0      0x290
 *(SORT_BY_ALIGNMENT(.plt.sec))
 .plt.sec       0x00000000080492d0      0x290 /usr/lib/gcc/x86_64-linux-gnu/9/../../../../lib32/crt1.o
                0x00000000080492d0                pthread_mutex_unlock@@GLIBC_2.0
                0x00000000080492e0                __snprintf_chk@@GLIBC_2.3.4
                0x00000000080492f0                __udivdi3@@GLIBC_2.0
                0x0000000008049300                strcmp@@GLIBC_2.0
                0x0000000008049310                __vfprintf_chk@@GLIBC_2.3.4
                0x0000000008049320                pthread_cond_broadcast@@GLIBC_2.3.2
                0x0000000008049330                free@@GLIBC_2.0
                0x0000000008049340                __pthread_register_cancel@@GLIBC_2.3.3
                0x0000000008049350                clock_gettime@@GLIBC_2.17
                0x0000000008049360                pthread_self@@GLIBC_2.0
                0x0000000008049370                pthread_cond_wait@@GLIBC_2.3.2
                0x0000000008049380                sleep@@GLIBC_2.0
                0x0000000008049390                __stack_chk_fail@@GLIBC_2.4
                0x00000000080493a0                pthread_mutex_lock@@GLIBC_2.0
                0x00000000080493b0                strtoll@@GLIBC_2.0
                0x00000000080493c0                realloc@@GLIBC_2.0
                0x00000000080493d0                exit@@GLIBC_2.0
                0x00000000080493e0                __udivmoddi4@@GCC_3.0
                0x00000000080493f0                strtoul@@GLIBC_2.0
                0x0000000008049400                __libc_start_main@@GLIBC_2.0
                0x0000000008049410                strcasecmp@@GLIBC_2.0
                0x0000000008049420                setvbuf@@GLIBC_2.0
                0x0000000008049430                snprintf@@GLIBC_2.0
                0x0000000008049440                putchar@@GLIBC_2.0
                0x0000000008049450                pthread_cancel@@GLIBC_2.0
                0x0000000008049460                strtoull@@GLIBC_2.0
                0x0000000008049470                strtod@@GLIBC_2.0
                0x0000000008049480                pthread_exit@@GLIBC_2.0
                0x0000000008049490                strnlen@@GLIBC_2.0
                0x00000000080494a0                __sigsetjmp@@GLIBC_2.0
                0x00000000080494b0                sigemptyset@@GLIBC_2.0
                0x00000000080494c0                __pthread_unwind_next@@GLIBC_2.3.3
                0x00000000080494d0                nanosleep@@GLIBC_2.0
                0x00000000080494e0                __fprintf_chk@@GLIBC_2.3.4
                0x00000000080494f0                pthread_create@@GLIBC_2.1
                0x0000000008049500                sigaction@@GLIBC_2.0
                0x0000000008049510                pthread_detach@@GLIBC_2.0
                0x0000000008049520                isatty@@GLIBC_2.0
                0x0000000008049530                strtol@@GLIBC_2.0
                0x0000000008049540                __ctype_b_loc@@GLIBC_2.3
                0x0000000008049550                calloc@@GLIBC_2.0

.text           0x0000000008049560     0x3aa8
 *(SORT_BY_ALIGNMENT(.text.unlikely) SORT_BY_ALIGNMENT(.text.*_unlikely) SORT_BY_ALIGNMENT(.text.unlikely.*))
 *(SORT_BY_ALIGNMENT(.text.exit) SORT_BY_ALIGNMENT(.text.exit.*))
 *(SORT_BY_ALIGNMENT(.text.startup) SORT_BY_ALIGNMENT(.text.startup.*))
 *(SORT_BY_ALIGNMENT(.text.hot) SORT_BY_ALIGNMENT(.text.hot.*))
 *(SORT_BY_NAME(SORT_BY_ALIGNMENT(.text.sorted.*)))
 *(SORT_BY_ALIGNMENT(.text) SORT_BY_ALIGNMENT(.stub) SORT_BY_ALIGNMENT(.text.*) SORT_BY_ALIGNMENT(.gnu.linkonce.t.*))
 .text          0x0000000008049560       0x45 /usr/lib/gcc/x86_64-linux-gnu/9/../../../../lib32/crt1.o
                0x0000000008049560                _start
                0x00000000080495a0                _dl_relocate_static_pie
 *fill*         0x00000000080495a5        0xb 
 .text.__x86.get_pc_thunk.bx
                0x00000000080495b0        0x4 /usr/lib/gcc/x86_64-linux-gnu/9/../../../../lib32/crti.o
                0x00000000080495b0                __x86.get_pc_thunk.bx
 *fill*         0x00000000080495b4        0xc 
 .text          0x00000000080495c0       0xb6 /usr/lib/gcc/x86_64-linux-gnu/9/32/crtbegin.o
 *fill*         0x0000000008049676        0xa 
 .text          0x0000000008049680       0x75 /usr/lib32/libc_nonshared.a(elf-init.oS)
                0x0000000008049680                __libc_csu_init
                0x00000000080496f0                __libc_csu_fini
 .text._OffsetAbsSyms
                0x00000000080496f5        0x5 zephyr/CMakeFiles/offsets.dir/./arch/posix/core/offsets/offsets.c.obj
                0x00000000080496f5                _OffsetAbsSyms
 .text.zephyr_app_main
                0x00000000080496fa       0x25 app/libapp.a(main.cpp.obj)
                0x00000000080496fa                zephyr_app_main
 .text._ZN4math3addEjj
                0x000000000804971f        0xf app/libapp.a(math.cpp.obj)
                0x000000000804971f                math::add(unsigned int, unsigned int)
 .text.arch_printk_char_out
                0x000000000804972e        0x7 zephyr/libzephyr.a(printk.c.obj)
                0x000000000804972e                arch_printk_char_out
 .text.char_out
                0x0000000008049735       0x13 zephyr/libzephyr.a(printk.c.obj)
 .text.__printk_hook_install
                0x0000000008049748       0x11 zephyr/libzephyr.a(printk.c.obj)
                0x0000000008049748                __printk_hook_install
 .text.vprintk  0x0000000008049759       0x46 zephyr/libzephyr.a(printk.c.obj)
                0x0000000008049759                vprintk
 .text.printk   0x000000000804979f       0x1b zephyr/libzephyr.a(printk.c.obj)
                0x000000000804979f                printk
 .text.z_thread_entry
                0x00000000080497ba       0x3e zephyr/libzephyr.a(thread_entry.c.obj)
                0x00000000080497ba                z_thread_entry
 .text.outs     0x00000000080497f8       0x4b zephyr/libzephyr.a(cbprintf_complete.c.obj)
 .text.extract_decimal
                0x0000000008049843       0x37 zephyr/libzephyr.a(cbprintf_complete.c.obj)
 .text.encode_uint
                0x000000000804987a       0xdb zephyr/libzephyr.a(cbprintf_complete.c.obj)
 .text.cbvprintf
                0x0000000008049955      0x7e8 zephyr/libzephyr.a(cbprintf_complete.c.obj)
                0x0000000008049955                cbvprintf
 .text._ConfigAbsSyms
                0x000000000804a13d        0x5 zephyr/libzephyr.a(configs.c.obj)
                0x000000000804a13d                _ConfigAbsSyms
 .text.__cxa_atexit
                0x000000000804a142        0x7 zephyr/libzephyr.a(cpp_dtors.c.obj)
                0x000000000804a142                __cxa_atexit
 .text.sys_trace_isr_enter
                0x000000000804a149        0x5 zephyr/libzephyr.a(tracing_none.c.obj)
                0x000000000804a149                sys_trace_isr_enter
 .text.sys_trace_isr_exit
                0x000000000804a14e        0x5 zephyr/libzephyr.a(tracing_none.c.obj)
                0x000000000804a14e                sys_trace_isr_exit
 .text.sys_trace_idle
                0x000000000804a153        0x5 zephyr/libzephyr.a(tracing_none.c.obj)
                0x000000000804a153                sys_trace_idle
 .text.arch_cpu_idle
                0x000000000804a158       0x1a zephyr/arch/arch/posix/core/libarch__posix__core.a(cpuhalt.c.obj)
                0x000000000804a158                arch_cpu_idle
 .text.arch_irq_enable
                0x000000000804a172        0x9 zephyr/arch/arch/posix/core/libarch__posix__core.a(irq.c.obj)
                0x000000000804a172                arch_irq_enable
 .text.pc_safe_call
                0x000000000804a17b       0x1b zephyr/arch/arch/posix/core/libarch__posix__core.a(posix_core.c.obj)
 .text.posix_preexit_cleanup
                0x000000000804a196       0x30 zephyr/arch/arch/posix/core/libarch__posix__core.a(posix_core.c.obj)
 .text.abort_tail
                0x000000000804a1c6       0x28 zephyr/arch/arch/posix/core/libarch__posix__core.a(posix_core.c.obj)
 .text.posix_wait_until_allowed
                0x000000000804a1ee       0x57 zephyr/arch/arch/posix/core/libarch__posix__core.a(posix_core.c.obj)
 .text.posix_cleanup_handler
                0x000000000804a245       0x39 zephyr/arch/arch/posix/core/libarch__posix__core.a(posix_core.c.obj)
 .text.posix_thread_starter
                0x000000000804a27e       0xb2 zephyr/arch/arch/posix/core/libarch__posix__core.a(posix_core.c.obj)
 .text.posix_swap
                0x000000000804a330       0x4b zephyr/arch/arch/posix/core/libarch__posix__core.a(posix_core.c.obj)
                0x000000000804a330                posix_swap
 .text.posix_main_thread_start
                0x000000000804a37b       0x38 zephyr/arch/arch/posix/core/libarch__posix__core.a(posix_core.c.obj)
                0x000000000804a37b                posix_main_thread_start
 .text.posix_new_thread
                0x000000000804a3b3       0xcb zephyr/arch/arch/posix/core/libarch__posix__core.a(posix_core.c.obj)
                0x000000000804a3b3                posix_new_thread
 .text.posix_init_multithreading
                0x000000000804a47e       0x68 zephyr/arch/arch/posix/core/libarch__posix__core.a(posix_core.c.obj)
                0x000000000804a47e                posix_init_multithreading
 .text.posix_core_clean_up
                0x000000000804a4e6       0x73 zephyr/arch/arch/posix/core/libarch__posix__core.a(posix_core.c.obj)
                0x000000000804a4e6                posix_core_clean_up
 .text.posix_abort_thread
                0x000000000804a559       0x1e zephyr/arch/arch/posix/core/libarch__posix__core.a(posix_core.c.obj)
                0x000000000804a559                posix_abort_thread
 .text.z_impl_k_thread_abort
                0x000000000804a577       0x8b zephyr/arch/arch/posix/core/libarch__posix__core.a(posix_core.c.obj)
                0x000000000804a577                z_impl_k_thread_abort
 .text.arch_swap
                0x000000000804a602       0x54 zephyr/arch/arch/posix/core/libarch__posix__core.a(swap.c.obj)
                0x000000000804a602                arch_swap
 .text.arch_switch_to_main_thread
                0x000000000804a656       0x20 zephyr/arch/arch/posix/core/libarch__posix__core.a(swap.c.obj)
                0x000000000804a656                arch_switch_to_main_thread
 .text.arch_new_thread
                0x000000000804a676       0x3b zephyr/arch/arch/posix/core/libarch__posix__core.a(thread.c.obj)
                0x000000000804a676                arch_new_thread
 .text.posix_new_thread_pre_start
                0x000000000804a6b1        0x9 zephyr/arch/arch/posix/core/libarch__posix__core.a(thread.c.obj)
                0x000000000804a6b1                posix_new_thread_pre_start
 .text.pc_safe_call
                0x000000000804a6ba       0x1b zephyr/soc/posix/inf_clock/libsoc__posix__inf_clock.a(soc.c.obj)
 .text.zephyr_wrapper
                0x000000000804a6d5       0x45 zephyr/soc/posix/inf_clock/libsoc__posix__inf_clock.a(soc.c.obj)
 .text.posix_is_cpu_running
                0x000000000804a71a       0x10 zephyr/soc/posix/inf_clock/libsoc__posix__inf_clock.a(soc.c.obj)
                0x000000000804a71a                posix_is_cpu_running
 .text.posix_change_cpu_state_and_wait
                0x000000000804a72a       0x86 zephyr/soc/posix/inf_clock/libsoc__posix__inf_clock.a(soc.c.obj)
                0x000000000804a72a                posix_change_cpu_state_and_wait
 .text.posix_interrupt_raised
                0x000000000804a7b0       0x2c zephyr/soc/posix/inf_clock/libsoc__posix__inf_clock.a(soc.c.obj)
                0x000000000804a7b0                posix_interrupt_raised
 .text.posix_halt_cpu
                0x000000000804a7dc       0x1a zephyr/soc/posix/inf_clock/libsoc__posix__inf_clock.a(soc.c.obj)
                0x000000000804a7dc                posix_halt_cpu
 .text.posix_boot_cpu
                0x000000000804a7f6       0xb4 zephyr/soc/posix/inf_clock/libsoc__posix__inf_clock.a(soc.c.obj)
                0x000000000804a7f6                posix_boot_cpu
 .text.run_native_tasks
                0x000000000804a8aa       0x2d zephyr/soc/posix/inf_clock/libsoc__posix__inf_clock.a(soc.c.obj)
                0x000000000804a8aa                run_native_tasks
 .text.posix_soc_clean_up
                0x000000000804a8d7       0x9d zephyr/soc/posix/inf_clock/libsoc__posix__inf_clock.a(soc.c.obj)
                0x000000000804a8d7                posix_soc_clean_up
 .text.hwm_signal_end_handler
                0x000000000804a974        0xf zephyr/boards/posix/native_posix/libboards__posix__native_posix.a(hw_models_top.c.obj)
                0x000000000804a974                hwm_signal_end_handler
 .text.hwm_set_sig_handler
                0x000000000804a983       0xb9 zephyr/boards/posix/native_posix/libboards__posix__native_posix.a(hw_models_top.c.obj)
                0x000000000804a983                hwm_set_sig_handler
 .text.hwm_find_next_timer
                0x000000000804aa3c       0x85 zephyr/boards/posix/native_posix/libboards__posix__native_posix.a(hw_models_top.c.obj)
                0x000000000804aa3c                hwm_find_next_timer
 .text.hwm_main_loop
                0x000000000804aac1       0xf0 zephyr/boards/posix/native_posix/libboards__posix__native_posix.a(hw_models_top.c.obj)
                0x000000000804aac1                hwm_main_loop
 .text.hwm_set_end_of_time
                0x000000000804abb1       0x1a zephyr/boards/posix/native_posix/libboards__posix__native_posix.a(hw_models_top.c.obj)
                0x000000000804abb1                hwm_set_end_of_time
 .text.hwm_get_time
                0x000000000804abcb       0x10 zephyr/boards/posix/native_posix/libboards__posix__native_posix.a(hw_models_top.c.obj)
                0x000000000804abcb                hwm_get_time
 .text.hwm_init
                0x000000000804abdb       0x24 zephyr/boards/posix/native_posix/libboards__posix__native_posix.a(hw_models_top.c.obj)
                0x000000000804abdb                hwm_init
 .text.hwm_cleanup
                0x000000000804abff       0x15 zephyr/boards/posix/native_posix/libboards__posix__native_posix.a(hw_models_top.c.obj)
                0x000000000804abff                hwm_cleanup
 .text.hwtimer_update_timer
                0x000000000804ac14       0x37 zephyr/boards/posix/native_posix/libboards__posix__native_posix.a(timer_model.c.obj)
 .text.cmd_realtime_found
                0x000000000804ac4b        0xc zephyr/boards/posix/native_posix/libboards__posix__native_posix.a(timer_model.c.obj)
 .text.cmd_no_realtime_found
                0x000000000804ac57        0xc zephyr/boards/posix/native_posix/libboards__posix__native_posix.a(timer_model.c.obj)
 .text.cmd_rtcoffset_found
                0x000000000804ac63       0x32 zephyr/boards/posix/native_posix/libboards__posix__native_posix.a(timer_model.c.obj)
 .text.cmd_rtcreset_found
                0x000000000804ac95        0xc zephyr/boards/posix/native_posix/libboards__posix__native_posix.a(timer_model.c.obj)
 .text.native_add_time_options
                0x000000000804aca1       0x19 zephyr/boards/posix/native_posix/libboards__posix__native_posix.a(timer_model.c.obj)
 .text.cmd_rt_ratio_found
                0x000000000804acba       0x40 zephyr/boards/posix/native_posix/libboards__posix__native_posix.a(timer_model.c.obj)
 .text.cmd_rt_drift_found
                0x000000000804acfa       0x46 zephyr/boards/posix/native_posix/libboards__posix__native_posix.a(timer_model.c.obj)
 .text.cmd_stop_at_found
                0x000000000804ad40       0x9d zephyr/boards/posix/native_posix/libboards__posix__native_posix.a(timer_model.c.obj)
 .text.get_host_us_time
                0x000000000804addd       0xb6 zephyr/boards/posix/native_posix/libboards__posix__native_posix.a(timer_model.c.obj)
                0x000000000804addd                get_host_us_time
 .text.hwtimer_init
                0x000000000804ae93      0x13f zephyr/boards/posix/native_posix/libboards__posix__native_posix.a(timer_model.c.obj)
                0x000000000804ae93                hwtimer_init
 .text.hwtimer_cleanup
                0x000000000804afd2        0x5 zephyr/boards/posix/native_posix/libboards__posix__native_posix.a(timer_model.c.obj)
                0x000000000804afd2                hwtimer_cleanup
 .text.hwtimer_enable
                0x000000000804afd7       0x42 zephyr/boards/posix/native_posix/libboards__posix__native_posix.a(timer_model.c.obj)
                0x000000000804afd7                hwtimer_enable
 .text.hwtimer_timer_reached
                0x000000000804b019      0x1e1 zephyr/boards/posix/native_posix/libboards__posix__native_posix.a(timer_model.c.obj)
                0x000000000804b019                hwtimer_timer_reached
 .text.hwtimer_set_silent_ticks
                0x000000000804b1fa       0x1a zephyr/boards/posix/native_posix/libboards__posix__native_posix.a(timer_model.c.obj)
                0x000000000804b1fa                hwtimer_set_silent_ticks
 .text.posix_irq_handler
                0x000000000804b214      0x11b zephyr/boards/posix/native_posix/libboards__posix__native_posix.a(irq_handler.c.obj)
                0x000000000804b214                posix_irq_handler
 .text.posix_irq_handler_im_from_sw
                0x000000000804b32f       0x37 zephyr/boards/posix/native_posix/libboards__posix__native_posix.a(irq_handler.c.obj)
                0x000000000804b32f                posix_irq_handler_im_from_sw
 .text.posix_irq_lock
                0x000000000804b366       0x16 zephyr/boards/posix/native_posix/libboards__posix__native_posix.a(irq_handler.c.obj)
                0x000000000804b366                posix_irq_lock
 .text.posix_irq_unlock
                0x000000000804b37c        0x9 zephyr/boards/posix/native_posix/libboards__posix__native_posix.a(irq_handler.c.obj)
                0x000000000804b37c                posix_irq_unlock
 .text.posix_irq_full_unlock
                0x000000000804b385       0x16 zephyr/boards/posix/native_posix/libboards__posix__native_posix.a(irq_handler.c.obj)
                0x000000000804b385                posix_irq_full_unlock
 .text.posix_irq_enable
                0x000000000804b39b        0x9 zephyr/boards/posix/native_posix/libboards__posix__native_posix.a(irq_handler.c.obj)
                0x000000000804b39b                posix_irq_enable
 .text.posix_isr_declare
                0x000000000804b3a4       0x2f zephyr/boards/posix/native_posix/libboards__posix__native_posix.a(irq_handler.c.obj)
                0x000000000804b3a4                posix_isr_declare
 .text.posix_irq_priority_set
                0x000000000804b3d3        0x9 zephyr/boards/posix/native_posix/libboards__posix__native_posix.a(irq_handler.c.obj)
                0x000000000804b3d3                posix_irq_priority_set
 .text.irq_raising_from_hw_now
                0x000000000804b3dc       0x1f zephyr/boards/posix/native_posix/libboards__posix__native_posix.a(irq_ctrl.c.obj)
 .text.hw_irq_ctrl_irq_raise_prefix
                0x000000000804b3fb       0x69 zephyr/boards/posix/native_posix/libboards__posix__native_posix.a(irq_ctrl.c.obj)
 .text.hw_irq_ctrl_init
                0x000000000804b464       0x4a zephyr/boards/posix/native_posix/libboards__posix__native_posix.a(irq_ctrl.c.obj)
                0x000000000804b464                hw_irq_ctrl_init
 .text.hw_irq_ctrl_cleanup
                0x000000000804b4ae        0x5 zephyr/boards/posix/native_posix/libboards__posix__native_posix.a(irq_ctrl.c.obj)
                0x000000000804b4ae                hw_irq_ctrl_cleanup
 .text.hw_irq_ctrl_set_cur_prio
                0x000000000804b4b3       0x11 zephyr/boards/posix/native_posix/libboards__posix__native_posix.a(irq_ctrl.c.obj)
                0x000000000804b4b3                hw_irq_ctrl_set_cur_prio
 .text.hw_irq_ctrl_get_cur_prio
                0x000000000804b4c4        0xa zephyr/boards/posix/native_posix/libboards__posix__native_posix.a(irq_ctrl.c.obj)
                0x000000000804b4c4                hw_irq_ctrl_get_cur_prio
 .text.hw_irq_ctrl_prio_set
                0x000000000804b4ce       0x15 zephyr/boards/posix/native_posix/libboards__posix__native_posix.a(irq_ctrl.c.obj)
                0x000000000804b4ce                hw_irq_ctrl_prio_set
 .text.hw_irq_ctrl_get_prio
                0x000000000804b4e3       0x12 zephyr/boards/posix/native_posix/libboards__posix__native_posix.a(irq_ctrl.c.obj)
                0x000000000804b4e3                hw_irq_ctrl_get_prio
 .text.hw_irq_ctrl_get_highest_prio_irq
                0x000000000804b4f5       0x98 zephyr/boards/posix/native_posix/libboards__posix__native_posix.a(irq_ctrl.c.obj)
                0x000000000804b4f5                hw_irq_ctrl_get_highest_prio_irq
 .text.hw_irq_ctrl_get_current_lock
                0x000000000804b58d        0xc zephyr/boards/posix/native_posix/libboards__posix__native_posix.a(irq_ctrl.c.obj)
                0x000000000804b58d                hw_irq_ctrl_get_current_lock
 .text.hw_irq_ctrl_change_lock
                0x000000000804b599       0x3a zephyr/boards/posix/native_posix/libboards__posix__native_posix.a(irq_ctrl.c.obj)
                0x000000000804b599                hw_irq_ctrl_change_lock
 .text.hw_irq_ctrl_clear_irq
                0x000000000804b5d3       0x41 zephyr/boards/posix/native_posix/libboards__posix__native_posix.a(irq_ctrl.c.obj)
                0x000000000804b5d3                hw_irq_ctrl_clear_irq
 .text.hw_irq_ctrl_set_irq
                0x000000000804b614       0x3c zephyr/boards/posix/native_posix/libboards__posix__native_posix.a(irq_ctrl.c.obj)
                0x000000000804b614                hw_irq_ctrl_set_irq
 .text.hw_irq_ctrl_raise_im_from_sw
                0x000000000804b650       0x23 zephyr/boards/posix/native_posix/libboards__posix__native_posix.a(irq_ctrl.c.obj)
                0x000000000804b650                hw_irq_ctrl_raise_im_from_sw
 .text.hw_irq_ctrl_enable_irq
                0x000000000804b673       0x4b zephyr/boards/posix/native_posix/libboards__posix__native_posix.a(irq_ctrl.c.obj)
                0x000000000804b673                hw_irq_ctrl_enable_irq
 .text.hw_irq_ctrl_timer_triggered
                0x000000000804b6be       0x1d zephyr/boards/posix/native_posix/libboards__posix__native_posix.a(irq_ctrl.c.obj)
                0x000000000804b6be                hw_irq_ctrl_timer_triggered
 .text.posix_exit
                0x000000000804b6db       0x3c zephyr/boards/posix/native_posix/libboards__posix__native_posix.a(main.c.obj)
                0x000000000804b6db                posix_exit
 .text.main     0x000000000804b717       0x74 zephyr/boards/posix/native_posix/libboards__posix__native_posix.a(main.c.obj)
                0x000000000804b717                main
 .text.trace_disable_color
                0x000000000804b78b       0x19 zephyr/boards/posix/native_posix/libboards__posix__native_posix.a(tracing.c.obj)
                0x000000000804b78b                trace_disable_color
 .text.trace_enable_color
                0x000000000804b7a4       0x19 zephyr/boards/posix/native_posix/libboards__posix__native_posix.a(tracing.c.obj)
                0x000000000804b7a4                trace_enable_color
 .text.trace_force_color
                0x000000000804b7bd       0x19 zephyr/boards/posix/native_posix/libboards__posix__native_posix.a(tracing.c.obj)
                0x000000000804b7bd                trace_force_color
 .text.decide_about_color
                0x000000000804b7d6       0x42 zephyr/boards/posix/native_posix/libboards__posix__native_posix.a(tracing.c.obj)
 .text.posix_print_error_and_exit
                0x000000000804b818       0x2f zephyr/boards/posix/native_posix/libboards__posix__native_posix.a(tracing.c.obj)
                0x000000000804b818                posix_print_error_and_exit
 .text.posix_print_warning
                0x000000000804b847       0x23 zephyr/boards/posix/native_posix/libboards__posix__native_posix.a(tracing.c.obj)
                0x000000000804b847                posix_print_warning
 .text.posix_print_trace
                0x000000000804b86a       0x23 zephyr/boards/posix/native_posix/libboards__posix__native_posix.a(tracing.c.obj)
                0x000000000804b86a                posix_print_trace
 .text.native_add_tracing_options
                0x000000000804b88d       0x19 zephyr/boards/posix/native_posix/libboards__posix__native_posix.a(tracing.c.obj)
                0x000000000804b88d                native_add_tracing_options
 .text.cmd_gen_switch_syntax.constprop.0
                0x000000000804b8a6       0xab zephyr/boards/posix/native_posix/libboards__posix__native_posix.a(cmdline_common.c.obj)
 .text.cmd_is_option
                0x000000000804b951       0xa5 zephyr/boards/posix/native_posix/libboards__posix__native_posix.a(cmdline_common.c.obj)
                0x000000000804b951                cmd_is_option
 .text.cmd_is_help_option
                0x000000000804b9f6       0x70 zephyr/boards/posix/native_posix/libboards__posix__native_posix.a(cmdline_common.c.obj)
                0x000000000804b9f6                cmd_is_help_option
 .text.cmd_read_option_value
                0x000000000804ba66      0x19c zephyr/boards/posix/native_posix/libboards__posix__native_posix.a(cmdline_common.c.obj)
                0x000000000804ba66                cmd_read_option_value
 .text.cmd_args_set_defaults
                0x000000000804bc02       0xa9 zephyr/boards/posix/native_posix/libboards__posix__native_posix.a(cmdline_common.c.obj)
                0x000000000804bc02                cmd_args_set_defaults
 .text.cmd_print_switches_help
                0x000000000804bcab       0xd6 zephyr/boards/posix/native_posix/libboards__posix__native_posix.a(cmdline_common.c.obj)
                0x000000000804bcab                cmd_print_switches_help
 .text.cmd_print_long_help
                0x000000000804bd81      0x13d zephyr/boards/posix/native_posix/libboards__posix__native_posix.a(cmdline_common.c.obj)
                0x000000000804bd81                cmd_print_long_help
 .text.cmd_parse_one_arg
                0x000000000804bebe       0xc0 zephyr/boards/posix/native_posix/libboards__posix__native_posix.a(cmdline_common.c.obj)
                0x000000000804bebe                cmd_parse_one_arg
 .text.native_cleanup_cmd_line
                0x000000000804bf7e       0x29 zephyr/boards/posix/native_posix/libboards__posix__native_posix.a(cmdline.c.obj)
                0x000000000804bf7e                native_cleanup_cmd_line
 .text.native_add_command_line_opts
                0x000000000804bfa7       0x9d zephyr/boards/posix/native_posix/libboards__posix__native_posix.a(cmdline.c.obj)
                0x000000000804bfa7                native_add_command_line_opts
 .text.native_add_testargs_option
                0x000000000804c044       0x19 zephyr/boards/posix/native_posix/libboards__posix__native_posix.a(cmdline.c.obj)
                0x000000000804c044                native_add_testargs_option
 .text.native_handle_cmd_line
                0x000000000804c05d       0xb8 zephyr/boards/posix/native_posix/libboards__posix__native_posix.a(cmdline.c.obj)
                0x000000000804c05d                native_handle_cmd_line
 .text.hw_counter_init
                0x000000000804c115       0x5c zephyr/boards/posix/native_posix/libboards__posix__native_posix.a(hw_counter.c.obj)
                0x000000000804c115                hw_counter_init
 .text.hw_counter_triggered
                0x000000000804c171       0x7f zephyr/boards/posix/native_posix/libboards__posix__native_posix.a(hw_counter.c.obj)
                0x000000000804c171                hw_counter_triggered
 .text.native_posix_console_init
                0x000000000804c1f0       0x48 zephyr/drivers/console/libdrivers__console.a(native_posix_console.c.obj)
 .text.np_timer_isr
                0x000000000804c238       0x7e zephyr/drivers/timer/libdrivers__timer.a(native_posix_timer.c.obj)
 .text.sys_clock_driver_init
                0x000000000804c2b6       0x75 zephyr/drivers/timer/libdrivers__timer.a(native_posix_timer.c.obj)
 .text.sys_clock_set_timeout
                0x000000000804c32b       0x35 zephyr/drivers/timer/libdrivers__timer.a(native_posix_timer.c.obj)
                0x000000000804c32b                sys_clock_set_timeout
 .text.sys_clock_elapsed
                0x000000000804c360       0x33 zephyr/drivers/timer/libdrivers__timer.a(native_posix_timer.c.obj)
                0x000000000804c360                sys_clock_elapsed
 .text.bg_thread_main
                0x000000000804c393       0x40 zephyr/kernel/libkernel.a(init.c.obj)
 .text.z_init_cpu
                0x000000000804c3d3       0x69 zephyr/kernel/libkernel.a(init.c.obj)
                0x000000000804c3d3                z_init_cpu
 .text.z_cstart
                0x000000000804c43c       0xd1 zephyr/kernel/libkernel.a(init.c.obj)
                0x000000000804c43c                z_cstart
 .text.z_setup_new_thread
                0x000000000804c50d       0x87 zephyr/kernel/libkernel.a(thread.c.obj)
                0x000000000804c50d                z_setup_new_thread
 .text.z_init_static_threads
                0x000000000804c594       0xb9 zephyr/kernel/libkernel.a(thread.c.obj)
                0x000000000804c594                z_init_static_threads
 .text.idle     0x000000000804c64d       0x16 zephyr/kernel/libkernel.a(idle.c.obj)
                0x000000000804c64d                idle
 .text.sys_dlist_remove
                0x000000000804c663       0x18 zephyr/kernel/libkernel.a(sched.c.obj)
 .text.unpend_thread_no_timeout
                0x000000000804c67b       0x18 zephyr/kernel/libkernel.a(sched.c.obj)
 .text.z_reset_time_slice
                0x000000000804c693       0x37 zephyr/kernel/libkernel.a(sched.c.obj)
                0x000000000804c693                z_reset_time_slice
 .text.k_sched_time_slice_set
                0x000000000804c6ca       0x93 zephyr/kernel/libkernel.a(sched.c.obj)
                0x000000000804c6ca                k_sched_time_slice_set
 .text.z_reschedule
                0x000000000804c75d       0x38 zephyr/kernel/libkernel.a(sched.c.obj)
                0x000000000804c75d                z_reschedule
 .text.z_reschedule_irqlock
                0x000000000804c795       0x25 zephyr/kernel/libkernel.a(sched.c.obj)
                0x000000000804c795                z_reschedule_irqlock
 .text.z_reschedule_unlocked
                0x000000000804c7ba       0x19 zephyr/kernel/libkernel.a(sched.c.obj)
 .text.k_sched_lock
                0x000000000804c7d3       0x26 zephyr/kernel/libkernel.a(sched.c.obj)
                0x000000000804c7d3                k_sched_lock
 .text.z_priq_dumb_best
                0x000000000804c7f9       0x18 zephyr/kernel/libkernel.a(sched.c.obj)
                0x000000000804c7f9                z_priq_dumb_best
 .text.update_cache
                0x000000000804c811       0x5a zephyr/kernel/libkernel.a(sched.c.obj)
 .text.move_thread_to_end_of_prio_q
                0x000000000804c86b       0x82 zephyr/kernel/libkernel.a(sched.c.obj)
 .text.z_time_slice
                0x000000000804c8ed       0x87 zephyr/kernel/libkernel.a(sched.c.obj)
                0x000000000804c8ed                z_time_slice
 .text.ready_thread
                0x000000000804c974       0x7b zephyr/kernel/libkernel.a(sched.c.obj)
 .text.z_ready_thread
                0x000000000804c9ef       0x25 zephyr/kernel/libkernel.a(sched.c.obj)
                0x000000000804c9ef                z_ready_thread
 .text.z_sched_start
                0x000000000804ca14       0x4c zephyr/kernel/libkernel.a(sched.c.obj)
                0x000000000804ca14                z_sched_start
 .text.z_thread_timeout
                0x000000000804ca60       0x3b zephyr/kernel/libkernel.a(sched.c.obj)
                0x000000000804ca60                z_thread_timeout
 .text.k_sched_unlock
                0x000000000804ca9b       0x34 zephyr/kernel/libkernel.a(sched.c.obj)
                0x000000000804ca9b                k_sched_unlock
 .text.z_sched_init
                0x000000000804cacf       0x2c zephyr/kernel/libkernel.a(sched.c.obj)
                0x000000000804cacf                z_sched_init
 .text.z_impl_z_current_get
                0x000000000804cafb        0xa zephyr/kernel/libkernel.a(sched.c.obj)
                0x000000000804cafb                z_impl_z_current_get
 .text.z_thread_abort
                0x000000000804cb05       0xc7 zephyr/kernel/libkernel.a(sched.c.obj)
                0x000000000804cb05                z_thread_abort
 .text.elapsed  0x000000000804cbcc       0x11 zephyr/kernel/libkernel.a(timeout.c.obj)
 .text.remove_timeout
                0x000000000804cbdd       0x3a zephyr/kernel/libkernel.a(timeout.c.obj)
 .text.next_timeout
                0x000000000804cc17       0x60 zephyr/kernel/libkernel.a(timeout.c.obj)
 .text.z_add_timeout
                0x000000000804cc77      0x16b zephyr/kernel/libkernel.a(timeout.c.obj)
                0x000000000804cc77                z_add_timeout
 .text.z_abort_timeout
                0x000000000804cde2       0x3f zephyr/kernel/libkernel.a(timeout.c.obj)
                0x000000000804cde2                z_abort_timeout
 .text.z_set_timeout_expiry
                0x000000000804ce21       0x58 zephyr/kernel/libkernel.a(timeout.c.obj)
                0x000000000804ce21                z_set_timeout_expiry
 .text.sys_clock_announce
                0x000000000804ce79      0x103 zephyr/kernel/libkernel.a(timeout.c.obj)
                0x000000000804ce79                sys_clock_announce
 .text.boot_banner
                0x000000000804cf7c       0x23 zephyr/kernel/libkernel.a(banner.c.obj)
                0x000000000804cf7c                boot_banner
 .text.z_device_state_init
                0x000000000804cf9f        0x5 zephyr/kernel/libkernel.a(device.c.obj)
                0x000000000804cf9f                z_device_state_init
 .text.z_sys_init_run_level
                0x000000000804cfa4       0x60 zephyr/kernel/libkernel.a(device.c.obj)
                0x000000000804cfa4                z_sys_init_run_level
 .text.__x86.get_pc_thunk.bp
                0x000000000804d004        0x4 /usr/lib32/libc_nonshared.a(elf-init.oS)
                0x000000000804d004                __x86.get_pc_thunk.bp
 *(SORT_BY_ALIGNMENT(.gnu.warning))

.fini           0x000000000804d008       0x18
 *(SORT_NONE(.fini))
 .fini          0x000000000804d008       0x13 /usr/lib/gcc/x86_64-linux-gnu/9/../../../../lib32/crti.o
                0x000000000804d008                _fini
 .fini          0x000000000804d01b        0x5 /usr/lib/gcc/x86_64-linux-gnu/9/../../../../lib32/crtn.o
                [!provide]                        PROVIDE (__etext = .)
                [!provide]                        PROVIDE (_etext = .)
                [!provide]                        PROVIDE (etext = .)
                0x000000000804e000                . = ALIGN (CONSTANT (MAXPAGESIZE))
                0x000000000804e000                . = SEGMENT_START ("rodata-segment", (ALIGN (CONSTANT (MAXPAGESIZE)) + (. & (CONSTANT (MAXPAGESIZE) - 0x1))))

.rodata         0x000000000804e000      0xdf1
 *(SORT_BY_ALIGNMENT(.rodata) SORT_BY_ALIGNMENT(.rodata.*) SORT_BY_ALIGNMENT(.gnu.linkonce.r.*))
 .rodata.cst4   0x000000000804e000        0x4 /usr/lib/gcc/x86_64-linux-gnu/9/../../../../lib32/crt1.o
                0x000000000804e000                _IO_stdin_used
 .rodata.cbvprintf
                0x000000000804e004       0xfc zephyr/libzephyr.a(cbprintf_complete.c.obj)
 .rodata.native_pre_tasks.6135
                0x000000000804e100       0x18 zephyr/soc/posix/inf_clock/libsoc__posix__inf_clock.a(soc.c.obj)
 .rodata.cst4   0x000000000804e118        0x8 zephyr/boards/posix/native_posix/libboards__posix__native_posix.a(hw_models_top.c.obj)
 .rodata.cst4   0x000000000804e120        0xc zephyr/boards/posix/native_posix/libboards__posix__native_posix.a(timer_model.c.obj)
                                         0x14 (size before relaxing)
 .rodata.__func__.5039
                0x000000000804e12c       0x1d zephyr/boards/posix/native_posix/libboards__posix__native_posix.a(irq_handler.c.obj)
 *fill*         0x000000000804e149        0x3 
 .rodata.cst4   0x000000000804e14c        0x4 zephyr/boards/posix/native_posix/libboards__posix__native_posix.a(cmdline_common.c.obj)
 .rodata.levels.4776
                0x000000000804e150       0x14 zephyr/kernel/libkernel.a(device.c.obj)
 .rodata.zephyr_app_main.str1.1
                0x000000000804e164       0x13 app/libapp.a(main.cpp.obj)
 .rodata.z_thread_entry.str1.1
                0x000000000804e177       0x4e zephyr/libzephyr.a(thread_entry.c.obj)
 .rodata.cbvprintf.str1.1
                0x000000000804e1c5        0x6 zephyr/libzephyr.a(cbprintf_complete.c.obj)
 .rodata.pc_safe_call.str1.1
                0x000000000804e1cb       0x1a zephyr/arch/arch/posix/core/libarch__posix__core.a(posix_core.c.obj)
 .rodata.posix_preexit_cleanup.str1.1
                0x000000000804e1e5       0x23 zephyr/arch/arch/posix/core/libarch__posix__core.a(posix_core.c.obj)
 .rodata.posix_thread_starter.str1.1
                0x000000000804e208       0x21 zephyr/arch/arch/posix/core/libarch__posix__core.a(posix_core.c.obj)
 .rodata.posix_swap.str1.1
                0x000000000804e229       0x26 zephyr/arch/arch/posix/core/libarch__posix__core.a(posix_core.c.obj)
 .rodata.posix_new_thread.str1.1
                0x000000000804e24f       0x8c zephyr/arch/arch/posix/core/libarch__posix__core.a(posix_core.c.obj)
 .rodata.posix_core_clean_up.str1.1
                0x000000000804e2db       0x34 zephyr/arch/arch/posix/core/libarch__posix__core.a(posix_core.c.obj)
 .rodata.z_impl_k_thread_abort.str1.1
                0x000000000804e30f       0x7c zephyr/arch/arch/posix/core/libarch__posix__core.a(posix_core.c.obj)
 .rodata.pc_safe_call.str1.1
                0x000000000804e38b       0x1a zephyr/soc/posix/inf_clock/libsoc__posix__inf_clock.a(soc.c.obj)
 .rodata.zephyr_wrapper.str1.1
                0x000000000804e38b       0x3c zephyr/soc/posix/inf_clock/libsoc__posix__inf_clock.a(soc.c.obj)
 .rodata.posix_change_cpu_state_and_wait.str1.1
                0x000000000804e3c7       0x22 zephyr/soc/posix/inf_clock/libsoc__posix__inf_clock.a(soc.c.obj)
 .rodata.posix_boot_cpu.str1.1
                0x000000000804e3e9       0x3b zephyr/soc/posix/inf_clock/libsoc__posix__inf_clock.a(soc.c.obj)
 .rodata.hwm_set_sig_handler.str1.1
                0x000000000804e424       0x57 zephyr/boards/posix/native_posix/libboards__posix__native_posix.a(hw_models_top.c.obj)
                                         0x71 (size before relaxing)
 .rodata.hwm_main_loop.str1.1
                0x000000000804e47b       0x67 zephyr/boards/posix/native_posix/libboards__posix__native_posix.a(hw_models_top.c.obj)
 .rodata.cmd_rt_ratio_found.str1.1
                0x000000000804e4e2       0x3c zephyr/boards/posix/native_posix/libboards__posix__native_posix.a(timer_model.c.obj)
 .rodata.cmd_rt_drift_found.str1.1
                0x000000000804e51e       0x3d zephyr/boards/posix/native_posix/libboards__posix__native_posix.a(timer_model.c.obj)
 .rodata.cmd_stop_at_found.str1.1
                0x000000000804e55b       0x26 zephyr/boards/posix/native_posix/libboards__posix__native_posix.a(timer_model.c.obj)
 .rodata.str1.1
                0x000000000804e581      0x3d9 zephyr/boards/posix/native_posix/libboards__posix__native_posix.a(timer_model.c.obj)
                                        0x3e8 (size before relaxing)
 .rodata.posix_irq_handler.str1.1
                0x000000000804e95a       0x2e zephyr/boards/posix/native_posix/libboards__posix__native_posix.a(irq_handler.c.obj)
 .rodata.posix_irq_handler_im_from_sw.str1.1
                0x000000000804e988       0x35 zephyr/boards/posix/native_posix/libboards__posix__native_posix.a(irq_handler.c.obj)
 .rodata.str1.1
                0x000000000804e9bd       0xb8 zephyr/boards/posix/native_posix/libboards__posix__native_posix.a(tracing.c.obj)
                                         0xbe (size before relaxing)
 .rodata.cmd_gen_switch_syntax.constprop.0.str1.1
                0x000000000804ea75       0x75 zephyr/boards/posix/native_posix/libboards__posix__native_posix.a(cmdline_common.c.obj)
                                         0x77 (size before relaxing)
 .rodata.cmd_is_option.str1.1
                0x000000000804eaea       0x5a zephyr/boards/posix/native_posix/libboards__posix__native_posix.a(cmdline_common.c.obj)
 .rodata.cmd_is_help_option.str1.1
                0x000000000804eb44        0x4 zephyr/boards/posix/native_posix/libboards__posix__native_posix.a(cmdline_common.c.obj)
                                          0x9 (size before relaxing)
 .rodata.cmd_read_option_value.str1.1
                0x000000000804eb48       0x76 zephyr/boards/posix/native_posix/libboards__posix__native_posix.a(cmdline_common.c.obj)
 .rodata.cmd_print_switches_help.str1.1
                0x000000000804ebbe       0x1d zephyr/boards/posix/native_posix/libboards__posix__native_posix.a(cmdline_common.c.obj)
                                         0x22 (size before relaxing)
 .rodata.cmd_print_long_help.str1.1
                0x000000000804ebdb       0x7e zephyr/boards/posix/native_posix/libboards__posix__native_posix.a(cmdline_common.c.obj)
                                         0x7f (size before relaxing)
 .rodata.cmd_parse_one_arg.str1.1
                0x000000000804ec59       0x4b zephyr/boards/posix/native_posix/libboards__posix__native_posix.a(cmdline_common.c.obj)
 .rodata.native_add_command_line_opts.str1.1
                0x000000000804eca4       0x1a zephyr/boards/posix/native_posix/libboards__posix__native_posix.a(cmdline.c.obj)
 .rodata.native_handle_cmd_line.str1.1
                0x000000000804ecbe       0x5f zephyr/boards/posix/native_posix/libboards__posix__native_posix.a(cmdline.c.obj)
 .rodata.str1.1
                0x000000000804ed1d       0x66 zephyr/boards/posix/native_posix/libboards__posix__native_posix.a(cmdline.c.obj)
 .rodata.z_cstart.str1.1
                0x000000000804ed83       0x26 zephyr/kernel/libkernel.a(init.c.obj)
                                         0x4b (size before relaxing)
 .rodata.boot_banner.str1.1
                0x000000000804eda9       0x48 zephyr/kernel/libkernel.a(banner.c.obj)
                                         0x49 (size before relaxing)

.rodata1
 *(SORT_BY_ALIGNMENT(.rodata1))

.eh_frame_hdr   0x000000000804edf4       0x44
 *(SORT_BY_ALIGNMENT(.eh_frame_hdr))
 .eh_frame_hdr  0x000000000804edf4       0x44 /usr/lib/gcc/x86_64-linux-gnu/9/../../../../lib32/crt1.o
                0x000000000804edf4                __GNU_EH_FRAME_HDR
 *(SORT_BY_ALIGNMENT(.eh_frame_entry) SORT_BY_ALIGNMENT(.eh_frame_entry.*))

.eh_frame       0x000000000804ee38       0xf0
 *(SORT_BY_ALIGNMENT(.eh_frame))
 .eh_frame      0x000000000804ee38       0x40 /usr/lib/gcc/x86_64-linux-gnu/9/../../../../lib32/crt1.o
                                         0x58 (size before relaxing)
 .eh_frame      0x000000000804ee78       0x24 /usr/lib/gcc/x86_64-linux-gnu/9/../../../../lib32/crt1.o
                                         0x40 (size before relaxing)
 .eh_frame      0x000000000804ee9c        0x0 /usr/lib/gcc/x86_64-linux-gnu/9/../../../../lib32/crt1.o
 .eh_frame      0x000000000804ee9c       0x14 /usr/lib/gcc/x86_64-linux-gnu/9/../../../../lib32/crt1.o
                                         0x2c (size before relaxing)
 .eh_frame      0x000000000804eeb0       0x74 /usr/lib32/libc_nonshared.a(elf-init.oS)
                                         0x8c (size before relaxing)
 .eh_frame      0x000000000804ef24        0x4 /usr/lib/gcc/x86_64-linux-gnu/9/32/crtend.o
 *(SORT_BY_ALIGNMENT(.eh_frame.*))

.gcc_except_table
 *(SORT_BY_ALIGNMENT(.gcc_except_table) SORT_BY_ALIGNMENT(.gcc_except_table.*))

.gnu_extab
 *(SORT_BY_ALIGNMENT(.gnu_extab*))

.exception_ranges
 *(SORT_BY_ALIGNMENT(.exception_ranges*))
                0x0000000008050f08                . = DATA_SEGMENT_ALIGN (CONSTANT (MAXPAGESIZE), CONSTANT (COMMONPAGESIZE))

.eh_frame
 *(SORT_BY_ALIGNMENT(.eh_frame))
 *(SORT_BY_ALIGNMENT(.eh_frame.*))

.gnu_extab
 *(SORT_BY_ALIGNMENT(.gnu_extab))

.gcc_except_table
 *(SORT_BY_ALIGNMENT(.gcc_except_table) SORT_BY_ALIGNMENT(.gcc_except_table.*))

.exception_ranges
 *(SORT_BY_ALIGNMENT(.exception_ranges*))

.tdata          0x0000000008050f08        0x0
                [!provide]                        PROVIDE (__tdata_start = .)
 *(SORT_BY_ALIGNMENT(.tdata) SORT_BY_ALIGNMENT(.tdata.*) SORT_BY_ALIGNMENT(.gnu.linkonce.td.*))

.tbss
 *(SORT_BY_ALIGNMENT(.tbss) SORT_BY_ALIGNMENT(.tbss.*) SORT_BY_ALIGNMENT(.gnu.linkonce.tb.*))
 *(SORT_BY_ALIGNMENT(.tcommon))

.preinit_array  0x0000000008050f08        0x0
                [!provide]                        PROVIDE (__preinit_array_start = .)
 *(SORT_BY_ALIGNMENT(.preinit_array))
                [!provide]                        PROVIDE (__preinit_array_end = .)

.init_array     0x0000000008050f08        0x0
                [!provide]                        PROVIDE (__init_array_start = .)
 *(SORT_BY_INIT_PRIORITY(.init_array.*) SORT_BY_INIT_PRIORITY(.ctors.*))
 *(SORT_BY_ALIGNMENT(.init_array) SORT_BY_ALIGNMENT(EXCLUDE_FILE(*crtend?.o *crtend.o *crtbegin?.o *crtbegin.o) .ctors))
                [!provide]                        PROVIDE (__init_array_end = .)

.fini_array     0x0000000008050f08        0x4
                [!provide]                        PROVIDE (__fini_array_start = .)
 *(SORT_BY_INIT_PRIORITY(.fini_array.*) SORT_BY_INIT_PRIORITY(.dtors.*))
 *(SORT_BY_ALIGNMENT(.fini_array) SORT_BY_ALIGNMENT(EXCLUDE_FILE(*crtend?.o *crtend.o *crtbegin?.o *crtbegin.o) .dtors))
 .fini_array    0x0000000008050f08        0x4 /usr/lib/gcc/x86_64-linux-gnu/9/32/crtbegin.o
                [!provide]                        PROVIDE (__fini_array_end = .)

.ctors
 *crtbegin.o(SORT_BY_ALIGNMENT(.ctors))
 *crtbegin?.o(SORT_BY_ALIGNMENT(.ctors))
 *(SORT_BY_ALIGNMENT(EXCLUDE_FILE(*crtend?.o *crtend.o) .ctors))
 *(SORT_BY_NAME(SORT_BY_ALIGNMENT(.ctors.*)))
 *(SORT_BY_ALIGNMENT(.ctors))

.dtors
 *crtbegin.o(SORT_BY_ALIGNMENT(.dtors))
 *crtbegin?.o(SORT_BY_ALIGNMENT(.dtors))
 *(SORT_BY_ALIGNMENT(EXCLUDE_FILE(*crtend?.o *crtend.o) .dtors))
 *(SORT_BY_NAME(SORT_BY_ALIGNMENT(.dtors.*)))
 *(SORT_BY_ALIGNMENT(.dtors))

.jcr
 *(SORT_BY_ALIGNMENT(.jcr))

.data.rel.ro    0x0000000008050f0c        0x0
 *(SORT_BY_ALIGNMENT(.data.rel.ro.local*) SORT_BY_ALIGNMENT(.gnu.linkonce.d.rel.ro.local.*))
 *(SORT_BY_ALIGNMENT(.data.rel.ro) SORT_BY_ALIGNMENT(.data.rel.ro.*) SORT_BY_ALIGNMENT(.gnu.linkonce.d.rel.ro.*))
 .data.rel.ro   0x0000000008050f0c        0x0 /usr/lib/gcc/x86_64-linux-gnu/9/../../../../lib32/crt1.o

.dynamic        0x0000000008050f0c       0xf0
 *(SORT_BY_ALIGNMENT(.dynamic))
 .dynamic       0x0000000008050f0c       0xf0 /usr/lib/gcc/x86_64-linux-gnu/9/../../../../lib32/crt1.o
                0x0000000008050f0c                _DYNAMIC

.got            0x0000000008050ffc        0x4
 *(SORT_BY_ALIGNMENT(.got))
 .got           0x0000000008050ffc        0x4 /usr/lib/gcc/x86_64-linux-gnu/9/../../../../lib32/crt1.o
 *(SORT_BY_ALIGNMENT(.igot))
                0x0000000008051ff4                . = DATA_SEGMENT_RELRO_END (., (SIZEOF (.got.plt) >= 0xc)?0xc:0x0)

.got.plt        0x0000000008051000       0xb0
 *(SORT_BY_ALIGNMENT(.got.plt))
 .got.plt       0x0000000008051000       0xb0 /usr/lib/gcc/x86_64-linux-gnu/9/../../../../lib32/crt1.o
                0x0000000008051000                _GLOBAL_OFFSET_TABLE_
 *(SORT_BY_ALIGNMENT(.igot.plt))
 .igot.plt      0x00000000080510b0        0x0 /usr/lib/gcc/x86_64-linux-gnu/9/../../../../lib32/crt1.o

.data           0x00000000080510c0      0x1d2
 *(SORT_BY_ALIGNMENT(.data) SORT_BY_ALIGNMENT(.data.*) SORT_BY_ALIGNMENT(.gnu.linkonce.d.*))
 .data.timer_options.2813
                0x00000000080510c0       0xe0 zephyr/boards/posix/native_posix/libboards__posix__native_posix.a(timer_model.c.obj)
 .data.trace_options.3157
                0x00000000080511a0       0x70 zephyr/boards/posix/native_posix/libboards__posix__native_posix.a(tracing.c.obj)
 *fill*         0x0000000008051210       0x10 
 .data.testargs_options.2149
                0x0000000008051220       0x38 zephyr/boards/posix/native_posix/libboards__posix__native_posix.a(cmdline.c.obj)
 .data.end_of_time
                0x0000000008051258        0x8 zephyr/boards/posix/native_posix/libboards__posix__native_posix.a(hw_models_top.c.obj)
 .data.clock_ratio
                0x0000000008051260        0x8 zephyr/boards/posix/native_posix/libboards__posix__native_posix.a(timer_model.c.obj)
 .data.irq_ctrl_timer
                0x0000000008051268        0x8 zephyr/boards/posix/native_posix/libboards__posix__native_posix.a(irq_ctrl.c.obj)
                0x0000000008051268                irq_ctrl_timer
 .data._char_out
                0x0000000008051270        0x4 zephyr/libzephyr.a(printk.c.obj)
                0x0000000008051270                _char_out
 .data.next_timer_index
                0x0000000008051274        0x4 zephyr/boards/posix/native_posix/libboards__posix__native_posix.a(hw_models_top.c.obj)
 .data.currently_running_irq
                0x0000000008051278        0x4 zephyr/boards/posix/native_posix/libboards__posix__native_posix.a(irq_handler.c.obj)
 .data.currently_running_prio
                0x000000000805127c        0x4 zephyr/boards/posix/native_posix/libboards__posix__native_posix.a(irq_ctrl.c.obj)
 .data.is_a_tty
                0x0000000008051280        0x8 zephyr/boards/posix/native_posix/libboards__posix__native_posix.a(tracing.c.obj)
 .data.timeout_list
                0x0000000008051288        0x8 zephyr/kernel/libkernel.a(timeout.c.obj)
 .data.cpu_halted
                0x0000000008051290        0x1 zephyr/soc/posix/inf_clock/libsoc__posix__inf_clock.a(soc.c.obj)
 .data.real_time_mode
                0x0000000008051291        0x1 zephyr/boards/posix/native_posix/libboards__posix__native_posix.a(timer_model.c.obj)
LOAD /usr/lib/gcc/x86_64-linux-gnu/9/../../../../lib32/crt1.o
LOAD /usr/lib/gcc/x86_64-linux-gnu/9/../../../../lib32/crti.o
LOAD /usr/lib/gcc/x86_64-linux-gnu/9/32/crtbegin.o
LOAD zephyr/CMakeFiles/zephyr_pre0.dir/misc/empty_file.c.obj
LOAD zephyr/CMakeFiles/offsets.dir/./arch/posix/core/offsets/offsets.c.obj

.tm_clone_table
                0x0000000008051294        0x0
 .tm_clone_table
                0x0000000008051294        0x0 /usr/lib/gcc/x86_64-linux-gnu/9/32/crtbegin.o
 .tm_clone_table
                0x0000000008051294        0x0 /usr/lib/gcc/x86_64-linux-gnu/9/32/crtend.o

.noinit."WEST_TOPDIR/zephyr/kernel/init.c".2
                0x0000000008051294      0x800
 .noinit."WEST_TOPDIR/zephyr/kernel/init.c".2
                0x0000000008051294      0x800 zephyr/kernel/libkernel.a(init.c.obj)
                0x0000000008051294                z_interrupt_stacks

.noinit."WEST_TOPDIR/zephyr/kernel/init.c".1
                0x0000000008051a94      0x100
 .noinit."WEST_TOPDIR/zephyr/kernel/init.c".1
                0x0000000008051a94      0x100 zephyr/kernel/libkernel.a(init.c.obj)

.noinit."WEST_TOPDIR/zephyr/kernel/init.c".0
                0x0000000008051b94      0x400
 .noinit."WEST_TOPDIR/zephyr/kernel/init.c".0
                0x0000000008051b94      0x400 zephyr/kernel/libkernel.a(init.c.obj)
                0x0000000008051b94                z_main_stack

rom_start

initlevel       0x0000000008051f94       0x10
                0x0000000008051f94                __init_start = .
                0x0000000008051f94                __init_PRE_KERNEL_1_start = .
 *(SORT_BY_NAME(SORT_BY_ALIGNMENT(.z_init_PRE_KERNEL_1[0-9]_*)))
 *(SORT_BY_NAME(SORT_BY_ALIGNMENT(.z_init_PRE_KERNEL_1[1-9][0-9]_*)))
 .z_init_PRE_KERNEL_199_
                0x0000000008051f94        0x8 zephyr/drivers/console/libdrivers__console.a(native_posix_console.c.obj)
                0x0000000008051f9c                __init_PRE_KERNEL_2_start = .
 *(SORT_BY_NAME(SORT_BY_ALIGNMENT(.z_init_PRE_KERNEL_2[0-9]_*)))
 .z_init_PRE_KERNEL_20_
                0x0000000008051f9c        0x8 zephyr/drivers/timer/libdrivers__timer.a(native_posix_timer.c.obj)
 *(SORT_BY_NAME(SORT_BY_ALIGNMENT(.z_init_PRE_KERNEL_2[1-9][0-9]_*)))
                0x0000000008051fa4                __init_POST_KERNEL_start = .
 *(SORT_BY_NAME(SORT_BY_ALIGNMENT(.z_init_POST_KERNEL[0-9]_*)))
 *(SORT_BY_NAME(SORT_BY_ALIGNMENT(.z_init_POST_KERNEL[1-9][0-9]_*)))
                0x0000000008051fa4                __init_APPLICATION_start = .
 *(SORT_BY_NAME(SORT_BY_ALIGNMENT(.z_init_APPLICATION[0-9]_*)))
 *(SORT_BY_NAME(SORT_BY_ALIGNMENT(.z_init_APPLICATION[1-9][0-9]_*)))
                0x0000000008051fa4                __init_SMP_start = .
 *(SORT_BY_NAME(SORT_BY_ALIGNMENT(.z_init_SMP[0-9]_*)))
 *(SORT_BY_NAME(SORT_BY_ALIGNMENT(.z_init_SMP[1-9][0-9]_*)))
                0x0000000008051fa4                __init_end = .

devices         0x0000000008051fa4        0x0
                0x0000000008051fa4                __device_start = .
                0x0000000008051fa4                __device_PRE_KERNEL_1_start = .
 *(SORT_BY_NAME(SORT_BY_ALIGNMENT(.z_device_PRE_KERNEL_1[0-9]_*)))
 *(SORT_BY_NAME(SORT_BY_ALIGNMENT(.z_device_PRE_KERNEL_1[1-9][0-9]_*)))
                0x0000000008051fa4                __device_PRE_KERNEL_2_start = .
 *(SORT_BY_NAME(SORT_BY_ALIGNMENT(.z_device_PRE_KERNEL_2[0-9]_*)))
 *(SORT_BY_NAME(SORT_BY_ALIGNMENT(.z_device_PRE_KERNEL_2[1-9][0-9]_*)))
                0x0000000008051fa4                __device_POST_KERNEL_start = .
 *(SORT_BY_NAME(SORT_BY_ALIGNMENT(.z_device_POST_KERNEL[0-9]_*)))
 *(SORT_BY_NAME(SORT_BY_ALIGNMENT(.z_device_POST_KERNEL[1-9][0-9]_*)))
                0x0000000008051fa4                __device_APPLICATION_start = .
 *(SORT_BY_NAME(SORT_BY_ALIGNMENT(.z_device_APPLICATION[0-9]_*)))
 *(SORT_BY_NAME(SORT_BY_ALIGNMENT(.z_device_APPLICATION[1-9][0-9]_*)))
                0x0000000008051fa4                __device_SMP_start = .
 *(SORT_BY_NAME(SORT_BY_ALIGNMENT(.z_device_SMP[0-9]_*)))
 *(SORT_BY_NAME(SORT_BY_ALIGNMENT(.z_device_SMP[1-9][0-9]_*)))
                0x0000000008051fa4                __device_end = .

initlevel_error
                0x0000000008051fa4        0x0
 *(SORT_BY_NAME(SORT_BY_ALIGNMENT(.z_init_[_A-Z0-9]*)))
                0x0000000000000001                ASSERT ((SIZEOF (initlevel_error) == 0x0), Undefined initialization levels used.)

app_shmem_regions
                0x0000000008051fa4        0x0
                0x0000000008051fa4                __app_shmem_regions_start = .
 *(SORT_BY_NAME(SORT_BY_ALIGNMENT(.app_regions.*)))
                0x0000000008051fa4                __app_shmem_regions_end = .

k_p4wq_initparam_area
                0x0000000008051fa4        0x0
                0x0000000008051fa4                _k_p4wq_initparam_list_start = .
 *(SORT_BY_NAME(SORT_BY_ALIGNMENT(._k_p4wq_initparam.static.*)))
                0x0000000008051fa4                _k_p4wq_initparam_list_end = .

device_handles  0x0000000008051fa4        0x0
                0x0000000008051fa4                __device_handles_start = .
 *(SORT_BY_NAME(SORT_BY_ALIGNMENT(.__device_handles_pass1*)))
                0x0000000008051fa4                __device_handles_end = .

ctors           0x0000000008051fa4        0x8
                0x0000000008051fa4                . = ALIGN (0x4)
                0x0000000008051fa4                __CTOR_LIST__ = .
                0x0000000008051fa4        0x4 LONG 0x0 (((__CTOR_END__ - __CTOR_LIST__) / 0x4) - 0x2)
 *(SORT_BY_NAME(SORT_BY_ALIGNMENT(.ctors*)))
                0x0000000008051fa8        0x4 LONG 0x0
                0x0000000008051fac                __CTOR_END__ = .

init_array      0x0000000008051fac        0x4
                0x0000000008051fac                . = ALIGN (0x4)
                0x0000000008051fac                __init_array_start = .
 *(SORT_BY_NAME(SORT_BY_ALIGNMENT(.init_array*)))
 .init_array    0x0000000008051fac        0x4 /usr/lib/gcc/x86_64-linux-gnu/9/32/crtbegin.o
                0x0000000008051fb0                __init_array_end = .

bt_l2cap_fixed_chan_area
                0x0000000008051fb0        0x0
                0x0000000008051fb0                _bt_l2cap_fixed_chan_list_start = .
 *(SORT_BY_NAME(SORT_BY_ALIGNMENT(._bt_l2cap_fixed_chan.static.*)))
                0x0000000008051fb0                _bt_l2cap_fixed_chan_list_end = .

bt_gatt_service_static_area
                0x0000000008051fb0        0x0
                0x0000000008051fb0                _bt_gatt_service_static_list_start = .
 *(SORT_BY_NAME(SORT_BY_ALIGNMENT(._bt_gatt_service_static.static.*)))
                0x0000000008051fb0                _bt_gatt_service_static_list_end = .

log_strings_sections
                0x0000000008051fb0        0x0
                0x0000000008051fb0                __log_strings_start = .
 *(SORT_BY_NAME(SORT_BY_ALIGNMENT(.log_strings*)))
                0x0000000008051fb0                __log_strings_end = .

log_const_sections
                0x0000000008051fb0        0x0
                0x0000000008051fb0                __log_const_start = .
 *(SORT_BY_NAME(SORT_BY_ALIGNMENT(.log_const_*)))
                0x0000000008051fb0                __log_const_end = .

log_backends_sections
                0x0000000008051fb0        0x0
                0x0000000008051fb0                __log_backends_start = .
 *(SORT_BY_ALIGNMENT(._log_backend.*))
                0x0000000008051fb0                __log_backends_end = .

tracing_backend_area
                0x0000000008051fb0        0x0
                0x0000000008051fb0                _tracing_backend_list_start = .
 *(SORT_BY_NAME(SORT_BY_ALIGNMENT(._tracing_backend.static.*)))
                0x0000000008051fb0                _tracing_backend_list_end = .

zephyr_dbg_info
 *(SORT_BY_ALIGNMENT(.dbg_thread_info))

shell_area      0x0000000008051fb0        0x0
                0x0000000008051fb0                _shell_list_start = .
 *(SORT_BY_NAME(SORT_BY_ALIGNMENT(._shell.static.*)))
                0x0000000008051fb0                _shell_list_end = .

shell_root_cmds_sections
                0x0000000008051fb0        0x0
                0x0000000008051fb0                __shell_root_cmds_start = .
 *(SORT_BY_NAME(SORT_BY_ALIGNMENT(.shell_root_cmd_*)))
                0x0000000008051fb0                __shell_root_cmds_end = .

shell_subcmds_sections
                0x0000000008051fb0        0x0
                0x0000000008051fb0                __shell_subcmds_start = .
 *(SORT_BY_NAME(SORT_BY_ALIGNMENT(.shell_subcmd_*)))
                0x0000000008051fb0                __shell_subcmds_end = .

shell_dynamic_subcmds_sections
                0x0000000008051fb0        0x0
                0x0000000008051fb0                __shell_dynamic_subcmds_start = .
 *(SORT_BY_NAME(SORT_BY_ALIGNMENT(.shell_dynamic_subcmd_*)))
                0x0000000008051fb0                __shell_dynamic_subcmds_end = .

font_entry_sections
                0x0000000008051fb0        0x0
                0x0000000008051fb0                __font_entry_start = .
 *(SORT_BY_NAME(SORT_BY_ALIGNMENT(._cfb_font.*)))
                0x0000000008051fb0                __font_entry_end = .

rodata

datas

device_states   0x0000000008051fb0        0x0
                0x0000000008051fb0                __device_states_start = .
 *(SORT_BY_ALIGNMENT(.z_devstate))
 *(SORT_BY_ALIGNMENT(.z_devstate.*))
                0x0000000008051fb0                __device_states_end = .

initshell       0x0000000008051fb0        0x0
                0x0000000008051fb0                __shell_module_start = .
 *(SORT_BY_ALIGNMENT(.shell_module_*))
                0x0000000008051fb0                __shell_module_end = .
                0x0000000008051fb0                __shell_cmd_start = .
 *(SORT_BY_ALIGNMENT(.shell_cmd_*))
                0x0000000008051fb0                __shell_cmd_end = .

log_dynamic_sections
                0x0000000008051fb0        0x0
                0x0000000008051fb0                __log_dynamic_start = .
 *(SORT_BY_NAME(SORT_BY_ALIGNMENT(.log_dynamic_*)))
                0x0000000008051fb0                __log_dynamic_end = .

_static_thread_data_area
                0x0000000008051fb0        0x0
                0x0000000008051fb0                __static_thread_data_list_start = .
 *(SORT_BY_NAME(SORT_BY_ALIGNMENT(.__static_thread_data.static.*)))
                0x0000000008051fb0                __static_thread_data_list_end = .

k_timer_area    0x0000000008051fb0        0x0
                0x0000000008051fb0                _k_timer_list_start = .
 *(SORT_BY_NAME(SORT_BY_ALIGNMENT(._k_timer.static.*)))
                0x0000000008051fb0                _k_timer_list_end = .

k_mem_slab_area
                0x0000000008051fb0        0x0
                0x0000000008051fb0                _k_mem_slab_list_start = .
 *(SORT_BY_NAME(SORT_BY_ALIGNMENT(._k_mem_slab.static.*)))
                0x0000000008051fb0                _k_mem_slab_list_end = .

k_mem_pool_area
                0x0000000008051fb0        0x0
                0x0000000008051fb0                _k_mem_pool_list_start = .
 *(SORT_BY_NAME(SORT_BY_ALIGNMENT(._k_mem_pool.static.*)))
                0x0000000008051fb0                _k_mem_pool_list_end = .

k_heap_area     0x0000000008051fb0        0x0
                0x0000000008051fb0                _k_heap_list_start = .
 *(SORT_BY_NAME(SORT_BY_ALIGNMENT(._k_heap.static.*)))
                0x0000000008051fb0                _k_heap_list_end = .

k_mutex_area    0x0000000008051fb0        0x0
                0x0000000008051fb0                _k_mutex_list_start = .
 *(SORT_BY_NAME(SORT_BY_ALIGNMENT(._k_mutex.static.*)))
                0x0000000008051fb0                _k_mutex_list_end = .

k_stack_area    0x0000000008051fb0        0x0
                0x0000000008051fb0                _k_stack_list_start = .
 *(SORT_BY_NAME(SORT_BY_ALIGNMENT(._k_stack.static.*)))
                0x0000000008051fb0                _k_stack_list_end = .

k_msgq_area     0x0000000008051fb0        0x0
                0x0000000008051fb0                _k_msgq_list_start = .
 *(SORT_BY_NAME(SORT_BY_ALIGNMENT(._k_msgq.static.*)))
                0x0000000008051fb0                _k_msgq_list_end = .

k_mbox_area     0x0000000008051fb0        0x0
                0x0000000008051fb0                _k_mbox_list_start = .
 *(SORT_BY_NAME(SORT_BY_ALIGNMENT(._k_mbox.static.*)))
                0x0000000008051fb0                _k_mbox_list_end = .

k_pipe_area     0x0000000008051fb0        0x0
                0x0000000008051fb0                _k_pipe_list_start = .
 *(SORT_BY_NAME(SORT_BY_ALIGNMENT(._k_pipe.static.*)))
                0x0000000008051fb0                _k_pipe_list_end = .

k_sem_area      0x0000000008051fb0        0x0
                0x0000000008051fb0                _k_sem_list_start = .
 *(SORT_BY_NAME(SORT_BY_ALIGNMENT(._k_sem.static.*)))
                0x0000000008051fb0                _k_sem_list_end = .

k_event_area    0x0000000008051fb0        0x0
                0x0000000008051fb0                _k_event_list_start = .
 *(SORT_BY_NAME(SORT_BY_ALIGNMENT(._k_event.static.*)))
                0x0000000008051fb0                _k_event_list_end = .

k_queue_area    0x0000000008051fb0        0x0
                0x0000000008051fb0                _k_queue_list_start = .
 *(SORT_BY_NAME(SORT_BY_ALIGNMENT(._k_queue.static.*)))
                0x0000000008051fb0                _k_queue_list_end = .

k_condvar_area  0x0000000008051fb0        0x0
                0x0000000008051fb0                _k_condvar_list_start = .
 *(SORT_BY_NAME(SORT_BY_ALIGNMENT(._k_condvar.static.*)))
                0x0000000008051fb0                _k_condvar_list_end = .

_net_buf_pool_area
                0x0000000008051fb0        0x0
                0x0000000008051fb0                _net_buf_pool_list = .
 *(SORT_BY_NAME(SORT_BY_ALIGNMENT(._net_buf_pool.static.*)))

native_pre_tasks
                0x0000000008051fb0        0x8
                0x0000000008051fb0                __native_tasks_start = .
                0x0000000008051fb0                __native_PRE_BOOT_1_tasks_start = .
 *(SORT_BY_NAME(SORT_BY_ALIGNMENT(.native_PRE_BOOT_1[0-9]_task)))
 .native_PRE_BOOT_11_task
                0x0000000008051fb0        0x4 zephyr/boards/posix/native_posix/libboards__posix__native_posix.a(timer_model.c.obj)
 *(SORT_BY_NAME(SORT_BY_ALIGNMENT(.native_PRE_BOOT_1[1-9][0-9]_task)))
 *(SORT_BY_NAME(SORT_BY_ALIGNMENT(.native_PRE_BOOT_1[1-9][0-9][0-9]_task)))
                0x0000000008051fb4                __native_PRE_BOOT_2_tasks_start = .
 *(SORT_BY_NAME(SORT_BY_ALIGNMENT(.native_PRE_BOOT_2[0-9]_task)))
 .native_PRE_BOOT_20_task
                0x0000000008051fb4        0x4 zephyr/boards/posix/native_posix/libboards__posix__native_posix.a(tracing.c.obj)
 *(SORT_BY_NAME(SORT_BY_ALIGNMENT(.native_PRE_BOOT_2[1-9][0-9]_task)))
 *(SORT_BY_NAME(SORT_BY_ALIGNMENT(.native_PRE_BOOT_2[1-9][0-9][0-9]_task)))
                0x0000000008051fb8                __native_PRE_BOOT_3_tasks_start = .
 *(SORT_BY_NAME(SORT_BY_ALIGNMENT(.native_PRE_BOOT_3[0-9]_task)))
 *(SORT_BY_NAME(SORT_BY_ALIGNMENT(.native_PRE_BOOT_3[1-9][0-9]_task)))
 *(SORT_BY_NAME(SORT_BY_ALIGNMENT(.native_PRE_BOOT_3[1-9][0-9][0-9]_task)))
                0x0000000008051fb8                __native_FIRST_SLEEP_tasks_start = .
 *(SORT_BY_NAME(SORT_BY_ALIGNMENT(.native_FIRST_SLEEP[0-9]_task)))
 *(SORT_BY_NAME(SORT_BY_ALIGNMENT(.native_FIRST_SLEEP[1-9][0-9]_task)))
 *(SORT_BY_NAME(SORT_BY_ALIGNMENT(.native_FIRST_SLEEP[1-9][0-9][0-9]_task)))
                0x0000000008051fb8                __native_ON_EXIT_tasks_start = .
 *(SORT_BY_NAME(SORT_BY_ALIGNMENT(.native_ON_EXIT[0-9]_task)))
 *(SORT_BY_NAME(SORT_BY_ALIGNMENT(.native_ON_EXIT[1-9][0-9]_task)))
 *(SORT_BY_NAME(SORT_BY_ALIGNMENT(.native_ON_EXIT[1-9][0-9][0-9]_task)))
                0x0000000008051fb8                __native_tasks_end = .
                0x0000000008051fb8                __data_region_end = .

noinit

.data1
 *(SORT_BY_ALIGNMENT(.data1))
                0x0000000008051fb8                _edata = .
                [!provide]                        PROVIDE (edata = .)
                0x0000000008051fb8                . = .
                0x0000000008051fb8                __bss_start = .

.bss            0x0000000008051fc0      0x4e8
 *(SORT_BY_ALIGNMENT(.dynbss))
 .dynbss        0x0000000008051fc0        0x8 /usr/lib/gcc/x86_64-linux-gnu/9/../../../../lib32/crt1.o
                0x0000000008051fc0                stderr@@GLIBC_2.0
                0x0000000008051fc4                stdout@@GLIBC_2.0
 *(SORT_BY_ALIGNMENT(.bss) SORT_BY_ALIGNMENT(.bss.*) SORT_BY_ALIGNMENT(.gnu.linkonce.b.*))
 *fill*         0x0000000008051fc8       0x18 
 .bss.cond_threads
                0x0000000008051fe0       0x30 zephyr/arch/arch/posix/core/libarch__posix__core.a(posix_core.c.obj)
 *fill*         0x0000000008052010       0x10 
 .bss.cond_cpu  0x0000000008052020       0x30 zephyr/soc/posix/inf_clock/libsoc__posix__inf_clock.a(soc.c.obj)
 *fill*         0x0000000008052050       0x10 
 .bss.args      0x0000000008052060       0x20 zephyr/boards/posix/native_posix/libboards__posix__native_posix.a(timer_model.c.obj)
 .bss.irq_vector_table
                0x0000000008052080      0x200 zephyr/boards/posix/native_posix/libboards__posix__native_posix.a(irq_handler.c.obj)
 .bss.irq_prio  0x0000000008052280       0x20 zephyr/boards/posix/native_posix/libboards__posix__native_posix.a(irq_ctrl.c.obj)
 .bss.z_idle_threads
                0x00000000080522a0       0x50 zephyr/kernel/libkernel.a(init.c.obj)
                0x00000000080522a0                z_idle_threads
 *fill*         0x00000000080522f0       0x10 
 .bss.z_main_thread
                0x0000000008052300       0x50 zephyr/kernel/libkernel.a(init.c.obj)
                0x0000000008052300                z_main_thread
 *fill*         0x0000000008052350       0x10 
 .bss._kernel   0x0000000008052360       0x24 zephyr/kernel/libkernel.a(init.c.obj)
                0x0000000008052360                _kernel
 *fill*         0x0000000008052384        0x4 
 .bss.next_timer_time
                0x0000000008052388        0x8 zephyr/boards/posix/native_posix/libboards__posix__native_posix.a(hw_models_top.c.obj)
 .bss.simu_time
                0x0000000008052390        0x8 zephyr/boards/posix/native_posix/libboards__posix__native_posix.a(hw_models_top.c.obj)
 .bss.last_radj_stime
                0x0000000008052398        0x8 zephyr/boards/posix/native_posix/libboards__posix__native_posix.a(timer_model.c.obj)
 .bss.last_radj_rtime
                0x00000000080523a0        0x8 zephyr/boards/posix/native_posix/libboards__posix__native_posix.a(timer_model.c.obj)
 .bss.rtc_offset
                0x00000000080523a8        0x8 zephyr/boards/posix/native_posix/libboards__posix__native_posix.a(timer_model.c.obj)
 .bss.silent_ticks
                0x00000000080523b0        0x8 zephyr/boards/posix/native_posix/libboards__posix__native_posix.a(timer_model.c.obj)
 .bss.tick_p    0x00000000080523b8        0x8 zephyr/boards/posix/native_posix/libboards__posix__native_posix.a(timer_model.c.obj)
 .bss.hw_timer_awake_timer
                0x00000000080523c0        0x8 zephyr/boards/posix/native_posix/libboards__posix__native_posix.a(timer_model.c.obj)
                0x00000000080523c0                hw_timer_awake_timer
 .bss.hw_timer_tick_timer
                0x00000000080523c8        0x8 zephyr/boards/posix/native_posix/libboards__posix__native_posix.a(timer_model.c.obj)
                0x00000000080523c8                hw_timer_tick_timer
 .bss.hw_timer_timer
                0x00000000080523d0        0x8 zephyr/boards/posix/native_posix/libboards__posix__native_posix.a(timer_model.c.obj)
                0x00000000080523d0                hw_timer_timer
 .bss.irq_mask  0x00000000080523d8        0x8 zephyr/boards/posix/native_posix/libboards__posix__native_posix.a(irq_ctrl.c.obj)
 .bss.irq_premask
                0x00000000080523e0        0x8 zephyr/boards/posix/native_posix/libboards__posix__native_posix.a(irq_ctrl.c.obj)
 .bss.irq_status
                0x00000000080523e8        0x8 zephyr/boards/posix/native_posix/libboards__posix__native_posix.a(irq_ctrl.c.obj)
 .bss.counter_period
                0x00000000080523f0        0x8 zephyr/boards/posix/native_posix/libboards__posix__native_posix.a(hw_counter.c.obj)
 .bss.counter_target
                0x00000000080523f8        0x8 zephyr/boards/posix/native_posix/libboards__posix__native_posix.a(hw_counter.c.obj)
 .bss.counter_value
                0x0000000008052400        0x8 zephyr/boards/posix/native_posix/libboards__posix__native_posix.a(hw_counter.c.obj)
 .bss.hw_counter_timer
                0x0000000008052408        0x8 zephyr/boards/posix/native_posix/libboards__posix__native_posix.a(hw_counter.c.obj)
                0x0000000008052408                hw_counter_timer
 .bss.last_tick_time
                0x0000000008052410        0x8 zephyr/drivers/timer/libdrivers__timer.a(native_posix_timer.c.obj)
 .bss.tick_period
                0x0000000008052418        0x8 zephyr/drivers/timer/libdrivers__timer.a(native_posix_timer.c.obj)
 .bss.curr_tick
                0x0000000008052420        0x8 zephyr/kernel/libkernel.a(timeout.c.obj)
 .bss.currently_allowed_thread
                0x0000000008052428        0x4 zephyr/arch/arch/posix/core/libarch__posix__core.a(posix_core.c.obj)
 .bss.mtx_threads
                0x000000000805242c       0x18 zephyr/arch/arch/posix/core/libarch__posix__core.a(posix_core.c.obj)
 .bss.thread_create_count
                0x0000000008052444        0x4 zephyr/arch/arch/posix/core/libarch__posix__core.a(posix_core.c.obj)
 .bss.threads_table
                0x0000000008052448        0x4 zephyr/arch/arch/posix/core/libarch__posix__core.a(posix_core.c.obj)
 .bss.threads_table_size
                0x000000000805244c        0x4 zephyr/arch/arch/posix/core/libarch__posix__core.a(posix_core.c.obj)
 .bss.mtx_cpu   0x0000000008052450       0x18 zephyr/soc/posix/inf_clock/libsoc__posix__inf_clock.a(soc.c.obj)
 .bss.signaled_end
                0x0000000008052468        0x4 zephyr/boards/posix/native_posix/libboards__posix__native_posix.a(hw_models_top.c.obj)
 .bss.may_swap.5030
                0x000000000805246c        0x4 zephyr/boards/posix/native_posix/libboards__posix__native_posix.a(irq_handler.c.obj)
 .bss.max_exit_code.2025
                0x0000000008052470        0x4 zephyr/boards/posix/native_posix/libboards__posix__native_posix.a(main.c.obj)
 .bss.args_aval
                0x0000000008052474        0x4 zephyr/boards/posix/native_posix/libboards__posix__native_posix.a(cmdline.c.obj)
 .bss.used_args
                0x0000000008052478        0x4 zephyr/boards/posix/native_posix/libboards__posix__native_posix.a(cmdline.c.obj)
 .bss.args_struct
                0x000000000805247c        0x4 zephyr/boards/posix/native_posix/libboards__posix__native_posix.a(cmdline.c.obj)
 .bss.test_argv
                0x0000000008052480        0x4 zephyr/boards/posix/native_posix/libboards__posix__native_posix.a(cmdline.c.obj)
 .bss.s_argv    0x0000000008052484        0x4 zephyr/boards/posix/native_posix/libboards__posix__native_posix.a(cmdline.c.obj)
 .bss.test_argc
                0x0000000008052488        0x4 zephyr/boards/posix/native_posix/libboards__posix__native_posix.a(cmdline.c.obj)
 .bss.s_argc    0x000000000805248c        0x4 zephyr/boards/posix/native_posix/libboards__posix__native_posix.a(cmdline.c.obj)
 .bss.slice_max_prio
                0x0000000008052490        0x4 zephyr/kernel/libkernel.a(sched.c.obj)
 .bss.slice_ticks
                0x0000000008052494        0x4 zephyr/kernel/libkernel.a(sched.c.obj)
 .bss.announce_remaining
                0x0000000008052498        0x4 zephyr/kernel/libkernel.a(timeout.c.obj)
 .bss           0x000000000805249c        0x1 /usr/lib/gcc/x86_64-linux-gnu/9/32/crtbegin.o
 .bss.terminate
                0x000000000805249d        0x1 zephyr/arch/arch/posix/core/libarch__posix__core.a(posix_core.c.obj)
 .bss.soc_terminate
                0x000000000805249e        0x1 zephyr/soc/posix/inf_clock/libsoc__posix__inf_clock.a(soc.c.obj)
 .bss.reset_rtc
                0x000000000805249f        0x1 zephyr/boards/posix/native_posix/libboards__posix__native_posix.a(timer_model.c.obj)
 .bss.lock_ignore
                0x00000000080524a0        0x1 zephyr/boards/posix/native_posix/libboards__posix__native_posix.a(irq_ctrl.c.obj)
 .bss.irqs_locked
                0x00000000080524a1        0x1 zephyr/boards/posix/native_posix/libboards__posix__native_posix.a(irq_ctrl.c.obj)
 .bss.counter_running
                0x00000000080524a2        0x1 zephyr/boards/posix/native_posix/libboards__posix__native_posix.a(hw_counter.c.obj)
 .bss.z_sys_post_kernel
                0x00000000080524a3        0x1 zephyr/kernel/libkernel.a(init.c.obj)
                0x00000000080524a3                z_sys_post_kernel
 .bss.sched_spinlock
                0x00000000080524a4        0x1 zephyr/kernel/libkernel.a(sched.c.obj)
                0x00000000080524a4                sched_spinlock
 *(SORT_BY_ALIGNMENT(COMMON))
                0x00000000080524a8                . = ALIGN ((. != 0x0)?0x4:0x1)
 *fill*         0x00000000080524a5        0x3 
                0x00000000080524a8                . = ALIGN (0x4)
                0x00000000080524a8                . = SEGMENT_START ("ldata-segment", .)
                0x00000000080524a8                . = ALIGN (0x4)
                0x00000000080524a8                _end = .
                [!provide]                        PROVIDE (end = .)
                0x00000000080524a8                . = DATA_SEGMENT_END (.)

.stab
 *(SORT_BY_ALIGNMENT(.stab))

.stabstr
 *(SORT_BY_ALIGNMENT(.stabstr))

.stab.excl
 *(SORT_BY_ALIGNMENT(.stab.excl))

.stab.exclstr
 *(SORT_BY_ALIGNMENT(.stab.exclstr))

.stab.index
 *(SORT_BY_ALIGNMENT(.stab.index))

.stab.indexstr
 *(SORT_BY_ALIGNMENT(.stab.indexstr))

.comment        0x0000000000000000       0x2b
 *(SORT_BY_ALIGNMENT(.comment))
 .comment       0x0000000000000000       0x2b /usr/lib/gcc/x86_64-linux-gnu/9/32/crtbegin.o
                                         0x2c (size before relaxing)
 .comment       0x000000000000002b       0x2c zephyr/CMakeFiles/offsets.dir/./arch/posix/core/offsets/offsets.c.obj
 .comment       0x000000000000002b       0x2c app/libapp.a(main.cpp.obj)
 .comment       0x000000000000002b       0x2c app/libapp.a(math.cpp.obj)
 .comment       0x000000000000002b       0x2c zephyr/libzephyr.a(printk.c.obj)
 .comment       0x000000000000002b       0x2c zephyr/libzephyr.a(thread_entry.c.obj)
 .comment       0x000000000000002b       0x2c zephyr/libzephyr.a(cbprintf_complete.c.obj)
 .comment       0x000000000000002b       0x2c zephyr/libzephyr.a(configs.c.obj)
 .comment       0x000000000000002b       0x2c zephyr/libzephyr.a(cpp_dtors.c.obj)
 .comment       0x000000000000002b       0x2c zephyr/libzephyr.a(tracing_none.c.obj)
 .comment       0x000000000000002b       0x2c zephyr/arch/arch/posix/core/libarch__posix__core.a(cpuhalt.c.obj)
 .comment       0x000000000000002b       0x2c zephyr/arch/arch/posix/core/libarch__posix__core.a(irq.c.obj)
 .comment       0x000000000000002b       0x2c zephyr/arch/arch/posix/core/libarch__posix__core.a(posix_core.c.obj)
 .comment       0x000000000000002b       0x2c zephyr/arch/arch/posix/core/libarch__posix__core.a(swap.c.obj)
 .comment       0x000000000000002b       0x2c zephyr/arch/arch/posix/core/libarch__posix__core.a(thread.c.obj)
 .comment       0x000000000000002b       0x2c zephyr/soc/posix/inf_clock/libsoc__posix__inf_clock.a(soc.c.obj)
 .comment       0x000000000000002b       0x2c zephyr/boards/posix/native_posix/libboards__posix__native_posix.a(hw_models_top.c.obj)
 .comment       0x000000000000002b       0x2c zephyr/boards/posix/native_posix/libboards__posix__native_posix.a(timer_model.c.obj)
 .comment       0x000000000000002b       0x2c zephyr/boards/posix/native_posix/libboards__posix__native_posix.a(irq_handler.c.obj)
 .comment       0x000000000000002b       0x2c zephyr/boards/posix/native_posix/libboards__posix__native_posix.a(irq_ctrl.c.obj)
 .comment       0x000000000000002b       0x2c zephyr/boards/posix/native_posix/libboards__posix__native_posix.a(main.c.obj)
 .comment       0x000000000000002b       0x2c zephyr/boards/posix/native_posix/libboards__posix__native_posix.a(tracing.c.obj)
 .comment       0x000000000000002b       0x2c zephyr/boards/posix/native_posix/libboards__posix__native_posix.a(cmdline_common.c.obj)
 .comment       0x000000000000002b       0x2c zephyr/boards/posix/native_posix/libboards__posix__native_posix.a(cmdline.c.obj)
 .comment       0x000000000000002b       0x2c zephyr/boards/posix/native_posix/libboards__posix__native_posix.a(hw_counter.c.obj)
 .comment       0x000000000000002b       0x2c zephyr/drivers/console/libdrivers__console.a(native_posix_console.c.obj)
 .comment       0x000000000000002b       0x2c zephyr/drivers/timer/libdrivers__timer.a(native_posix_timer.c.obj)
 .comment       0x000000000000002b       0x2c zephyr/kernel/libkernel.a(init.c.obj)
 .comment       0x000000000000002b       0x2c zephyr/kernel/libkernel.a(thread.c.obj)
 .comment       0x000000000000002b       0x2c zephyr/kernel/libkernel.a(idle.c.obj)
 .comment       0x000000000000002b       0x2c zephyr/kernel/libkernel.a(sched.c.obj)
 .comment       0x000000000000002b       0x2c zephyr/kernel/libkernel.a(timeout.c.obj)
 .comment       0x000000000000002b       0x2c zephyr/kernel/libkernel.a(banner.c.obj)
 .comment       0x000000000000002b       0x2c zephyr/kernel/libkernel.a(device.c.obj)
 .comment       0x000000000000002b       0x2c /usr/lib/gcc/x86_64-linux-gnu/9/32/crtend.o

.gnu.build.attributes
 *(SORT_BY_ALIGNMENT(.gnu.build.attributes) SORT_BY_ALIGNMENT(.gnu.build.attributes.*))

.debug
 *(SORT_BY_ALIGNMENT(.debug))

.line
 *(SORT_BY_ALIGNMENT(.line))

.debug_srcinfo
 *(SORT_BY_ALIGNMENT(.debug_srcinfo))

.debug_sfnames
 *(SORT_BY_ALIGNMENT(.debug_sfnames))

.debug_aranges  0x0000000000000000      0xbd0
 *(SORT_BY_ALIGNMENT(.debug_aranges))
 .debug_aranges
                0x0000000000000000       0x20 zephyr/CMakeFiles/offsets.dir/./arch/posix/core/offsets/offsets.c.obj
 .debug_aranges
                0x0000000000000020       0x20 app/libapp.a(main.cpp.obj)
 .debug_aranges
                0x0000000000000040       0x50 app/libapp.a(math.cpp.obj)
 .debug_aranges
                0x0000000000000090       0x68 zephyr/libzephyr.a(printk.c.obj)
 .debug_aranges
                0x00000000000000f8       0x20 zephyr/libzephyr.a(thread_entry.c.obj)
 .debug_aranges
                0x0000000000000118       0x38 zephyr/libzephyr.a(cbprintf_complete.c.obj)
 .debug_aranges
                0x0000000000000150       0x20 zephyr/libzephyr.a(configs.c.obj)
 .debug_aranges
                0x0000000000000170       0x20 zephyr/libzephyr.a(cpp_dtors.c.obj)
 .debug_aranges
                0x0000000000000190       0x20 zephyr/libzephyr.a(tracing_none.c.obj)
 .debug_aranges
                0x00000000000001b0       0x28 zephyr/arch/arch/posix/core/libarch__posix__core.a(cpuhalt.c.obj)
 .debug_aranges
                0x00000000000001d8       0x30 zephyr/arch/arch/posix/core/libarch__posix__core.a(irq.c.obj)
 .debug_aranges
                0x0000000000000208       0x80 zephyr/arch/arch/posix/core/libarch__posix__core.a(posix_core.c.obj)
 .debug_aranges
                0x0000000000000288       0x28 zephyr/arch/arch/posix/core/libarch__posix__core.a(swap.c.obj)
 .debug_aranges
                0x00000000000002b0       0x28 zephyr/arch/arch/posix/core/libarch__posix__core.a(thread.c.obj)
 .debug_aranges
                0x00000000000002d8       0x68 zephyr/soc/posix/inf_clock/libsoc__posix__inf_clock.a(soc.c.obj)
 .debug_aranges
                0x0000000000000340       0x58 zephyr/boards/posix/native_posix/libboards__posix__native_posix.a(hw_models_top.c.obj)
 .debug_aranges
                0x0000000000000398       0xe0 zephyr/boards/posix/native_posix/libboards__posix__native_posix.a(timer_model.c.obj)
 .debug_aranges
                0x0000000000000478       0x80 zephyr/boards/posix/native_posix/libboards__posix__native_posix.a(irq_handler.c.obj)
 .debug_aranges
                0x00000000000004f8       0xd0 zephyr/boards/posix/native_posix/libboards__posix__native_posix.a(irq_ctrl.c.obj)
 .debug_aranges
                0x00000000000005c8       0x28 zephyr/boards/posix/native_posix/libboards__posix__native_posix.a(main.c.obj)
 .debug_aranges